Component: ARM Compiler 5.06 update 4 (build 422) Tool: armlink [4d35d2]

==============================================================================

Section Cross References

    keypad.o(i.Clear_Line) refers to tft.o(i.TFT_set_window) for TFT_set_window
    keypad.o(i.Clear_Line) refers to tft.o(i.TFT_cls) for TFT_cls
    keypad.o(i.Display_value) refers to _printf_percent.o(.ARM.Collect$$_printf_percent$$00000000) for _printf_percent
    keypad.o(i.Display_value) refers to _printf_d.o(.ARM.Collect$$_printf_percent$$00000009) for _printf_d
    keypad.o(i.Display_value) refers to _printf_dec.o(.text) for _printf_int_dec
    keypad.o(i.Display_value) refers to tft.o(i.TFT_set_window) for TFT_set_window
    keypad.o(i.Display_value) refers to noretval__2snprintf.o(.text) for __2snprintf
    keypad.o(i.Display_value) refers to tft.o(i.TFT_cls) for TFT_cls
    keypad.o(i.Display_value) refers to tft.o(i.TFT_putc) for TFT_putc
    keypad.o(i.Get_Touch_Pad_Input) refers to _printf_pad.o(.text) for _printf_pre_padding
    keypad.o(i.Get_Touch_Pad_Input) refers to _printf_percent.o(.ARM.Collect$$_printf_percent$$00000000) for _printf_percent
    keypad.o(i.Get_Touch_Pad_Input) refers to _printf_x.o(.ARM.Collect$$_printf_percent$$0000000C) for _printf_x
    keypad.o(i.Get_Touch_Pad_Input) refers to _printf_hex_int.o(.text) for _printf_longlong_hex
    keypad.o(i.Get_Touch_Pad_Input) refers to tft.o(i.TFT_get_data) for TFT_get_data
    keypad.o(i.Get_Touch_Pad_Input) refers to noretval__2printf.o(.text) for __2printf
    keypad.o(i.Make_Touch_Pad) refers to tft.o(i.TFT_Init) for TFT_Init
    keypad.o(i.Make_Touch_Pad) refers to tft.o(i.TFT_cursor_off) for TFT_cursor_off
    keypad.o(i.Make_Touch_Pad) refers to tft.o(i.TFT_graphic_cls) for TFT_graphic_cls
    keypad.o(i.Make_Touch_Pad) refers to tft.o(i.TFT_touch_area_clear) for TFT_touch_area_clear
    keypad.o(i.Make_Touch_Pad) refers to tft.o(i.TFT_set_font_color) for TFT_set_font_color
    keypad.o(i.Make_Touch_Pad) refers to tft.o(i.TFT_set_window) for TFT_set_window
    keypad.o(i.Make_Touch_Pad) refers to tft.o(i.TFT_terminal_on) for TFT_terminal_on
    keypad.o(i.Make_Touch_Pad) refers to tft.o(i.TFT_touch_area_font_color) for TFT_touch_area_font_color
    keypad.o(i.Make_Touch_Pad) refers to tft.o(i.TFT_touch_area_font) for TFT_touch_area_font
    keypad.o(i.Make_Touch_Pad) refers to tft.o(i.TFT_touch_area_frame) for TFT_touch_area_frame
    keypad.o(i.Make_Touch_Pad) refers to tft.o(i.TFT_touch_area_color) for TFT_touch_area_color
    keypad.o(i.Make_Touch_Pad) refers to tft.o(i.TFT_touch_area) for TFT_touch_area
    tft.o(i.TFT_Init) refers to tft.o(i.TFT_terminal_on) for TFT_terminal_on
    tft.o(i.TFT_Init) refers to tft.o(i.TFT_cls) for TFT_cls
    tft.o(i.TFT_Init) refers to tft.o(i.TFT_touch_key_feedback) for TFT_touch_key_feedback
    tft.o(i.TFT_bargraph_color) refers to tft.o(i.TFT_send_data) for TFT_send_data
    tft.o(i.TFT_bargraph_define) refers to tft.o(i.TFT_send_data) for TFT_send_data
    tft.o(i.TFT_bargraph_fill_pattern) refers to tft.o(i.TFT_send_data) for TFT_send_data
    tft.o(i.TFT_bargraph_frame) refers to tft.o(i.TFT_send_data) for TFT_send_data
    tft.o(i.TFT_bargraph_value) refers to tft.o(i.TFT_send_data) for TFT_send_data
    tft.o(i.TFT_bigString) refers to tft.o(i.TFT_set_font) for TFT_set_font
    tft.o(i.TFT_bigString) refers to tft.o(i.TFT_send_data) for TFT_send_data
    tft.o(i.TFT_bigText) refers to tft.o(i.TFT_set_font) for TFT_set_font
    tft.o(i.TFT_bigText) refers to tft.o(i.TFT_send_data) for TFT_send_data
    tft.o(i.TFT_buzzer_off) refers to tft.o(i.TFT_send_data) for TFT_send_data
    tft.o(i.TFT_buzzer_on) refers to tft.o(i.TFT_send_data) for TFT_send_data
    tft.o(i.TFT_carriage_return) refers to tft.o(i.TFT_putc) for TFT_putc
    tft.o(i.TFT_cls) refers to tft.o(i.TFT_putc) for TFT_putc
    tft.o(i.TFT_cursor_off) refers to tft.o(i.TFT_send_data) for TFT_send_data
    tft.o(i.TFT_cursor_on) refers to tft.o(i.TFT_send_data) for TFT_send_data
    tft.o(i.TFT_draw_line) refers to tft.o(i.TFT_send_data) for TFT_send_data
    tft.o(i.TFT_draw_rectangle) refers to tft.o(i.TFT_send_data) for TFT_send_data
    tft.o(i.TFT_gotoxy) refers to tft.o(i.TFT_send_data) for TFT_send_data
    tft.o(i.TFT_graphic_cls) refers to tft.o(i.TFT_send_data) for TFT_send_data
    tft.o(i.TFT_graphic_puts) refers to tft.o(i.TFT_send_data) for TFT_send_data
    tft.o(i.TFT_graphic_puts_area) refers to tft.o(i.TFT_send_data) for TFT_send_data
    tft.o(i.TFT_graphic_set_point) refers to tft.o(i.TFT_send_data) for TFT_send_data
    tft.o(i.TFT_line_color) refers to tft.o(i.TFT_send_data) for TFT_send_data
    tft.o(i.TFT_newline) refers to tft.o(i.TFT_putc) for TFT_putc
    tft.o(i.TFT_putc) refers to tft.o(i.TFT_send_data) for TFT_send_data
    tft.o(i.TFT_puts) refers to strlen.o(.text) for strlen
[...]
    __rtentry.o(.ARM.Collect$$rtentry$$00000000) refers (Special) to __rtentry2.o(.ARM.Collect$$rtentry$$0000000C) for __rt_entry_postli_1
    __rtentry.o(.ARM.Collect$$rtentry$$00000000) refers (Special) to __rtentry2.o(.ARM.Collect$$rtentry$$00000009) for __rt_entry_postsh_1
    __rtentry.o(.ARM.Collect$$rtentry$$00000000) refers (Special) to __rtentry2.o(.ARM.Collect$$rtentry$$00000002) for __rt_entry_presh_1
    __rtentry.o(.ARM.Collect$$rtentry$$00000000) refers (Special) to __rtentry4.o(.ARM.Collect$$rtentry$$00000004) for __rt_entry_sh
    _printf_intcommon.o(.text) refers (Weak) to _printf_pad.o(.text) for _printf_pre_padding
    _printf_intcommon.o(.text) refers (Weak) to _printf_pad.o(.text) for _printf_pre_padding
    _printf_intcommon.o(.text) refers (Weak) to _printf_pad.o(.text) for _printf_post_padding
    _printf_fp_dec.o(.text) refers (Special) to usenofp.o(x$fpl$usenofp) for __I$use$fp
    _printf_fp_dec.o(.text) refers (Special) to lc_numeric_c.o(locale$$code) for _get_lc_numeric
    _printf_fp_dec.o(.text) refers to bigflt0.o(.text) for _btod_etento
    _printf_fp_dec.o(.text) refers to btod.o(CL$$btod_d2e) for _btod_d2e
    _printf_fp_dec.o(.text) refers to btod.o(CL$$btod_ediv) for _btod_ediv
    _printf_fp_dec.o(.text) refers to btod.o(CL$$btod_emul) for _btod_emul
    _printf_fp_dec.o(.text) refers to lludiv10.o(.text) for _ll_udiv10
    _printf_fp_dec.o(.text) refers to fpclassify.o(i.__ARM_fpclassify) for __ARM_fpclassify
    _printf_fp_dec.o(.text) refers to _printf_fp_infnan.o(.text) for _printf_fp_infnan
    _printf_fp_dec.o(.text) refers (Weak) to _printf_pad.o(.text) for _printf_pre_padding
    _printf_fp_dec.o(.text) refers (Weak) to _printf_pad.o(.text) for _printf_pre_padding
    _printf_fp_dec.o(.text) refers to rt_locale_intlibspace.o(.text) for __rt_locale
    _printf_fp_dec.o(.text) refers (Weak) to _printf_pad.o(.text) for _printf_post_padding
    _printf_char_common.o(.text) refers to __printf_flags_wp.o(.text) for __printf
    _printf_char_file.o(.text) refers to _printf_char_common.o(.text) for _printf_char_common
    _printf_char_file.o(.text) refers to retarget.o(i.ferror) for ferror
    _printf_char_file.o(.text) refers to retarget.o(i.fputc) for fputc
    dnaninf.o(x$fpl$dnaninf) refers (Special) to usenofp.o(x$fpl$usenofp) for __I$use$fp
    dretinf.o(x$fpl$dretinf) refers (Special) to usenofp.o(x$fpl$usenofp) for __I$use$fp
    __rtentry2.o(.ARM.Collect$$rtentry$$00000008) refers to boardinit2.o(.text) for _platform_post_stackheap_init
    __rtentry2.o(.ARM.Collect$$rtentry$$0000000A) refers to libinit.o(.ARM.Collect$$libinit$$00000000) for __rt_lib_init
    __rtentry2.o(.ARM.Collect$$rtentry$$0000000B) refers to boardinit3.o(.text) for _platform_post_lib_init
    __rtentry2.o(.ARM.Collect$$rtentry$$0000000D) refers to main.o(i.main) for main
    __rtentry2.o(.ARM.Collect$$rtentry$$0000000D) refers to exit.o(.text) for exit
    __rtentry2.o(.ARM.exidx) refers to __rtentry2.o(.ARM.Collect$$rtentry$$00000001) for .ARM.Collect$$rtentry$$00000001
    __rtentry2.o(.ARM.exidx) refers to __rtentry2.o(.ARM.Collect$$rtentry$$00000008) for .ARM.Collect$$rtentry$$00000008
    __rtentry2.o(.ARM.exidx) refers to __rtentry2.o(.ARM.Collect$$rtentry$$0000000A) for .ARM.Collect$$rtentry$$0000000A
    __rtentry2.o(.ARM.exidx) refers to __rtentry2.o(.ARM.Collect$$rtentry$$0000000B) for .ARM.Collect$$rtentry$$0000000B
    __rtentry2.o(.ARM.exidx) refers to __rtentry2.o(.ARM.Collect$$rtentry$$0000000D) for .ARM.Collect$$rtentry$$0000000D
    __rtentry4.o(.ARM.Collect$$rtentry$$00000004) refers to sys_stackheap_outer.o(.text) for __user_setup_stackheap
    __rtentry4.o(.ARM.exidx) refers to __rtentry4.o(.ARM.Collect$$rtentry$$00000004) for .ARM.Collect$$rtentry$$00000004
    rt_locale.o(.text) refers to rt_locale.o(.bss) for __rt_locale_data
    rt_locale_intlibspace.o(.text) refers to libspace.o(.bss) for __libspace_start
    _printf_fp_infnan.o(.text) refers (Weak) to _printf_pad.o(.text) for _printf_pre_padding
    _printf_fp_infnan.o(.text) refers (Weak) to _printf_pad.o(.text) for _printf_post_padding
    bigflt0.o(.text) refers (Special) to usenofp.o(x$fpl$usenofp) for __I$use$fp
    bigflt0.o(.text) refers to btod.o(CL$$btod_emul) for _btod_emul
    bigflt0.o(.text) refers to btod.o(CL$$btod_ediv) for _btod_ediv
    bigflt0.o(.text) refers to bigflt0.o(.constdata) for .constdata
    bigflt0.o(.constdata) refers (Special) to usenofp.o(x$fpl$usenofp) for __I$use$fp
    btod.o(CL$$btod_d2e) refers (Special) to usenofp.o(x$fpl$usenofp) for __I$use$fp
    btod.o(CL$$btod_d2e) refers to btod.o(CL$$btod_d2e_norm_op1) for _d2e_norm_op1
    btod.o(CL$$btod_d2e_norm_op1) refers (Special) to usenofp.o(x$fpl$usenofp) for __I$use$fp
    btod.o(CL$$btod_d2e_norm_op1) refers to btod.o(CL$$btod_d2e_denorm_low) for _d2e_denorm_low
    btod.o(CL$$btod_d2e_denorm_low) refers (Special) to usenofp.o(x$fpl$usenofp) for __I$use$fp
    btod.o(CL$$btod_emul) refers (Special) to usenofp.o(x$fpl$usenofp) for __I$use$fp
    btod.o(CL$$btod_emul) refers to btod.o(CL$$btod_mult_common) for __btod_mult_common
    btod.o(CL$$btod_emul) refers to btod.o(CL$$btod_e2e) for _e2e
    btod.o(CL$$btod_ediv) refers (Special) to usenofp.o(x$fpl$usenofp) for __I$use$fp
    btod.o(CL$$btod_ediv) refers to btod.o(CL$$btod_div_common) for __btod_div_common
    btod.o(CL$$btod_ediv) refers to btod.o(CL$$btod_e2e) for _e2e
    btod.o(CL$$btod_emuld) refers (Special) to usenofp.o(x$fpl$usenofp) for __I$use$fp
    btod.o(CL$$btod_emuld) refers to btod.o(CL$$btod_mult_common) for __btod_mult_common
    btod.o(CL$$btod_emuld) refers to btod.o(CL$$btod_e2d) for _e2d
    btod.o(CL$$btod_edivd) refers (Special) to usenofp.o(x$fpl$usenofp) for __I$use$fp
    btod.o(CL$$btod_edivd) refers to btod.o(CL$$btod_div_common) for __btod_div_common
    btod.o(CL$$btod_edivd) refers to btod.o(CL$$btod_e2d) for _e2d
    btod.o(CL$$btod_e2e) refers (Special) to usenofp.o(x$fpl$usenofp) for __I$use$fp
    btod.o(CL$$btod_e2d) refers (Special) to usenofp.o(x$fpl$usenofp) for __I$use$fp
    btod.o(CL$$btod_e2d) refers to btod.o(CL$$btod_e2e) for _e2e
    btod.o(CL$$btod_mult_common) refers (Special) to usenofp.o(x$fpl$usenofp) for __I$use$fp
    btod.o(CL$$btod_div_common) refers (Special) to usenofp.o(x$fpl$usenofp) for __I$use$fp
    lc_numeric_c.o(locale$$data) refers (Special) to libinit2.o(.ARM.Collect$$libinit$$00000016) for __rt_lib_init_lc_numeric_2
    lc_numeric_c.o(locale$$code) refers (Special) to libinit2.o(.ARM.Collect$$libinit$$00000016) for __rt_lib_init_lc_numeric_2
    lc_numeric_c.o(locale$$code) refers to strcmpv7m.o(.text) for strcmp
    lc_numeric_c.o(locale$$code) refers to lc_numeric_c.o(locale$$data) for __lcnum_c_name
    istatus.o(x$fpl$ieeestatus) refers (Special) to usenofp.o(x$fpl$usenofp) for __I$use$fp
    fpclassify.o(i.__ARM_fpclassify) refers (Special) to usenofp.o(x$fpl$usenofp) for __I$use$fp
    libspace.o(.text) refers to libspace.o(.bss) for __libspace_start
    sys_stackheap_outer.o(.text) refers to libspace.o(.text) for __user_perproc_libspace
    sys_stackheap_outer.o(.text) refers to startup_stm32f10x_md.o(.text) for __user_initial_stackheap
    exit.o(.text) refers to rtexit.o(.ARM.Collect$$rtexit$$00000000) for __rt_exit
    libinit.o(.ARM.Collect$$libinit$$00000000) refers (Special) to libinit2.o(.ARM.Collect$$libinit$$0000002E) for __rt_lib_init_alloca_1
    libinit.o(.ARM.Collect$$libinit$$00000000) refers (Special) to libinit2.o(.ARM.Collect$$libinit$$0000002C) for __rt_lib_init_argv_1
    libinit.o(.ARM.Collect$$libinit$$00000000) refers (Special) to libinit2.o(.ARM.Collect$$libinit$$0000001B) for __rt_lib_init_atexit_1
    libinit.o(.ARM.Collect$$libinit$$00000000) refers (Special) to libinit2.o(.ARM.Collect$$libinit$$00000021) for __rt_lib_init_clock_1
    libinit.o(.ARM.Collect$$libinit$$00000000) refers (Special) to libinit2.o(.ARM.Collect$$libinit$$00000032) for __rt_lib_init_cpp_1
    libinit.o(.ARM.Collect$$libinit$$00000000) refers (Special) to libinit2.o(.ARM.Collect$$libinit$$00000030) for __rt_lib_init_exceptions_1
    libinit.o(.ARM.Collect$$libinit$$00000000) refers (Special) to libinit2.o(.ARM.Collect$$libinit$$00000002) for __rt_lib_init_fp_1
    libinit.o(.ARM.Collect$$libinit$$00000000) refers (Special) to libinit2.o(.ARM.Collect$$libinit$$0000001F) for __rt_lib_init_fp_trap_1
    libinit.o(.ARM.Collect$$libinit$$00000000) refers (Special) to libinit2.o(.ARM.Collect$$libinit$$00000023) for __rt_lib_init_getenv_1
    libinit.o(.ARM.Collect$$libinit$$00000000) refers (Special) to libinit2.o(.ARM.Collect$$libinit$$0000000A) for __rt_lib_init_heap_1
    libinit.o(.ARM.Collect$$libinit$$00000000) refers (Special) to libinit2.o(.ARM.Collect$$libinit$$00000011) for __rt_lib_init_lc_collate_1
    libinit.o(.ARM.Collect$$libinit$$00000000) refers (Special) to libinit2.o(.ARM.Collect$$libinit$$00000013) for __rt_lib_init_lc_ctype_1
    libinit.o(.ARM.Collect$$libinit$$00000000) refers (Special) to libinit2.o(.ARM.Collect$$libinit$$00000015) for __rt_lib_init_lc_monetary_1
    libinit.o(.ARM.Collect$$libinit$$00000000) refers (Special) to libinit2.o(.ARM.Collect$$libinit$$00000017) for __rt_lib_init_lc_numeric_1
    libinit.o(.ARM.Collect$$libinit$$00000000) refers (Special) to libinit2.o(.ARM.Collect$$libinit$$00000019) for __rt_lib_init_lc_time_1
    libinit.o(.ARM.Collect$$libinit$$00000000) refers (Special) to libinit2.o(.ARM.Collect$$libinit$$00000004) for __rt_lib_init_preinit_1
    libinit.o(.ARM.Collect$$libinit$$00000000) refers (Special) to libinit2.o(.ARM.Collect$$libinit$$0000000E) for __rt_lib_init_rand_1
    libinit.o(.ARM.Collect$$libinit$$00000000) refers (Special) to libinit2.o(.ARM.Collect$$libinit$$00000033) for __rt_lib_init_return
    libinit.o(.ARM.Collect$$libinit$$00000000) refers (Special) to libinit2.o(.ARM.Collect$$libinit$$0000001D) for __rt_lib_init_signal_1
    libinit.o(.ARM.Collect$$libinit$$00000000) refers (Special) to libinit2.o(.ARM.Collect$$libinit$$00000025) for __rt_lib_init_stdio_1
    libinit.o(.ARM.Collect$$libinit$$00000000) refers (Special) to libinit2.o(.ARM.Collect$$libinit$$0000000C) for __rt_lib_init_user_alloc_1
    libinit2.o(.ARM.Collect$$libinit$$0000000F) refers (Weak) to rt_locale_intlibspace.o(.text) for __rt_locale
    libinit2.o(.ARM.Collect$$libinit$$00000010) refers to libinit2.o(.ARM.Collect$$libinit$$0000000F) for .ARM.Collect$$libinit$$0000000F
    libinit2.o(.ARM.Collect$$libinit$$00000012) refers to libinit2.o(.ARM.Collect$$libinit$$0000000F) for .ARM.Collect$$libinit$$0000000F
    libinit2.o(.ARM.Collect$$libinit$$00000014) refers to libinit2.o(.ARM.Collect$$libinit$$0000000F) for .ARM.Collect$$libinit$$0000000F
    libinit2.o(.ARM.Collect$$libinit$$00000016) refers to libinit2.o(.ARM.Collect$$libinit$$0000000F) for .ARM.Collect$$libinit$$0000000F
    libinit2.o(.ARM.Collect$$libinit$$00000016) refers (Weak) to lc_numeric_c.o(locale$$code) for _get_lc_numeric
    libinit2.o(.ARM.Collect$$libinit$$00000018) refers to libinit2.o(.ARM.Collect$$libinit$$0000000F) for .ARM.Collect$$libinit$$0000000F
    libinit2.o(.ARM.Collect$$libinit$$00000026) refers to argv_veneer.o(.emb_text) for __ARM_argv_veneer
    libinit2.o(.ARM.Collect$$libinit$$00000027) refers to argv_veneer.o(.emb_text) for __ARM_argv_veneer
    rtexit.o(.ARM.Collect$$rtexit$$00000000) refers (Special) to rtexit2.o(.ARM.Collect$$rtexit$$00000004) for __rt_exit_exit
    rtexit.o(.ARM.Collect$$rtexit$$00000000) refers (Special) to rtexit2.o(.ARM.Collect$$rtexit$$00000003) for __rt_exit_ls
    rtexit.o(.ARM.Collect$$rtexit$$00000000) refers (Special) to rtexit2.o(.ARM.Collect$$rtexit$$00000002) for __rt_exit_prels_1
    rtexit.o(.ARM.exidx) refers (Special) to rtexit2.o(.ARM.Collect$$rtexit$$00000004) for __rt_exit_exit
    rtexit.o(.ARM.exidx) refers (Special) to rtexit2.o(.ARM.Collect$$rtexit$$00000003) for __rt_exit_ls
    rtexit.o(.ARM.exidx) refers (Special) to rtexit2.o(.ARM.Collect$$rtexit$$00000002) for __rt_exit_prels_1
    rtexit.o(.ARM.exidx) refers to rtexit.o(.ARM.Collect$$rtexit$$00000000) for .ARM.Collect$$rtexit$$00000000
    argv_veneer.o(.emb_text) refers to no_argv.o(.text) for __ARM_get_argv
    rtexit2.o(.ARM.Collect$$rtexit$$00000003) refers to libshutdown.o(.ARM.Collect$$libshutdown$$00000000) for __rt_lib_shutdown
    rtexit2.o(.ARM.Collect$$rtexit$$00000004) refers to retarget.o(i._sys_exit) for _sys_exit
    rtexit2.o(.ARM.exidx) refers to rtexit2.o(.ARM.Collect$$rtexit$$00000001) for .ARM.Collect$$rtexit$$00000001
    rtexit2.o(.ARM.exidx) refers to rtexit2.o(.ARM.Collect$$rtexit$$00000003) for .ARM.Collect$$rtexit$$00000003
    rtexit2.o(.ARM.exidx) refers to rtexit2.o(.ARM.Collect$$rtexit$$00000004) for .ARM.Collect$$rtexit$$00000004
    _get_argv_nomalloc.o(.text) refers (Special) to hrguard.o(.text) for __heap_region$guard
    _get_argv_nomalloc.o(.text) refers to defsig_rtmem_outer.o(.text) for __rt_SIGRTMEM
    _get_argv_nomalloc.o(.text) refers to retarget.o(i._sys_command_string) for _sys_command_string
    defsig_rtmem_outer.o(.text) refers to defsig_rtmem_inner.o(.text) for __rt_SIGRTMEM_inner
    defsig_rtmem_outer.o(.text) refers to defsig_exit.o(.text) for __sig_exit
    defsig_rtmem_formal.o(.text) refers to rt_raise.o(.text) for __rt_raise
    libshutdown.o(.ARM.Collect$$libshutdown$$00000000) refers (Special) to libshutdown2.o(.ARM.Collect$$libshutdown$$00000002) for __rt_lib_shutdown_cpp_1
    libshutdown.o(.ARM.Collect$$libshutdown$$00000000) refers (Special) to libshutdown2.o(.ARM.Collect$$libshutdown$$00000007) for __rt_lib_shutdown_fp_trap_1
    libshutdown.o(.ARM.Collect$$libshutdown$$00000000) refers (Special) to libshutdown2.o(.ARM.Collect$$libshutdown$$0000000F) for __rt_lib_shutdown_heap_1
    libshutdown.o(.ARM.Collect$$libshutdown$$00000000) refers (Special) to libshutdown2.o(.ARM.Collect$$libshutdown$$00000010) for __rt_lib_shutdown_return
    libshutdown.o(.ARM.Collect$$libshutdown$$00000000) refers (Special) to libshutdown2.o(.ARM.Collect$$libshutdown$$0000000A) for __rt_lib_shutdown_signal_1
    libshutdown.o(.ARM.Collect$$libshutdown$$00000000) refers (Special) to libshutdown2.o(.ARM.Collect$$libshutdown$$00000004) for __rt_lib_shutdown_stdio_1
    libshutdown.o(.ARM.Collect$$libshutdown$$00000000) refers (Special) to libshutdown2.o(.ARM.Collect$$libshutdown$$0000000C) for __rt_lib_shutdown_user_alloc_1
    rt_raise.o(.text) refers to __raise.o(.text) for __raise
    rt_raise.o(.text) refers to retarget.o(i._sys_exit) for _sys_exit
    defsig_exit.o(.text) refers to retarget.o(i._sys_exit) for _sys_exit
    defsig_rtmem_inner.o(.text) refers to defsig_general.o(.text) for __default_signal_display
    __raise.o(.text) refers to defsig.o(CL$$defsig) for __default_signal_handler
    defsig_general.o(.text) refers to retarget.o(i._ttywrch) for _ttywrch
    defsig.o(CL$$defsig) refers to defsig_rtmem_inner.o(.text) for __rt_SIGRTMEM_inner
    defsig_abrt_inner.o(.text) refers to defsig_general.o(.text) for __default_signal_display
    defsig_fpe_inner.o(.text) refers to defsig_general.o(.text) for __default_signal_display
    defsig_rtred_inner.o(.text) refers to defsig_general.o(.text) for __default_signal_display
    defsig_stak_inner.o(.text) refers to defsig_general.o(.text) for __default_signal_display
    defsig_pvfn_inner.o(.text) refers to defsig_general.o(.text) for __default_signal_display
    defsig_cppl_inner.o(.text) refers to defsig_general.o(.text) for __default_signal_display
    defsig_segv_inner.o(.text) refers to defsig_general.o(.text) for __default_signal_display
    defsig_other.o(.text) refers to defsig_general.o(.text) for __default_signal_display


==============================================================================

Removing Unused input sections from the image.

    Removing assert.o(i.assert_failed), (4 bytes).
    Removing keypad.o(i.Clear_Line), (38 bytes).
    Removing keypad.o(i.Display_value), (88 bytes).
    Removing keypad.o(i.Get_Touch_Pad_Input), (292 bytes).
    Removing keypad.o(i.Make_Touch_Pad), (1516 bytes).
    Removing tft.o(.rev16_text), (4 bytes).
    Removing tft.o(.revsh_text), (4 bytes).
    Removing tft.o(i.TFT_bargraph_color), (54 bytes).
    Removing tft.o(i.TFT_bargraph_define), (254 bytes).
    Removing tft.o(i.TFT_bargraph_fill_pattern), (38 bytes).
    Removing tft.o(i.TFT_bargraph_frame), (38 bytes).
    Removing tft.o(i.TFT_bargraph_value), (46 bytes).
    Removing tft.o(i.TFT_bigString), (156 bytes).
    Removing tft.o(i.TFT_bigText), (142 bytes).
    Removing tft.o(i.TFT_buzzer_off), (36 bytes).
    Removing tft.o(i.TFT_buzzer_on), (38 bytes).
    Removing tft.o(i.TFT_carriage_return), (10 bytes).
    Removing tft.o(i.TFT_cursor_off), (36 bytes).
    Removing tft.o(i.TFT_cursor_on), (36 bytes).
    Removing tft.o(i.TFT_draw_line), (146 bytes).
    Removing tft.o(i.TFT_draw_rectangle), (146 bytes).
    Removing tft.o(i.TFT_get_data), (336 bytes).
    Removing tft.o(i.TFT_graphic_cls), (30 bytes).
    Removing tft.o(i.TFT_graphic_puts), (166 bytes).
    Removing tft.o(i.TFT_graphic_puts_area), (202 bytes).
    Removing tft.o(i.TFT_graphic_set_point), (98 bytes).
    Removing tft.o(i.TFT_line_color), (46 bytes).
    Removing tft.o(i.TFT_newline), (10 bytes).
    Removing tft.o(i.TFT_release), (2 bytes).
    Removing tft.o(i.TFT_set_brightness), (38 bytes).
    Removing tft.o(i.TFT_set_font), (38 bytes).
    Removing tft.o(i.TFT_set_font_color), (44 bytes).
    Removing tft.o(i.TFT_set_graphic_color), (44 bytes).
    Removing tft.o(i.TFT_set_graphic_text_color), (44 bytes).
    Removing tft.o(i.TFT_set_graphic_text_font), (38 bytes).
    Removing tft.o(i.TFT_set_pixel_color), (44 bytes).
    Removing tft.o(i.TFT_set_window), (78 bytes).
    Removing tft.o(i.TFT_terminal_off), (30 bytes).
    Removing tft.o(i.TFT_touch_area), (176 bytes).
    Removing tft.o(i.TFT_touch_area_clear), (42 bytes).
    Removing tft.o(i.TFT_touch_area_color), (86 bytes).
    Removing tft.o(i.TFT_touch_area_font), (38 bytes).
    Removing tft.o(i.TFT_touch_area_font_color), (46 bytes).
    Removing tft.o(i.TFT_touch_area_frame), (46 bytes).
    Removing tft.o(.bss), (262 bytes).
    Removing timer.o(.rev16_text), (4 bytes).
    Removing timer.o(.revsh_text), (4 bytes).
    Removing ti_lib.o(.rev16_text), (4 bytes).
    Removing ti_lib.o(.revsh_text), (4 bytes).
    Removing ti_lib.o(i.get_uptime), (12 bytes).
    Removing system_stm32f10x.o(.rev16_text), (4 bytes).
    Removing system_stm32f10x.o(.revsh_text), (4 bytes).
    Removing serial.o(.rev16_text), (4 bytes).
    Removing serial.o(.revsh_text), (4 bytes).
    Removing serial.o(i.SER_CheckChar), (24 bytes).
    Removing serial.o(i.SER_GetChar), (28 bytes).
    Removing retarget.o(i._sys_command_string), (6 bytes).
    Removing retarget.o(i._ttywrch), (12 bytes).
    Removing retarget.o(i.fgetc), (16 bytes).
    Removing getline.o(i.getline), (112 bytes).
    Removing sim_board_io.o(.rev16_text), (4 bytes).
    Removing sim_board_io.o(.revsh_text), (4 bytes).
    Removing main.o(.rev16_text), (4 bytes).
    Removing main.o(.revsh_text), (4 bytes).
    Removing steps.o(.rev16_text), (4 bytes).
    Removing steps.o(.revsh_text), (4 bytes).
    Removing winkel.o(.rev16_text), (4 bytes).
    Removing winkel.o(.revsh_text), (4 bytes).

68 unused section(s) (total 5380 bytes) removed from the image.

==============================================================================

Image Symbol Table

    Local Symbols

    Symbol Name                              Value     Ov Type        Size  Object(Section)

    ../clib/angel/boardlib.s                 0x00000000   Number         0  boardinit1.o ABSOLUTE
    ../clib/angel/boardlib.s                 0x00000000   Number         0  boardinit2.o ABSOLUTE
    ../clib/angel/boardlib.s                 0x00000000   Number         0  boardinit3.o ABSOLUTE
    ../clib/angel/boardlib.s                 0x00000000   Number         0  boardshut.o ABSOLUTE
    ../clib/angel/handlers.s                 0x00000000   Number         0  __scatter_copy.o ABSOLUTE
    ../clib/angel/handlers.s                 0x00000000   Number         0  __scatter_zi.o ABSOLUTE
    ../clib/angel/kernel.s                   0x00000000   Number         0  rtexit.o ABSOLUTE
    ../clib/angel/kernel.s                   0x00000000   Number         0  rtexit2.o ABSOLUTE
    ../clib/angel/kernel.s                   0x00000000   Number         0  __rtentry2.o ABSOLUTE
    ../clib/angel/kernel.s                   0x00000000   Number         0  __rtentry.o ABSOLUTE
    ../clib/angel/kernel.s                   0x00000000   Number         0  __rtentry4.o ABSOLUTE
    ../clib/angel/rt.s                       0x00000000   Number         0  rt_locale.o ABSOLUTE
    ../clib/angel/rt.s                       0x00000000   Number         0  rt_locale_intlibspace.o ABSOLUTE
    ../clib/angel/rt.s                       0x00000000   Number         0  rt_raise.o ABSOLUTE
    ../clib/angel/scatter.s                  0x00000000   Number         0  __scatter.o ABSOLUTE
    ../clib/angel/startup.s                  0x00000000   Number         0  __main.o ABSOLUTE
    ../clib/angel/sys.s                      0x00000000   Number         0  sys_stackheap_outer.o ABSOLUTE
    ../clib/angel/sys.s                      0x00000000   Number         0  libspace.o ABSOLUTE
    ../clib/armsys.c                         0x00000000   Number         0  no_argv.o ABSOLUTE
    ../clib/armsys.c                         0x00000000   Number         0  argv_veneer.o ABSOLUTE
    ../clib/armsys.c                         0x00000000   Number         0  argv_veneer.o ABSOLUTE
    ../clib/armsys.c                         0x00000000   Number         0  _get_argv_nomalloc.o ABSOLUTE
    ../clib/bigflt.c                         0x00000000   Number         0  bigflt0.o ABSOLUTE
    ../clib/btod.s                           0x00000000   Number         0  btod.o ABSOLUTE
    ../clib/heapalloc.c                      0x00000000   Number         0  hrguard.o ABSOLUTE
    ../clib/heapaux.c                        0x00000000   Number         0  heapauxi.o ABSOLUTE
    ../clib/libinit.s                        0x00000000   Number         0  libshutdown2.o ABSOLUTE
    ../clib/libinit.s                        0x00000000   Number         0  libshutdown.o ABSOLUTE
    ../clib/libinit.s                        0x00000000   Number         0  libinit.o ABSOLUTE
    ../clib/libinit.s                        0x00000000   Number         0  libinit2.o ABSOLUTE
    ../clib/locale.s                         0x00000000   Number         0  lc_numeric_c.o ABSOLUTE
    ../clib/longlong.s                       0x00000000   Number         0  lludiv10.o ABSOLUTE
    ../clib/memcpset.s                       0x00000000   Number         0  strcmpv7m.o ABSOLUTE
    ../clib/misc.s                           0x00000000   Number         0  printf_stubs.o ABSOLUTE
    ../clib/printf.c                         0x00000000   Number         0  __printf_wp.o ABSOLUTE
    ../clib/printf.c                         0x00000000   Number         0  _printf_char_file.o ABSOLUTE
    ../clib/printf.c                         0x00000000   Number         0  __printf_flags_wp.o ABSOLUTE
    ../clib/printf.c                         0x00000000   Number         0  _printf_fp_infnan.o ABSOLUTE
    ../clib/printf.c                         0x00000000   Number         0  __printf_nopercent.o ABSOLUTE
    ../clib/printf.c                         0x00000000   Number         0  __printf_ss_wp.o ABSOLUTE
    ../clib/printf.c                         0x00000000   Number         0  __printf_flags_ss_wp.o ABSOLUTE
    ../clib/printf.c                         0x00000000   Number         0  _printf_intcommon.o ABSOLUTE
    ../clib/printf.c                         0x00000000   Number         0  _printf_fp_dec.o ABSOLUTE
    ../clib/printf.c                         0x00000000   Number         0  __2printf.o ABSOLUTE
    ../clib/printf.c                         0x00000000   Number         0  __2sprintf.o ABSOLUTE
    ../clib/printf.c                         0x00000000   Number         0  __2snprintf.o ABSOLUTE
    ../clib/printf.c                         0x00000000   Number         0  noretval__2printf.o ABSOLUTE
    ../clib/printf.c                         0x00000000   Number         0  _printf_char_common.o ABSOLUTE
    ../clib/printf.c                         0x00000000   Number         0  noretval__2sprintf.o ABSOLUTE
    ../clib/printf.c                         0x00000000   Number         0  _sputc.o ABSOLUTE
    ../clib/printf.c                         0x00000000   Number         0  noretval__2snprintf.o ABSOLUTE
    ../clib/printf.c                         0x00000000   Number         0  __printf.o ABSOLUTE
    ../clib/printf.c                         0x00000000   Number         0  _printf_pad.o ABSOLUTE
    ../clib/printf.c                         0x00000000   Number         0  _printf_dec.o ABSOLUTE
    ../clib/printf.c                         0x00000000   Number         0  _snputc.o ABSOLUTE
    ../clib/printf.c                         0x00000000   Number         0  _printf_hex_ll.o ABSOLUTE
    ../clib/printf.c                         0x00000000   Number         0  _printf_hex_int.o ABSOLUTE
    ../clib/printf.c                         0x00000000   Number         0  _printf_hex_int_ll.o ABSOLUTE
    ../clib/printf.c                         0x00000000   Number         0  _printf_hex_ptr.o ABSOLUTE
    ../clib/printf.c                         0x00000000   Number         0  _printf_hex_int_ptr.o ABSOLUTE
    ../clib/printf.c                         0x00000000   Number         0  _printf_hex_ll_ptr.o ABSOLUTE
    ../clib/printf.c                         0x00000000   Number         0  _printf_hex_int_ll_ptr.o ABSOLUTE
    ../clib/printf.c                         0x00000000   Number         0  __printf_flags.o ABSOLUTE
    ../clib/printf.c                         0x00000000   Number         0  __printf_ss.o ABSOLUTE
    ../clib/printf.c                         0x00000000   Number         0  __printf_flags_ss.o ABSOLUTE
    ../clib/printf_percent.s                 0x00000000   Number         0  _printf_percent.o ABSOLUTE
    ../clib/printf_percent.s                 0x00000000   Number         0  _printf_percent_end.o ABSOLUTE
    ../clib/printf_percent.s                 0x00000000   Number         0  _printf_d.o ABSOLUTE
    ../clib/printf_percent.s                 0x00000000   Number         0  _printf_x.o ABSOLUTE
    ../clib/printf_percent.s                 0x00000000   Number         0  _printf_f.o ABSOLUTE
    ../clib/signal.c                         0x00000000   Number         0  defsig_stak_inner.o ABSOLUTE
    ../clib/signal.c                         0x00000000   Number         0  __raise.o ABSOLUTE
    ../clib/signal.c                         0x00000000   Number         0  defsig_general.o ABSOLUTE
    ../clib/signal.c                         0x00000000   Number         0  defsig_fpe_inner.o ABSOLUTE
    ../clib/signal.c                         0x00000000   Number         0  defsig_rtred_inner.o ABSOLUTE
    ../clib/signal.c                         0x00000000   Number         0  defsig_abrt_inner.o ABSOLUTE
    ../clib/signal.c                         0x00000000   Number         0  defsig_exit.o ABSOLUTE
    ../clib/signal.c                         0x00000000   Number         0  defsig_rtmem_outer.o ABSOLUTE
    ../clib/signal.c                         0x00000000   Number         0  defsig_rtmem_formal.o ABSOLUTE
    ../clib/signal.c                         0x00000000   Number         0  defsig_rtmem_inner.o ABSOLUTE
    ../clib/signal.c                         0x00000000   Number         0  defsig_other.o ABSOLUTE
    ../clib/signal.c                         0x00000000   Number         0  defsig_segv_inner.o ABSOLUTE
    ../clib/signal.c                         0x00000000   Number         0  defsig_cppl_inner.o ABSOLUTE
    ../clib/signal.c                         0x00000000   Number         0  defsig_pvfn_inner.o ABSOLUTE
    ../clib/signal.s                         0x00000000   Number         0  defsig.o ABSOLUTE
    ../clib/stdio.c                          0x00000000   Number         0  putc.o ABSOLUTE
    ../clib/stdlib.c                         0x00000000   Number         0  exit.o ABSOLUTE
    ../clib/string.c                         0x00000000   Number         0  strlen.o ABSOLUTE
    ../fplib/ddiv.s                          0x00000000   Number         0  ddiv.o ABSOLUTE
    ../fplib/dfix.s                          0x00000000   Number         0  dfix.o ABSOLUTE
    ../fplib/dflt.s                          0x00000000   Number         0  dflt_clz.o ABSOLUTE
    ../fplib/dnaninf.s                       0x00000000   Number         0  dnaninf.o ABSOLUTE
    ../fplib/dretinf.s                       0x00000000   Number         0  dretinf.o ABSOLUTE
    ../fplib/fpinit.s                        0x00000000   Number         0  fpinit.o ABSOLUTE
    ../fplib/istatus.s                       0x00000000   Number         0  istatus.o ABSOLUTE
    ../fplib/printf1.s                       0x00000000   Number         0  printf1.o ABSOLUTE
    ../fplib/usenofp.s                       0x00000000   Number         0  usenofp.o ABSOLUTE
    ../mathlib/fpclassify.c                  0x00000000   Number         0  fpclassify.o ABSOLUTE
    TI_BRD_LIB\Library\TI_Lib.c              0x00000000   Number         0  ti_lib.o ABSOLUTE
    TI_BRD_LIB\Library\assert.c              0x00000000   Number         0  assert.o ABSOLUTE
    TI_BRD_LIB\Library\keypad.c              0x00000000   Number         0  keypad.o ABSOLUTE
    TI_BRD_LIB\Library\tft.c                 0x00000000   Number         0  tft.o ABSOLUTE
    TI_BRD_LIB\Library\timer.c               0x00000000   Number         0  timer.o ABSOLUTE
    TI_BRD_LIB\Simulated_Board\Getline.c     0x00000000   Number         0  getline.o ABSOLUTE
    TI_BRD_LIB\Simulated_Board\Retarget.c    0x00000000   Number         0  retarget.o ABSOLUTE
    TI_BRD_LIB\Simulated_Board\SIM_Board_IO.c 0x00000000   Number         0  sim_board_io.o ABSOLUTE
    TI_BRD_LIB\Simulated_Board\Serial.c      0x00000000   Number         0  serial.o ABSOLUTE
    TI_BRD_LIB\Simulated_Board\startup_stm32f10x_md.s 0x00000000   Number         0  startup_stm32f10x_md.o ABSOLUTE
    TI_BRD_LIB\Simulated_Board\system_stm32f10x.c 0x00000000   Number         0  system_stm32f10x.o ABSOLUTE
    TI_BRD_LIB\\Library\\TI_Lib.c            0x00000000   Number         0  ti_lib.o ABSOLUTE
    TI_BRD_LIB\\Library\\tft.c               0x00000000   Number         0  tft.o ABSOLUTE
    TI_BRD_LIB\\Library\\timer.c             0x00000000   Number         0  timer.o ABSOLUTE
    TI_BRD_LIB\\Simulated_Board\\SIM_Board_IO.c 0x00000000   Number         0  sim_board_io.o ABSOLUTE
    TI_BRD_LIB\\Simulated_Board\\Serial.c    0x00000000   Number         0  serial.o ABSOLUTE
    TI_BRD_LIB\\Simulated_Board\\system_stm32f10x.c 0x00000000   Number         0  system_stm32f10x.o ABSOLUTE
    dc.s                                     0x00000000   Number         0  dc.o ABSOLUTE
    main.c                                   0x00000000   Number         0  main.o ABSOLUTE
    main.c                                   0x00000000   Number         0  main.o ABSOLUTE
    steps.c                                  0x00000000   Number         0  steps.o ABSOLUTE
    steps.c                                  0x00000000   Number         0  steps.o ABSOLUTE
    winkel.c                                 0x00000000   Number         0  winkel.o ABSOLUTE
    winkel.c                                 0x00000000   Number         0  winkel.o ABSOLUTE
    RESET                                    0x08000000   Section      236  startup_stm32f10x_md.o(RESET)
    !!!main                                  0x080000ec   Section        8  __main.o(!!!main)
    !!!scatter                               0x080000f4   Section       52  __scatter.o(!!!scatter)
    !!handler_copy                           0x08000128   Section       26  __scatter_copy.o(!!handler_copy)
    !!handler_zi                             0x08000144   Section       28  __scatter_zi.o(!!handler_zi)
    .ARM.Collect$$_printf_percent$$00000000  0x08000160   Section        0  _printf_percent.o(.ARM.Collect$$_printf_percent$$00000000)
    .ARM.Collect$$_printf_percent$$00000003  0x08000160   Section        6  _printf_f.o(.ARM.Collect$$_printf_percent$$00000003)
    .ARM.Collect$$_printf_percent$$00000009  0x08000166   Section        6  _printf_d.o(.ARM.Collect$$_printf_percent$$00000009)
    .ARM.Collect$$_printf_percent$$00000017  0x0800016c   Section        4  _printf_percent_end.o(.ARM.Collect$$_printf_percent$$00000017)
    .ARM.Collect$$libinit$$00000000          0x08000170   Section        2  libinit.o(.ARM.Collect$$libinit$$00000000)
    .ARM.Collect$$libinit$$00000002          0x08000172   Section        0  libinit2.o(.ARM.Collect$$libinit$$00000002)
    .ARM.Collect$$libinit$$00000004          0x08000172   Section        0  libinit2.o(.ARM.Collect$$libinit$$00000004)
    .ARM.Collect$$libinit$$0000000A          0x08000172   Section        0  libinit2.o(.ARM.Collect$$libinit$$0000000A)
    .ARM.Collect$$libinit$$0000000C          0x08000172   Section        0  libinit2.o(.ARM.Collect$$libinit$$0000000C)
    .ARM.Collect$$libinit$$0000000E          0x08000172   Section        0  libinit2.o(.ARM.Collect$$libinit$$0000000E)
    .ARM.Collect$$libinit$$0000000F          0x08000172   Section        6  libinit2.o(.ARM.Collect$$libinit$$0000000F)
    .ARM.Collect$$libinit$$00000011          0x08000178   Section        0  libinit2.o(.ARM.Collect$$libinit$$00000011)
    .ARM.Collect$$libinit$$00000013          0x08000178   Section        0  libinit2.o(.ARM.Collect$$libinit$$00000013)
    .ARM.Collect$$libinit$$00000015          0x08000178   Section        0  libinit2.o(.ARM.Collect$$libinit$$00000015)
    .ARM.Collect$$libinit$$00000016          0x08000178   Section       10  libinit2.o(.ARM.Collect$$libinit$$00000016)
    .ARM.Collect$$libinit$$00000017          0x08000182   Section        0  libinit2.o(.ARM.Collect$$libinit$$00000017)
    .ARM.Collect$$libinit$$00000019          0x08000182   Section        0  libinit2.o(.ARM.Collect$$libinit$$00000019)
    .ARM.Collect$$libinit$$0000001B          0x08000182   Section        0  libinit2.o(.ARM.Collect$$libinit$$0000001B)
    .ARM.Collect$$libinit$$0000001D          0x08000182   Section        0  libinit2.o(.ARM.Collect$$libinit$$0000001D)
    .ARM.Collect$$libinit$$0000001F          0x08000182   Section        0  libinit2.o(.ARM.Collect$$libinit$$0000001F)
    .ARM.Collect$$libinit$$00000021          0x08000182   Section        0  libinit2.o(.ARM.Collect$$libinit$$00000021)
    .ARM.Collect$$libinit$$00000023          0x08000182   Section        0  libinit2.o(.ARM.Collect$$libinit$$00000023)
    .ARM.Collect$$libinit$$00000025          0x08000182   Section        0  libinit2.o(.ARM.Collect$$libinit$$00000025)
    .ARM.Collect$$libinit$$0000002C          0x08000182   Section        0  libinit2.o(.ARM.Collect$$libinit$$0000002C)
    .ARM.Collect$$libinit$$0000002E          0x08000182   Section        0  libinit2.o(.ARM.Collect$$libinit$$0000002E)
    .ARM.Collect$$libinit$$00000030          0x08000182   Section        0  libinit2.o(.ARM.Collect$$libinit$$00000030)
    .ARM.Collect$$libinit$$00000032          0x08000182   Section        0  libinit2.o(.ARM.Collect$$libinit$$00000032)
    .ARM.Collect$$libinit$$00000033          0x08000182   Section        2  libinit2.o(.ARM.Collect$$libinit$$00000033)
    .ARM.Collect$$libshutdown$$00000000      0x08000184   Section        2  libshutdown.o(.ARM.Collect$$libshutdown$$00000000)
    .ARM.Collect$$libshutdown$$00000002      0x08000186   Section        0  libshutdown2.o(.ARM.Collect$$libshutdown$$00000002)
    .ARM.Collect$$libshutdown$$00000004      0x08000186   Section        0  libshutdown2.o(.ARM.Collect$$libshutdown$$00000004)
    .ARM.Collect$$libshutdown$$00000007      0x08000186   Section        0  libshutdown2.o(.ARM.Collect$$libshutdown$$00000007)
    .ARM.Collect$$libshutdown$$0000000A      0x08000186   Section        0  libshutdown2.o(.ARM.Collect$$libshutdown$$0000000A)
    .ARM.Collect$$libshutdown$$0000000C      0x08000186   Section        0  libshutdown2.o(.ARM.Collect$$libshutdown$$0000000C)
    .ARM.Collect$$libshutdown$$0000000F      0x08000186   Section        0  libshutdown2.o(.ARM.Collect$$libshutdown$$0000000F)
    .ARM.Collect$$libshutdown$$00000010      0x08000186   Section        2  libshutdown2.o(.ARM.Collect$$libshutdown$$00000010)
    .ARM.Collect$$rtentry$$00000000          0x08000188   Section        0  __rtentry.o(.ARM.Collect$$rtentry$$00000000)
    .ARM.Collect$$rtentry$$00000002          0x08000188   Section        0  __rtentry2.o(.ARM.Collect$$rtentry$$00000002)
    .ARM.Collect$$rtentry$$00000004          0x08000188   Section        6  __rtentry4.o(.ARM.Collect$$rtentry$$00000004)
    .ARM.Collect$$rtentry$$00000009          0x0800018e   Section        0  __rtentry2.o(.ARM.Collect$$rtentry$$00000009)
    .ARM.Collect$$rtentry$$0000000A          0x0800018e   Section        4  __rtentry2.o(.ARM.Collect$$rtentry$$0000000A)
    .ARM.Collect$$rtentry$$0000000C          0x08000192   Section        0  __rtentry2.o(.ARM.Collect$$rtentry$$0000000C)
    .ARM.Collect$$rtentry$$0000000D          0x08000192   Section        8  __rtentry2.o(.ARM.Collect$$rtentry$$0000000D)
    .ARM.Collect$$rtexit$$00000000           0x0800019a   Section        2  rtexit.o(.ARM.Collect$$rtexit$$00000000)
    .ARM.Collect$$rtexit$$00000002           0x0800019c   Section        0  rtexit2.o(.ARM.Collect$$rtexit$$00000002)
    .ARM.Collect$$rtexit$$00000003           0x0800019c   Section        4  rtexit2.o(.ARM.Collect$$rtexit$$00000003)
    .ARM.Collect$$rtexit$$00000004           0x080001a0   Section        6  rtexit2.o(.ARM.Collect$$rtexit$$00000004)
    .text                                    0x080001a8   Section       64  startup_stm32f10x_md.o(.text)
    .text                                    0x080001e8   Section        0  noretval__2printf.o(.text)
    .text                                    0x08000200   Section        0  noretval__2sprintf.o(.text)
    .text                                    0x08000228   Section        0  _printf_dec.o(.text)
    .text                                    0x080002a0   Section        0  __printf_flags_wp.o(.text)
    .text                                    0x080003d8   Section        0  strlen.o(.text)
    .text                                    0x08000416   Section        0  heapauxi.o(.text)
    .text                                    0x0800041c   Section        0  _printf_intcommon.o(.text)
    .text                                    0x080004ce   Section        0  _printf_fp_dec.o(.text)
    _fp_digits                               0x080004d1   Thumb Code   428  _printf_fp_dec.o(.text)
    .text                                    0x080008e8   Section        0  _printf_char_common.o(.text)
    _printf_input_char                       0x080008e9   Thumb Code    10  _printf_char_common.o(.text)
    .text                                    0x08000918   Section        0  _sputc.o(.text)
    .text                                    0x08000924   Section        0  _printf_char_file.o(.text)
    .text                                    0x08000948   Section        8  rt_locale_intlibspace.o(.text)
    .text                                    0x08000950   Section      138  lludiv10.o(.text)
    .text                                    0x080009dc   Section        0  _printf_fp_infnan.o(.text)
    .text                                    0x08000a5c   Section        0  bigflt0.o(.text)
    .text                                    0x08000b38   Section        8  libspace.o(.text)
    .text                                    0x08000b40   Section       74  sys_stackheap_outer.o(.text)
    .text                                    0x08000b8a   Section        0  exit.o(.text)
    .text                                    0x08000b9c   Section      128  strcmpv7m.o(.text)
    CL$$btod_d2e                             0x08000c1c   Section       62  btod.o(CL$$btod_d2e)
    CL$$btod_d2e_denorm_low                  0x08000c5a   Section       70  btod.o(CL$$btod_d2e_denorm_low)
    CL$$btod_d2e_norm_op1                    0x08000ca0   Section       96  btod.o(CL$$btod_d2e_norm_op1)
    CL$$btod_div_common                      0x08000d00   Section      824  btod.o(CL$$btod_div_common)
    CL$$btod_e2e                             0x08001038   Section      198  btod.o(CL$$btod_e2e)
    CL$$btod_ediv                            0x080010fe   Section       40  btod.o(CL$$btod_ediv)
    CL$$btod_emul                            0x08001126   Section       40  btod.o(CL$$btod_emul)
    CL$$btod_mult_common                     0x0800114e   Section      580  btod.o(CL$$btod_mult_common)
    i.Delay                                  0x08001394   Section        0  ti_lib.o(i.Delay)
    i.Init_IO                                0x080013ac   Section        0  sim_board_io.o(i.Init_IO)
    i.Init_SPI                               0x080013d4   Section        0  sim_board_io.o(i.Init_SPI)
    i.Init_System_Clock                      0x08001424   Section        0  sim_board_io.o(i.Init_System_Clock)
    i.Init_TI_Board                          0x08001490   Section        0  ti_lib.o(i.Init_TI_Board)
    i.SER_Init                               0x080014b0   Section        0  serial.o(i.SER_Init)
    i.SER_PutChar                            0x08001548   Section        0  serial.o(i.SER_PutChar)
    i.SetSysClock                            0x08001568   Section        0  system_stm32f10x.o(i.SetSysClock)
    SetSysClock                              0x08001569   Thumb Code     8  system_stm32f10x.o(i.SetSysClock)
    i.SetSysClockTo72                        0x08001570   Section        0  system_stm32f10x.o(i.SetSysClockTo72)
    SetSysClockTo72                          0x08001571   Thumb Code   214  system_stm32f10x.o(i.SetSysClockTo72)
    i.SysTick_Handler                        0x08001650   Section        0  ti_lib.o(i.SysTick_Handler)
    i.SystemCoreClockUpdate                  0x08001658   Section        0  system_stm32f10x.o(i.SystemCoreClockUpdate)
    i.SystemInit                             0x080016fc   Section        0  system_stm32f10x.o(i.SystemInit)
    i.TFT_Init                               0x0800175c   Section        0  tft.o(i.TFT_Init)
    i.TFT_cls                                0x08001770   Section        0  tft.o(i.TFT_cls)
    i.TFT_gotoxy                             0x0800177a   Section        0  tft.o(i.TFT_gotoxy)
    i.TFT_putc                               0x080017a8   Section        0  tft.o(i.TFT_putc)
    i.TFT_puts                               0x080017c6   Section        0  tft.o(i.TFT_puts)
    i.TFT_send_data                          0x080017dc   Section        0  tft.o(i.TFT_send_data)
    i.TFT_terminal_on                        0x080018cc   Section        0  tft.o(i.TFT_terminal_on)
    i.TFT_touch_key_feedback                 0x080018ea   Section        0  tft.o(i.TFT_touch_key_feedback)
    i.TimingDelay_Decrement                  0x08001934   Section        0  ti_lib.o(i.TimingDelay_Decrement)
    i.__ARM_fpclassify                       0x08001958   Section        0  fpclassify.o(i.__ARM_fpclassify)
    i._is_digit                              0x08001980   Section        0  __printf_wp.o(i._is_digit)
    i._sys_exit                              0x0800198e   Section        0  retarget.o(i._sys_exit)
    i.ferror                                 0x08001992   Section        0  retarget.o(i.ferror)
    i.fputc                                  0x0800199a   Section        0  retarget.o(i.fputc)
    i.getState                               0x080019b4   Section        0  winkel.o(i.getState)
    i.getSteps                               0x080019c0   Section        0  winkel.o(i.getSteps)
    i.getTimeStamp                           0x080019cc   Section        0  timer.o(i.getTimeStamp)
    i.getWinkel                              0x080019d4   Section        0  winkel.o(i.getWinkel)
    i.main                                   0x080019e4   Section        0  main.o(i.main)
    i.printLEDsteps                          0x08001a9c   Section        0  steps.o(i.printLEDsteps)
    i.setWinkel                              0x08001b30   Section        0  winkel.o(i.setWinkel)
    i.timerinit                              0x08001c64   Section        0  timer.o(i.timerinit)
    locale$$code                             0x08001c90   Section       44  lc_numeric_c.o(locale$$code)
    x$fpl$ddiv                               0x08001cbc   Section      688  ddiv.o(x$fpl$ddiv)
    ddiv_entry                               0x08001cc3   Thumb Code     0  ddiv.o(x$fpl$ddiv)
    x$fpl$dfix                               0x08001f6c   Section       94  dfix.o(x$fpl$dfix)
    x$fpl$dflt                               0x08001fca   Section       46  dflt_clz.o(x$fpl$dflt)
    x$fpl$dfltu                              0x08001ff8   Section       38  dflt_clz.o(x$fpl$dfltu)
    x$fpl$dnaninf                            0x0800201e   Section      156  dnaninf.o(x$fpl$dnaninf)
    x$fpl$dretinf                            0x080020ba   Section       12  dretinf.o(x$fpl$dretinf)
    x$fpl$printf1                            0x080020c6   Section        4  printf1.o(x$fpl$printf1)
    .constdata                               0x080020ca   Section       17  __printf_flags_wp.o(.constdata)
    x$fpl$usenofp                            0x080020ca   Section        0  usenofp.o(x$fpl$usenofp)
    maptable                                 0x080020ca   Data          17  __printf_flags_wp.o(.constdata)
    .constdata                               0x080020dc   Section      148  bigflt0.o(.constdata)
    tenpwrs_x                                0x080020dc   Data          60  bigflt0.o(.constdata)
    tenpwrs_i                                0x08002118   Data          64  bigflt0.o(.constdata)
    locale$$data                             0x08002190   Section       28  lc_numeric_c.o(locale$$data)
    __lcnum_c_name                           0x08002194   Data           2  lc_numeric_c.o(locale$$data)
    __lcnum_c_start                          0x0800219c   Data           0  lc_numeric_c.o(locale$$data)
    __lcnum_c_point                          0x080021a8   Data           0  lc_numeric_c.o(locale$$data)
    __lcnum_c_thousands                      0x080021aa   Data           0  lc_numeric_c.o(locale$$data)
    __lcnum_c_grouping                       0x080021ab   Data           0  lc_numeric_c.o(locale$$data)
    __lcnum_c_end                            0x080021ac   Data           0  lc_numeric_c.o(locale$$data)
    .data                                    0x20000000   Section        8  ti_lib.o(.data)
    TimingDelay                              0x20000000   Data           4  ti_lib.o(.data)
    uptime                                   0x20000004   Data           4  ti_lib.o(.data)
    .data                                    0x20000008   Section       20  system_stm32f10x.o(.data)
    .data                                    0x2000001c   Section       12  retarget.o(.data)
    .data                                    0x20000028   Section        8  steps.o(.data)
    .data                                    0x20000030   Section       20  winkel.o(.data)
    .bss                                     0x20000044   Section       96  libspace.o(.bss)
    HEAP                                     0x200000a8   Section    32768  startup_stm32f10x_md.o(HEAP)
    Heap_Mem                                 0x200000a8   Data       32768  startup_stm32f10x_md.o(HEAP)
    STACK                                    0x200080a8   Section     4096  startup_stm32f10x_md.o(STACK)
    Stack_Mem                                0x200080a8   Data        4096  startup_stm32f10x_md.o(STACK)
    __initial_sp                             0x200090a8   Data           0  startup_stm32f10x_md.o(STACK)

    Global Symbols

    Symbol Name                              Value     Ov Type        Size  Object(Section)

    BuildAttributes$$THM_ISAv4$P$D$K$B$S$PE$A:L22UL41UL21$X:L11$S22US41US21$IEEE1$IW$USESV6$~STKCKD$USESV7$~SHL$OTIME$ROPI$IEEEJ$EBA8$UX$STANDARDLIB$REQ8$PRES8$EABIv2 0x00000000   Number         0  anon$$obj.o ABSOLUTE
    __ARM_use_no_argv                        0x00000000   Number         0  main.o ABSOLUTE
    _printf_flags                            0x00000000   Number         0  printf_stubs.o ABSOLUTE
    _printf_return_value                     0x00000000   Number         0  printf_stubs.o ABSOLUTE
    _printf_sizespec                         0x00000000   Number         0  printf_stubs.o ABSOLUTE
    _printf_widthprec                        0x00000000   Number         0  printf_stubs.o ABSOLUTE
    __ARM_exceptions_init                     - Undefined Weak Reference
    __alloca_initialize                       - Undefined Weak Reference
    __arm_preinit_                            - Undefined Weak Reference
    __cpp_initialize__aeabi_                  - Undefined Weak Reference
    __cxa_finalize                            - Undefined Weak Reference
    __sigvec_lookup                           - Undefined Weak Reference
    _atexit_init                              - Undefined Weak Reference
    _call_atexit_fns                          - Undefined Weak Reference
    _clock_init                               - Undefined Weak Reference
    _fp_trap_init                             - Undefined Weak Reference
    _fp_trap_shutdown                         - Undefined Weak Reference
    _get_lc_collate                           - Undefined Weak Reference
    _get_lc_ctype                             - Undefined Weak Reference
    _get_lc_monetary                          - Undefined Weak Reference
    _get_lc_time                              - Undefined Weak Reference
    _getenv_init                              - Undefined Weak Reference
    _handle_redirection                       - Undefined Weak Reference
    _init_alloc                               - Undefined Weak Reference
    _init_user_alloc                          - Undefined Weak Reference
    _initio                                   - Undefined Weak Reference
    _printf_truncate_signed                   - Undefined Weak Reference
    _printf_truncate_unsigned                 - Undefined Weak Reference
    _rand_init                                - Undefined Weak Reference
    _signal_finish                            - Undefined Weak Reference
    _signal_init                              - Undefined Weak Reference
    _terminate_alloc                          - Undefined Weak Reference
    _terminate_user_alloc                     - Undefined Weak Reference
    _terminateio                              - Undefined Weak Reference
    __Vectors_Size                           0x000000ec   Number         0  startup_stm32f10x_md.o ABSOLUTE
    __Vectors                                0x08000000   Data           4  startup_stm32f10x_md.o(RESET)
    __Vectors_End                            0x080000ec   Data           0  startup_stm32f10x_md.o(RESET)
    __main                                   0x080000ed   Thumb Code     8  __main.o(!!!main)
    __scatterload                            0x080000f5   Thumb Code     0  __scatter.o(!!!scatter)
    __scatterload_rt2                        0x080000f5   Thumb Code    44  __scatter.o(!!!scatter)
    __scatterload_rt2_thumb_only             0x080000f5   Thumb Code     0  __scatter.o(!!!scatter)
    __scatterload_null                       0x08000103   Thumb Code     0  __scatter.o(!!!scatter)
    __scatterload_copy                       0x08000129   Thumb Code    26  __scatter_copy.o(!!handler_copy)
    __scatterload_zeroinit                   0x08000145   Thumb Code    28  __scatter_zi.o(!!handler_zi)
    _printf_f                                0x08000161   Thumb Code     0  _printf_f.o(.ARM.Collect$$_printf_percent$$00000003)
    _printf_percent                          0x08000161   Thumb Code     0  _printf_percent.o(.ARM.Collect$$_printf_percent$$00000000)
    _printf_d                                0x08000167   Thumb Code     0  _printf_d.o(.ARM.Collect$$_printf_percent$$00000009)
    _printf_percent_end                      0x0800016d   Thumb Code     0  _printf_percent_end.o(.ARM.Collect$$_printf_percent$$00000017)
    __rt_lib_init                            0x08000171   Thumb Code     0  libinit.o(.ARM.Collect$$libinit$$00000000)
    __rt_lib_init_fp_1                       0x08000173   Thumb Code     0  libinit2.o(.ARM.Collect$$libinit$$00000002)
    __rt_lib_init_heap_1                     0x08000173   Thumb Code     0  libinit2.o(.ARM.Collect$$libinit$$0000000A)
    __rt_lib_init_lc_common                  0x08000173   Thumb Code     0  libinit2.o(.ARM.Collect$$libinit$$0000000F)
    __rt_lib_init_preinit_1                  0x08000173   Thumb Code     0  libinit2.o(.ARM.Collect$$libinit$$00000004)
    __rt_lib_init_rand_1                     0x08000173   Thumb Code     0  libinit2.o(.ARM.Collect$$libinit$$0000000E)
    __rt_lib_init_user_alloc_1               0x08000173   Thumb Code     0  libinit2.o(.ARM.Collect$$libinit$$0000000C)
    __rt_lib_init_lc_collate_1               0x08000179   Thumb Code     0  libinit2.o(.ARM.Collect$$libinit$$00000011)
    __rt_lib_init_lc_ctype_1                 0x08000179   Thumb Code     0  libinit2.o(.ARM.Collect$$libinit$$00000013)
    __rt_lib_init_lc_monetary_1              0x08000179   Thumb Code     0  libinit2.o(.ARM.Collect$$libinit$$00000015)
    __rt_lib_init_lc_numeric_2               0x08000179   Thumb Code     0  libinit2.o(.ARM.Collect$$libinit$$00000016)
    __rt_lib_init_alloca_1                   0x08000183   Thumb Code     0  libinit2.o(.ARM.Collect$$libinit$$0000002E)
    __rt_lib_init_argv_1                     0x08000183   Thumb Code     0  libinit2.o(.ARM.Collect$$libinit$$0000002C)
    __rt_lib_init_atexit_1                   0x08000183   Thumb Code     0  libinit2.o(.ARM.Collect$$libinit$$0000001B)
    __rt_lib_init_clock_1                    0x08000183   Thumb Code     0  libinit2.o(.ARM.Collect$$libinit$$00000021)
    __rt_lib_init_cpp_1                      0x08000183   Thumb Code     0  libinit2.o(.ARM.Collect$$libinit$$00000032)
    __rt_lib_init_exceptions_1               0x08000183   Thumb Code     0  libinit2.o(.ARM.Collect$$libinit$$00000030)
    __rt_lib_init_fp_trap_1                  0x08000183   Thumb Code     0  libinit2.o(.ARM.Collect$$libinit$$0000001F)
    __rt_lib_init_getenv_1                   0x08000183   Thumb Code     0  libinit2.o(.ARM.Collect$$libinit$$00000023)
    __rt_lib_init_lc_numeric_1               0x08000183   Thumb Code     0  libinit2.o(.ARM.Collect$$libinit$$00000017)
    __rt_lib_init_lc_time_1                  0x08000183   Thumb Code     0  libinit2.o(.ARM.Collect$$libinit$$00000019)
    __rt_lib_init_return                     0x08000183   Thumb Code     0  libinit2.o(.ARM.Collect$$libinit$$00000033)
    __rt_lib_init_signal_1                   0x08000183   Thumb Code     0  libinit2.o(.ARM.Collect$$libinit$$0000001D)
    __rt_lib_init_stdio_1                    0x08000183   Thumb Code     0  libinit2.o(.ARM.Collect$$libinit$$00000025)
    __rt_lib_shutdown                        0x08000185   Thumb Code     0  libshutdown.o(.ARM.Collect$$libshutdown$$00000000)
    __rt_lib_shutdown_cpp_1                  0x08000187   Thumb Code     0  libshutdown2.o(.ARM.Collect$$libshutdown$$00000002)
    __rt_lib_shutdown_fp_trap_1              0x08000187   Thumb Code     0  libshutdown2.o(.ARM.Collect$$libshutdown$$00000007)
    __rt_lib_shutdown_heap_1                 0x08000187   Thumb Code     0  libshutdown2.o(.ARM.Collect$$libshutdown$$0000000F)
    __rt_lib_shutdown_return                 0x08000187   Thumb Code     0  libshutdown2.o(.ARM.Collect$$libshutdown$$00000010)
    __rt_lib_shutdown_signal_1               0x08000187   Thumb Code     0  libshutdown2.o(.ARM.Collect$$libshutdown$$0000000A)
    __rt_lib_shutdown_stdio_1                0x08000187   Thumb Code     0  libshutdown2.o(.ARM.Collect$$libshutdown$$00000004)
    __rt_lib_shutdown_user_alloc_1           0x08000187   Thumb Code     0  libshutdown2.o(.ARM.Collect$$libshutdown$$0000000C)
    __rt_entry                               0x08000189   Thumb Code     0  __rtentry.o(.ARM.Collect$$rtentry$$00000000)
    __rt_entry_presh_1                       0x08000189   Thumb Code     0  __rtentry2.o(.ARM.Collect$$rtentry$$00000002)
    __rt_entry_sh                            0x08000189   Thumb Code     0  __rtentry4.o(.ARM.Collect$$rtentry$$00000004)
    __rt_entry_li                            0x0800018f   Thumb Code     0  __rtentry2.o(.ARM.Collect$$rtentry$$0000000A)
    __rt_entry_postsh_1                      0x0800018f   Thumb Code     0  __rtentry2.o(.ARM.Collect$$rtentry$$00000009)
    __rt_entry_main                          0x08000193   Thumb Code     0  __rtentry2.o(.ARM.Collect$$rtentry$$0000000D)
    __rt_entry_postli_1                      0x08000193   Thumb Code     0  __rtentry2.o(.ARM.Collect$$rtentry$$0000000C)
    __rt_exit                                0x0800019b   Thumb Code     0  rtexit.o(.ARM.Collect$$rtexit$$00000000)
    __rt_exit_ls                             0x0800019d   Thumb Code     0  rtexit2.o(.ARM.Collect$$rtexit$$00000003)
    __rt_exit_prels_1                        0x0800019d   Thumb Code     0  rtexit2.o(.ARM.Collect$$rtexit$$00000002)
    __rt_exit_exit                           0x080001a1   Thumb Code     0  rtexit2.o(.ARM.Collect$$rtexit$$00000004)
    Reset_Handler                            0x080001a9   Thumb Code     8  startup_stm32f10x_md.o(.text)
    NMI_Handler                              0x080001b1   Thumb Code     2  startup_stm32f10x_md.o(.text)
    HardFault_Handler                        0x080001b3   Thumb Code     2  startup_stm32f10x_md.o(.text)
    MemManage_Handler                        0x080001b5   Thumb Code     2  startup_stm32f10x_md.o(.text)
    BusFault_Handler                         0x080001b7   Thumb Code     2  startup_stm32f10x_md.o(.text)
    UsageFault_Handler                       0x080001b9   Thumb Code     2  startup_stm32f10x_md.o(.text)
    SVC_Handler                              0x080001bb   Thumb Code     2  startup_stm32f10x_md.o(.text)
    DebugMon_Handler                         0x080001bd   Thumb Code     2  startup_stm32f10x_md.o(.text)
    PendSV_Handler                           0x080001bf   Thumb Code     2  startup_stm32f10x_md.o(.text)
    ADC1_2_IRQHandler                        0x080001c3   Thumb Code     0  startup_stm32f10x_md.o(.text)
    CAN1_RX1_IRQHandler                      0x080001c3   Thumb Code     0  startup_stm32f10x_md.o(.text)
    CAN1_SCE_IRQHandler                      0x080001c3   Thumb Code     0  startup_stm32f10x_md.o(.text)
    DMA1_Channel1_IRQHandler                 0x080001c3   Thumb Code     0  startup_stm32f10x_md.o(.text)
    DMA1_Channel2_IRQHandler                 0x080001c3   Thumb Code     0  startup_stm32f10x_md.o(.text)
    DMA1_Channel3_IRQHandler                 0x080001c3   Thumb Code     0  startup_stm32f10x_md.o(.text)
    DMA1_Channel4_IRQHandler                 0x080001c3   Thumb Code     0  startup_stm32f10x_md.o(.text)
    DMA1_Channel5_IRQHandler                 0x080001c3   Thumb Code     0  startup_stm32f10x_md.o(.text)
    DMA1_Channel6_IRQHandler                 0x080001c3   Thumb Code     0  startup_stm32f10x_md.o(.text)
    DMA1_Channel7_IRQHandler                 0x080001c3   Thumb Code     0  startup_stm32f10x_md.o(.text)
    EXTI0_IRQHandler                         0x080001c3   Thumb Code     0  startup_stm32f10x_md.o(.text)
    EXTI15_10_IRQHandler                     0x080001c3   Thumb Code     0  startup_stm32f10x_md.o(.text)
    EXTI1_IRQHandler                         0x080001c3   Thumb Code     0  startup_stm32f10x_md.o(.text)
    EXTI2_IRQHandler                         0x080001c3   Thumb Code     0  startup_stm32f10x_md.o(.text)
    EXTI3_IRQHandler                         0x080001c3   Thumb Code     0  startup_stm32f10x_md.o(.text)
    EXTI4_IRQHandler                         0x080001c3   Thumb Code     0  startup_stm32f10x_md.o(.text)
    EXTI9_5_IRQHandler                       0x080001c3   Thumb Code     0  startup_stm32f10x_md.o(.text)
    FLASH_IRQHandler                         0x080001c3   Thumb Code     0  startup_stm32f10x_md.o(.text)
    I2C1_ER_IRQHandler                       0x080001c3   Thumb Code     0  startup_stm32f10x_md.o(.text)
    I2C1_EV_IRQHandler                       0x080001c3   Thumb Code     0  startup_stm32f10x_md.o(.text)
    I2C2_ER_IRQHandler                       0x080001c3   Thumb Code     0  startup_stm32f10x_md.o(.text)
    I2C2_EV_IRQHandler                       0x080001c3   Thumb Code     0  startup_stm32f10x_md.o(.text)
    PVD_IRQHandler                           0x080001c3   Thumb Code     0  startup_stm32f10x_md.o(.text)
    RCC_IRQHandler                           0x080001c3   Thumb Code     0  startup_stm32f10x_md.o(.text)
    RTCAlarm_IRQHandler                      0x080001c3   Thumb Code     0  startup_stm32f10x_md.o(.text)
    RTC_IRQHandler                           0x080001c3   Thumb Code     0  startup_stm32f10x_md.o(.text)
    SPI1_IRQHandler                          0x080001c3   Thumb Code     0  startup_stm32f10x_md.o(.text)
    SPI2_IRQHandler                          0x080001c3   Thumb Code     0  startup_stm32f10x_md.o(.text)
    TAMPER_IRQHandler                        0x080001c3   Thumb Code     0  startup_stm32f10x_md.o(.text)
    TIM1_BRK_IRQHandler                      0x080001c3   Thumb Code     0  startup_stm32f10x_md.o(.text)
    TIM1_CC_IRQHandler                       0x080001c3   Thumb Code     0  startup_stm32f10x_md.o(.text)
    TIM1_TRG_COM_IRQHandler                  0x080001c3   Thumb Code     0  startup_stm32f10x_md.o(.text)
    TIM1_UP_IRQHandler                       0x080001c3   Thumb Code     0  startup_stm32f10x_md.o(.text)
    TIM2_IRQHandler                          0x080001c3   Thumb Code     0  startup_stm32f10x_md.o(.text)
    TIM3_IRQHandler                          0x080001c3   Thumb Code     0  startup_stm32f10x_md.o(.text)
    TIM4_IRQHandler                          0x080001c3   Thumb Code     0  startup_stm32f10x_md.o(.text)
    USART1_IRQHandler                        0x080001c3   Thumb Code     0  startup_stm32f10x_md.o(.text)
    USART2_IRQHandler                        0x080001c3   Thumb Code     0  startup_stm32f10x_md.o(.text)
    USART3_IRQHandler                        0x080001c3   Thumb Code     0  startup_stm32f10x_md.o(.text)
    USBWakeUp_IRQHandler                     0x080001c3   Thumb Code     0  startup_stm32f10x_md.o(.text)
    USB_HP_CAN1_TX_IRQHandler                0x080001c3   Thumb Code     0  startup_stm32f10x_md.o(.text)
    USB_LP_CAN1_RX0_IRQHandler               0x080001c3   Thumb Code     0  startup_stm32f10x_md.o(.text)
    WWDG_IRQHandler                          0x080001c3   Thumb Code     0  startup_stm32f10x_md.o(.text)
    __user_initial_stackheap                 0x080001c5   Thumb Code     0  startup_stm32f10x_md.o(.text)
    __2printf                                0x080001e9   Thumb Code    20  noretval__2printf.o(.text)
    __2sprintf                               0x08000201   Thumb Code    34  noretval__2sprintf.o(.text)
    _printf_int_dec                          0x08000229   Thumb Code   104  _printf_dec.o(.text)
    __printf                                 0x080002a1   Thumb Code   308  __printf_flags_wp.o(.text)
    strlen                                   0x080003d9   Thumb Code    62  strlen.o(.text)
    __use_two_region_memory                  0x08000417   Thumb Code     2  heapauxi.o(.text)
    __rt_heap_escrow$2region                 0x08000419   Thumb Code     2  heapauxi.o(.text)
    __rt_heap_expand$2region                 0x0800041b   Thumb Code     2  heapauxi.o(.text)
    _printf_int_common                       0x0800041d   Thumb Code   178  _printf_intcommon.o(.text)
    __lib_sel_fp_printf                      0x080004cf   Thumb Code     2  _printf_fp_dec.o(.text)
    _printf_fp_dec_real                      0x0800067d   Thumb Code   620  _printf_fp_dec.o(.text)
    _printf_char_common                      0x080008f3   Thumb Code    32  _printf_char_common.o(.text)
    _sputc                                   0x08000919   Thumb Code    10  _sputc.o(.text)
    _printf_char_file                        0x08000925   Thumb Code    32  _printf_char_file.o(.text)
    __rt_locale                              0x08000949   Thumb Code     8  rt_locale_intlibspace.o(.text)
    _ll_udiv10                               0x08000951   Thumb Code   138  lludiv10.o(.text)
    _printf_fp_infnan                        0x080009dd   Thumb Code   112  _printf_fp_infnan.o(.text)
    _btod_etento                             0x08000a5d   Thumb Code   216  bigflt0.o(.text)
    __user_libspace                          0x08000b39   Thumb Code     8  libspace.o(.text)
    __user_perproc_libspace                  0x08000b39   Thumb Code     0  libspace.o(.text)
    __user_perthread_libspace                0x08000b39   Thumb Code     0  libspace.o(.text)
    __user_setup_stackheap                   0x08000b41   Thumb Code    74  sys_stackheap_outer.o(.text)
    exit                                     0x08000b8b   Thumb Code    18  exit.o(.text)
    strcmp                                   0x08000b9d   Thumb Code   128  strcmpv7m.o(.text)
    _btod_d2e                                0x08000c1d   Thumb Code    62  btod.o(CL$$btod_d2e)
    _d2e_denorm_low                          0x08000c5b   Thumb Code    70  btod.o(CL$$btod_d2e_denorm_low)
    _d2e_norm_op1                            0x08000ca1   Thumb Code    96  btod.o(CL$$btod_d2e_norm_op1)
    __btod_div_common                        0x08000d01   Thumb Code   696  btod.o(CL$$btod_div_common)
    _e2e                                     0x08001039   Thumb Code   198  btod.o(CL$$btod_e2e)
    _btod_ediv                               0x080010ff   Thumb Code    40  btod.o(CL$$btod_ediv)
    _btod_emul                               0x08001127   Thumb Code    40  btod.o(CL$$btod_emul)
    __btod_mult_common                       0x0800114f   Thumb Code   580  btod.o(CL$$btod_mult_common)
    Delay                                    0x08001395   Thumb Code    20  ti_lib.o(i.Delay)
    Init_IO                                  0x080013ad   Thumb Code    32  sim_board_io.o(i.Init_IO)
    Init_SPI                                 0x080013d5   Thumb Code    60  sim_board_io.o(i.Init_SPI)
    Init_System_Clock                        0x08001425   Thumb Code    94  sim_board_io.o(i.Init_System_Clock)
    Init_TI_Board                            0x08001491   Thumb Code    30  ti_lib.o(i.Init_TI_Board)
    SER_Init                                 0x080014b1   Thumb Code   134  serial.o(i.SER_Init)
    SER_PutChar                              0x08001549   Thumb Code    26  serial.o(i.SER_PutChar)
    SysTick_Handler                          0x08001651   Thumb Code     8  ti_lib.o(i.SysTick_Handler)
    SystemCoreClockUpdate                    0x08001659   Thumb Code   142  system_stm32f10x.o(i.SystemCoreClockUpdate)
    SystemInit                               0x080016fd   Thumb Code    78  system_stm32f10x.o(i.SystemInit)
    TFT_Init                                 0x0800175d   Thumb Code    20  tft.o(i.TFT_Init)
    TFT_cls                                  0x08001771   Thumb Code    10  tft.o(i.TFT_cls)
    TFT_gotoxy                               0x0800177b   Thumb Code    46  tft.o(i.TFT_gotoxy)
    TFT_putc                                 0x080017a9   Thumb Code    30  tft.o(i.TFT_putc)
    TFT_puts                                 0x080017c7   Thumb Code    20  tft.o(i.TFT_puts)
    TFT_send_data                            0x080017dd   Thumb Code   230  tft.o(i.TFT_send_data)
    TFT_terminal_on                          0x080018cd   Thumb Code    30  tft.o(i.TFT_terminal_on)
    TFT_touch_key_feedback                   0x080018eb   Thumb Code    72  tft.o(i.TFT_touch_key_feedback)
    TimingDelay_Decrement                    0x08001935   Thumb Code    28  ti_lib.o(i.TimingDelay_Decrement)
    __ARM_fpclassify                         0x08001959   Thumb Code    40  fpclassify.o(i.__ARM_fpclassify)
    _is_digit                                0x08001981   Thumb Code    14  __printf_wp.o(i._is_digit)
    _sys_exit                                0x0800198f   Thumb Code     4  retarget.o(i._sys_exit)
    ferror                                   0x08001993   Thumb Code     8  retarget.o(i.ferror)
    fputc                                    0x0800199b   Thumb Code    24  retarget.o(i.fputc)
    getState                                 0x080019b5   Thumb Code     6  winkel.o(i.getState)
    getSteps                                 0x080019c1   Thumb Code     6  winkel.o(i.getSteps)
    getTimeStamp                             0x080019cd   Thumb Code     8  timer.o(i.getTimeStamp)
    getWinkel                                0x080019d5   Thumb Code    12  winkel.o(i.getWinkel)
    main                                     0x080019e5   Thumb Code   118  main.o(i.main)
    printLEDsteps                            0x08001a9d   Thumb Code   126  steps.o(i.printLEDsteps)
    setWinkel                                0x08001b31   Thumb Code   280  winkel.o(i.setWinkel)
    timerinit                                0x08001c65   Thumb Code    40  timer.o(i.timerinit)
    _get_lc_numeric                          0x08001c91   Thumb Code    44  lc_numeric_c.o(locale$$code)
    __aeabi_ddiv                             0x08001cbd   Thumb Code     0  ddiv.o(x$fpl$ddiv)
    _ddiv                                    0x08001cbd   Thumb Code   552  ddiv.o(x$fpl$ddiv)
    __aeabi_d2iz                             0x08001f6d   Thumb Code     0  dfix.o(x$fpl$dfix)
    _dfix                                    0x08001f6d   Thumb Code    94  dfix.o(x$fpl$dfix)
    __aeabi_i2d                              0x08001fcb   Thumb Code     0  dflt_clz.o(x$fpl$dflt)
    _dflt                                    0x08001fcb   Thumb Code    46  dflt_clz.o(x$fpl$dflt)
    __aeabi_ui2d                             0x08001ff9   Thumb Code     0  dflt_clz.o(x$fpl$dfltu)
    _dfltu                                   0x08001ff9   Thumb Code    38  dflt_clz.o(x$fpl$dfltu)
    __fpl_dnaninf                            0x0800201f   Thumb Code   156  dnaninf.o(x$fpl$dnaninf)
    __fpl_dretinf                            0x080020bb   Thumb Code    12  dretinf.o(x$fpl$dretinf)
    _printf_fp_dec                           0x080020c7   Thumb Code     4  printf1.o(x$fpl$printf1)
    __I$use$fp                               0x080020ca   Number         0  usenofp.o(x$fpl$usenofp)
    Region$$Table$$Base                      0x08002170   Number         0  anon$$obj.o(Region$$Table)
    Region$$Table$$Limit                     0x08002190   Number         0  anon$$obj.o(Region$$Table)
    SystemCoreClock                          0x20000008   Data           4  system_stm32f10x.o(.data)
    AHBPrescTable                            0x2000000c   Data          16  system_stm32f10x.o(.data)
    __stdout                                 0x2000001c   Data           4  retarget.o(.data)
    __stdin                                  0x20000020   Data           4  retarget.o(.data)
    __stderr                                 0x20000024   Data           4  retarget.o(.data)
    bitPosition                              0x20000028   Data           4  steps.o(.data)
    bit                                      0x2000002c   Data           4  steps.o(.data)
    steps                                    0x20000030   Data           1  winkel.o(.data)
    winkel                                   0x20000034   Data           4  winkel.o(.data)
    winkelcounter                            0x20000038   Data           4  winkel.o(.data)
    state                                    0x2000003c   Data           4  winkel.o(.data)
    newstate                                 0x20000040   Data           4  winkel.o(.data)
    __libspace_start                         0x20000044   Data          96  libspace.o(.bss)
    __temporary_stack_top$libspace           0x200000a4   Data           0  libspace.o(.bss)



==============================================================================

Memory Map of the image

  Image Entry point : 0x080000ed

  Load Region LR_IROM1 (Base: 0x08000000, Size: 0x000021f0, Max: 0x00040000, ABSOLUTE)

    Execution Region ER_IROM1 (Base: 0x08000000, Size: 0x000021ac, Max: 0x00040000, ABSOLUTE)

    Base Addr    Size         Type   Attr      Idx    E Section Name        Object

    0x08000000   0x000000ec   Data   RO          505    RESET               startup_stm32f10x_md.o
    0x080000ec   0x00000008   Code   RO          842  * !!!main             c_w.l(__main.o)
    0x080000f4   0x00000034   Code   RO         1069    !!!scatter          c_w.l(__scatter.o)
    0x08000128   0x0000001a   Code   RO         1071    !!handler_copy      c_w.l(__scatter_copy.o)
    0x08000142   0x00000002   PAD
    0x08000144   0x0000001c   Code   RO         1073    !!handler_zi        c_w.l(__scatter_zi.o)
    0x08000160   0x00000000   Code   RO          835    .ARM.Collect$$_printf_percent$$00000000  c_w.l(_printf_percent.o)
    0x08000160   0x00000006   Code   RO          834    .ARM.Collect$$_printf_percent$$00000003  c_w.l(_printf_f.o)
    0x08000166   0x00000006   Code   RO          833    .ARM.Collect$$_printf_percent$$00000009  c_w.l(_printf_d.o)
    0x0800016c   0x00000004   Code   RO          873    .ARM.Collect$$_printf_percent$$00000017  c_w.l(_printf_percent_end.o)
    0x08000170   0x00000002   Code   RO          951    .ARM.Collect$$libinit$$00000000  c_w.l(libinit.o)
    0x08000172   0x00000000   Code   RO          953    .ARM.Collect$$libinit$$00000002  c_w.l(libinit2.o)
    0x08000172   0x00000000   Code   RO          955    .ARM.Collect$$libinit$$00000004  c_w.l(libinit2.o)
    0x08000172   0x00000000   Code   RO          958    .ARM.Collect$$libinit$$0000000A  c_w.l(libinit2.o)
    0x08000172   0x00000000   Code   RO          960    .ARM.Collect$$libinit$$0000000C  c_w.l(libinit2.o)
    0x08000172   0x00000000   Code   RO          962    .ARM.Collect$$libinit$$0000000E  c_w.l(libinit2.o)
    0x08000172   0x00000006   Code   RO          963    .ARM.Collect$$libinit$$0000000F  c_w.l(libinit2.o)
    0x08000178   0x00000000   Code   RO          965    .ARM.Collect$$libinit$$00000011  c_w.l(libinit2.o)
    0x08000178   0x00000000   Code   RO          967    .ARM.Collect$$libinit$$00000013  c_w.l(libinit2.o)
    0x08000178   0x00000000   Code   RO          969    .ARM.Collect$$libinit$$00000015  c_w.l(libinit2.o)
    0x08000178   0x0000000a   Code   RO          970    .ARM.Collect$$libinit$$00000016  c_w.l(libinit2.o)
    0x08000182   0x00000000   Code   RO          971    .ARM.Collect$$libinit$$00000017  c_w.l(libinit2.o)
    0x08000182   0x00000000   Code   RO          973    .ARM.Collect$$libinit$$00000019  c_w.l(libinit2.o)
    0x08000182   0x00000000   Code   RO          975    .ARM.Collect$$libinit$$0000001B  c_w.l(libinit2.o)
    0x08000182   0x00000000   Code   RO          977    .ARM.Collect$$libinit$$0000001D  c_w.l(libinit2.o)
    0x08000182   0x00000000   Code   RO          979    .ARM.Collect$$libinit$$0000001F  c_w.l(libinit2.o)
    0x08000182   0x00000000   Code   RO          981    .ARM.Collect$$libinit$$00000021  c_w.l(libinit2.o)
    0x08000182   0x00000000   Code   RO          983    .ARM.Collect$$libinit$$00000023  c_w.l(libinit2.o)
    0x08000182   0x00000000   Code   RO          985    .ARM.Collect$$libinit$$00000025  c_w.l(libinit2.o)
    0x08000182   0x00000000   Code   RO          989    .ARM.Collect$$libinit$$0000002C  c_w.l(libinit2.o)
    0x08000182   0x00000000   Code   RO          991    .ARM.Collect$$libinit$$0000002E  c_w.l(libinit2.o)
    0x08000182   0x00000000   Code   RO          993    .ARM.Collect$$libinit$$00000030  c_w.l(libinit2.o)
    0x08000182   0x00000000   Code   RO          995    .ARM.Collect$$libinit$$00000032  c_w.l(libinit2.o)
    0x08000182   0x00000002   Code   RO          996    .ARM.Collect$$libinit$$00000033  c_w.l(libinit2.o)
    0x08000184   0x00000002   Code   RO         1022    .ARM.Collect$$libshutdown$$00000000  c_w.l(libshutdown.o)
    0x08000186   0x00000000   Code   RO         1030    .ARM.Collect$$libshutdown$$00000002  c_w.l(libshutdown2.o)
    0x08000186   0x00000000   Code   RO         1032    .ARM.Collect$$libshutdown$$00000004  c_w.l(libshutdown2.o)
    0x08000186   0x00000000   Code   RO         1035    .ARM.Collect$$libshutdown$$00000007  c_w.l(libshutdown2.o)
    0x08000186   0x00000000   Code   RO         1038    .ARM.Collect$$libshutdown$$0000000A  c_w.l(libshutdown2.o)
    0x08000186   0x00000000   Code   RO         1040    .ARM.Collect$$libshutdown$$0000000C  c_w.l(libshutdown2.o)
    0x08000186   0x00000000   Code   RO         1043    .ARM.Collect$$libshutdown$$0000000F  c_w.l(libshutdown2.o)
    0x08000186   0x00000002   Code   RO         1044    .ARM.Collect$$libshutdown$$00000010  c_w.l(libshutdown2.o)
    0x08000188   0x00000000   Code   RO          860    .ARM.Collect$$rtentry$$00000000  c_w.l(__rtentry.o)
    0x08000188   0x00000000   Code   RO          880    .ARM.Collect$$rtentry$$00000002  c_w.l(__rtentry2.o)
    0x08000188   0x00000006   Code   RO          892    .ARM.Collect$$rtentry$$00000004  c_w.l(__rtentry4.o)
    0x0800018e   0x00000000   Code   RO          882    .ARM.Collect$$rtentry$$00000009  c_w.l(__rtentry2.o)
    0x0800018e   0x00000004   Code   RO          883    .ARM.Collect$$rtentry$$0000000A  c_w.l(__rtentry2.o)
    0x08000192   0x00000000   Code   RO          885    .ARM.Collect$$rtentry$$0000000C  c_w.l(__rtentry2.o)
    0x08000192   0x00000008   Code   RO          886    .ARM.Collect$$rtentry$$0000000D  c_w.l(__rtentry2.o)
    0x0800019a   0x00000002   Code   RO          997    .ARM.Collect$$rtexit$$00000000  c_w.l(rtexit.o)
    0x0800019c   0x00000000   Code   RO         1004    .ARM.Collect$$rtexit$$00000002  c_w.l(rtexit2.o)
    0x0800019c   0x00000004   Code   RO         1005    .ARM.Collect$$rtexit$$00000003  c_w.l(rtexit2.o)
    0x080001a0   0x00000006   Code   RO         1006    .ARM.Collect$$rtexit$$00000004  c_w.l(rtexit2.o)
    0x080001a6   0x00000002   PAD
    0x080001a8   0x00000040   Code   RO          506    .text               startup_stm32f10x_md.o
    0x080001e8   0x00000018   Code   RO          779    .text               c_w.l(noretval__2printf.o)
    0x08000200   0x00000028   Code   RO          781    .text               c_w.l(noretval__2sprintf.o)
    0x08000228   0x00000078   Code   RO          789    .text               c_w.l(_printf_dec.o)
    0x080002a0   0x00000138   Code   RO          824    .text               c_w.l(__printf_flags_wp.o)
    0x080003d8   0x0000003e   Code   RO          838    .text               c_w.l(strlen.o)
    0x08000416   0x00000006   Code   RO          840    .text               c_w.l(heapauxi.o)
    0x0800041c   0x000000b2   Code   RO          861    .text               c_w.l(_printf_intcommon.o)
    0x080004ce   0x0000041a   Code   RO          863    .text               c_w.l(_printf_fp_dec.o)
    0x080008e8   0x00000030   Code   RO          865    .text               c_w.l(_printf_char_common.o)
    0x08000918   0x0000000a   Code   RO          867    .text               c_w.l(_sputc.o)
    0x08000922   0x00000002   PAD
    0x08000924   0x00000024   Code   RO          871    .text               c_w.l(_printf_char_file.o)
    0x08000948   0x00000008   Code   RO          897    .text               c_w.l(rt_locale_intlibspace.o)
    0x08000950   0x0000008a   Code   RO          899    .text               c_w.l(lludiv10.o)
    0x080009da   0x00000002   PAD
    0x080009dc   0x00000080   Code   RO          901    .text               c_w.l(_printf_fp_infnan.o)
    0x08000a5c   0x000000dc   Code   RO          905    .text               c_w.l(bigflt0.o)
    0x08000b38   0x00000008   Code   RO          937    .text               c_w.l(libspace.o)
    0x08000b40   0x0000004a   Code   RO          940    .text               c_w.l(sys_stackheap_outer.o)
    0x08000b8a   0x00000012   Code   RO          942    .text               c_w.l(exit.o)
    0x08000b9c   0x00000080   Code   RO          944    .text               c_w.l(strcmpv7m.o)
    0x08000c1c   0x0000003e   Code   RO          908    CL$$btod_d2e        c_w.l(btod.o)
    0x08000c5a   0x00000046   Code   RO          910    CL$$btod_d2e_denorm_low  c_w.l(btod.o)
    0x08000ca0   0x00000060   Code   RO          909    CL$$btod_d2e_norm_op1  c_w.l(btod.o)
    0x08000d00   0x00000338   Code   RO          918    CL$$btod_div_common  c_w.l(btod.o)
    0x08001038   0x000000c6   Code   RO          915    CL$$btod_e2e        c_w.l(btod.o)
    0x080010fe   0x00000028   Code   RO          912    CL$$btod_ediv       c_w.l(btod.o)
    0x08001126   0x00000028   Code   RO          911    CL$$btod_emul       c_w.l(btod.o)
    0x0800114e   0x00000244   Code   RO          917    CL$$btod_mult_common  c_w.l(btod.o)
    0x08001392   0x00000002   PAD
    0x08001394   0x00000018   Code   RO          401    i.Delay             ti_lib.o
    0x080013ac   0x00000028   Code   RO          623    i.Init_IO           sim_board_io.o
    0x080013d4   0x00000050   Code   RO          624    i.Init_SPI          sim_board_io.o
    0x08001424   0x0000006c   Code   RO          625    i.Init_System_Clock  sim_board_io.o
    0x08001490   0x0000001e   Code   RO          402    i.Init_TI_Board     ti_lib.o
    0x080014ae   0x00000002   PAD
    0x080014b0   0x00000098   Code   RO          514    i.SER_Init          serial.o
    0x08001548   0x00000020   Code   RO          515    i.SER_PutChar       serial.o
    0x08001568   0x00000008   Code   RO          456    i.SetSysClock       system_stm32f10x.o
    0x08001570   0x000000e0   Code   RO          457    i.SetSysClockTo72   system_stm32f10x.o
    0x08001650   0x00000008   Code   RO          403    i.SysTick_Handler   ti_lib.o
    0x08001658   0x000000a4   Code   RO          458    i.SystemCoreClockUpdate  system_stm32f10x.o
    0x080016fc   0x00000060   Code   RO          459    i.SystemInit        system_stm32f10x.o
    0x0800175c   0x00000014   Code   RO           63    i.TFT_Init          tft.o
    0x08001770   0x0000000a   Code   RO           74    i.TFT_cls           tft.o
    0x0800177a   0x0000002e   Code   RO           80    i.TFT_gotoxy        tft.o
    0x080017a8   0x0000001e   Code   RO           87    i.TFT_putc          tft.o
    0x080017c6   0x00000014   Code   RO           88    i.TFT_puts          tft.o
    0x080017da   0x00000002   PAD
    0x080017dc   0x000000f0   Code   RO           90    i.TFT_send_data     tft.o
    0x080018cc   0x0000001e   Code   RO          100    i.TFT_terminal_on   tft.o
    0x080018ea   0x00000048   Code   RO          107    i.TFT_touch_key_feedback  tft.o
    0x08001932   0x00000002   PAD
    0x08001934   0x00000024   Code   RO          404    i.TimingDelay_Decrement  ti_lib.o
    0x08001958   0x00000028   Code   RO          935    i.__ARM_fpclassify  m_ws.l(fpclassify.o)
    0x08001980   0x0000000e   Code   RO          822    i._is_digit         c_w.l(__printf_wp.o)
    0x0800198e   0x00000004   Code   RO          552    i._sys_exit         retarget.o
    0x08001992   0x00000008   Code   RO          554    i.ferror            retarget.o
    0x0800199a   0x00000018   Code   RO          556    i.fputc             retarget.o
    0x080019b2   0x00000002   PAD
    0x080019b4   0x0000000c   Code   RO          732    i.getState          winkel.o
    0x080019c0   0x0000000c   Code   RO          733    i.getSteps          winkel.o
    0x080019cc   0x00000008   Code   RO          372    i.getTimeStamp      timer.o
    0x080019d4   0x00000010   Code   RO          734    i.getWinkel         winkel.o
    0x080019e4   0x000000b8   Code   RO          662    i.main              main.o
    0x08001a9c   0x00000094   Code   RO          709    i.printLEDsteps     steps.o
    0x08001b30   0x00000134   Code   RO          735    i.setWinkel         winkel.o
    0x08001c64   0x0000002c   Code   RO          373    i.timerinit         timer.o
    0x08001c90   0x0000002c   Code   RO          931    locale$$code        c_w.l(lc_numeric_c.o)
    0x08001cbc   0x000002b0   Code   RO          845    x$fpl$ddiv          fz_ws.l(ddiv.o)
    0x08001f6c   0x0000005e   Code   RO          848    x$fpl$dfix          fz_ws.l(dfix.o)
    0x08001fca   0x0000002e   Code   RO          853    x$fpl$dflt          fz_ws.l(dflt_clz.o)
    0x08001ff8   0x00000026   Code   RO          852    x$fpl$dfltu         fz_ws.l(dflt_clz.o)
    0x0800201e   0x0000009c   Code   RO          874    x$fpl$dnaninf       fz_ws.l(dnaninf.o)
    0x080020ba   0x0000000c   Code   RO          876    x$fpl$dretinf       fz_ws.l(dretinf.o)
    0x080020c6   0x00000004   Code   RO          858    x$fpl$printf1       fz_ws.l(printf1.o)
    0x080020ca   0x00000000   Code   RO          878    x$fpl$usenofp       fz_ws.l(usenofp.o)
    0x080020ca   0x00000011   Data   RO          825    .constdata          c_w.l(__printf_flags_wp.o)
    0x080020db   0x00000001   PAD
    0x080020dc   0x00000094   Data   RO          906    .constdata          c_w.l(bigflt0.o)
    0x08002170   0x00000020   Data   RO         1067    Region$$Table       anon$$obj.o
    0x08002190   0x0000001c   Data   RO          930    locale$$data        c_w.l(lc_numeric_c.o)


    Execution Region RW_IRAM1 (Base: 0x20000000, Size: 0x000090a8, Max: 0x0000c000, ABSOLUTE)

    Base Addr    Size         Type   Attr      Idx    E Section Name        Object

    0x20000000   0x00000008   Data   RW          406    .data               ti_lib.o
    0x20000008   0x00000014   Data   RW          460    .data               system_stm32f10x.o
    0x2000001c   0x0000000c   Data   RW          557    .data               retarget.o
    0x20000028   0x00000008   Data   RW          710    .data               steps.o
    0x20000030   0x00000014   Data   RW          736    .data               winkel.o
    0x20000044   0x00000060   Zero   RW          938    .bss                c_w.l(libspace.o)
    0x200000a4   0x00000004   PAD
    0x200000a8   0x00008000   Zero   RW          504    HEAP                startup_stm32f10x_md.o
    0x200080a8   0x00001000   Zero   RW          503    STACK               startup_stm32f10x_md.o


==============================================================================

Image component sizes


      Code (inc. data)   RO Data    RW Data    ZI Data      Debug   Object Name

         0          0          0          0          0       4508   assert.o
       184         66          0          0          0        507   main.o
        36          0          0         12          0       3263   retarget.o
       184         24          0          0          0        973   serial.o
       228         42          0          0          0      23576   sim_board_io.o
        64         26        236          0      36864        804   startup_stm32f10x_md.o
       148         22          0          8          0        722   steps.o
       492         50          0         20          0     206589   system_stm32f10x.o
       468         10          0          0          0       4379   tft.o
        98         12          0          8          0       2290   ti_lib.o
        52          4          0          0          0        835   timer.o
       348         44          0         20          0       2106   winkel.o

    ----------------------------------------------------------------------
      2310        300        268         68      36864     250552   Object Totals
         0          0         32          0          0          0   (incl. Generated)
         8          0          0          0          0          0   (incl. Padding)

    ----------------------------------------------------------------------

      Code (inc. data)   RO Data    RW Data    ZI Data      Debug   Library Member Name

         8          0          0          0          0         68   __main.o
       312          4         17          0          0         92   __printf_flags_wp.o
        14          0          0          0          0         68   __printf_wp.o
         0          0          0          0          0          0   __rtentry.o
        12          0          0          0          0          0   __rtentry2.o
         6          0          0          0          0          0   __rtentry4.o
        52          8          0          0          0          0   __scatter.o
        26          0          0          0          0          0   __scatter_copy.o
        28          0          0          0          0          0   __scatter_zi.o
        48          6          0          0          0         96   _printf_char_common.o
        36          4          0          0          0         80   _printf_char_file.o
         6          0          0          0          0          0   _printf_d.o
       120         16          0          0          0         92   _printf_dec.o
         6          0          0          0          0          0   _printf_f.o
      1050          0          0          0          0        216   _printf_fp_dec.o
       128         16          0          0          0         84   _printf_fp_infnan.o
       178          0          0          0          0         88   _printf_intcommon.o
         0          0          0          0          0          0   _printf_percent.o
         4          0          0          0          0          0   _printf_percent_end.o
        10          0          0          0          0         68   _sputc.o
       220          4        148          0          0         96   bigflt0.o
      1910        128          0          0          0        672   btod.o
        18          0          0          0          0         80   exit.o
         6          0          0          0          0        152   heapauxi.o
        44         10         28          0          0         76   lc_numeric_c.o
         2          0          0          0          0          0   libinit.o
        18          0          0          0          0          0   libinit2.o
         2          0          0          0          0          0   libshutdown.o
         2          0          0          0          0          0   libshutdown2.o
         8          4          0          0         96         68   libspace.o
       138          0          0          0          0         80   lludiv10.o
        24          4          0          0          0         84   noretval__2printf.o
        40          6          0          0          0         84   noretval__2sprintf.o
         8          4          0          0          0         68   rt_locale_intlibspace.o
         2          0          0          0          0          0   rtexit.o
        10          0          0          0          0          0   rtexit2.o
       128          0          0          0          0         68   strcmpv7m.o
        62          0          0          0          0         76   strlen.o
        74          0          0          0          0         80   sys_stackheap_outer.o
       688        140          0          0          0        208   ddiv.o
        94          4          0          0          0         92   dfix.o
        84          0          0          0          0        136   dflt_clz.o
       156          4          0          0          0         92   dnaninf.o
        12          0          0          0          0         68   dretinf.o
         4          0          0          0          0         68   printf1.o
         0          0          0          0          0          0   usenofp.o
        40          0          0          0          0         68   fpclassify.o

    ----------------------------------------------------------------------
      5848        362        194          0        100       3368   Library Totals
        10          0          1          0          4          0   (incl. Padding)

    ----------------------------------------------------------------------

      Code (inc. data)   RO Data    RW Data    ZI Data      Debug   Library Name

      4760        214        193          0         96       2636   c_w.l
      1038        148          0          0          0        664   fz_ws.l
        40          0          0          0          0         68   m_ws.l

    ----------------------------------------------------------------------
      5848        362        194          0        100       3368   Library Totals

    ----------------------------------------------------------------------

==============================================================================


      Code (inc. data)   RO Data    RW Data    ZI Data      Debug   

      8158        662        462         68      36964     250692   Grand Totals
      8158        662        462         68      36964     250692   ELF Image Totals
      8158        662        462         68          0          0   ROM Totals

==============================================================================

    Total RO  Size (Code + RO Data)                 8620 (   8.42kB)
    Total RW  Size (RW Data + ZI Data)             37032 (  36.16kB)
    Total ROM Size (Code + RO Data + RW Data)       8688 (   8.48kB)

==============================================================================

