Component: ARM Compiler 5.06 update 4 (build 422) Tool: armlink [4d35d2]

==============================================================================

Section Cross References

    keypad.o(i.Clear_Line) refers to tft.o(i.TFT_set_window) for TFT_set_window
    keypad.o(i.Clear_Line) refers to tft.o(i.TFT_cls) for TFT_cls
    keypad.o(i.Display_value) refers to _printf_percent.o(.ARM.Collect$$_printf_percent$$00000000) for _printf_percent
    keypad.o(i.Display_value) refers to _printf_d.o(.ARM.Collect$$_printf_percent$$00000009) for _printf_d
    keypad.o(i.Display_value) refers to _printf_dec.o(.text) for _printf_int_dec
    keypad.o(i.Display_value) refers to tft.o(i.TFT_set_window) for TFT_set_window
    keypad.o(i.Display_value) refers to noretval__2snprintf.o(.text) for __2snprintf
    keypad.o(i.Display_value) refers to tft.o(i.TFT_cls) for TFT_cls
    keypad.o(i.Display_value) refers to tft.o(i.TFT_putc) for TFT_putc
    keypad.o(i.Get_Touch_Pad_Input) refers to _printf_pad.o(.text) for _printf_pre_padding
    keypad.o(i.Get_Touch_Pad_Input) refers to _printf_percent.o(.ARM.Collect$$_printf_percent$$00000000) for _printf_percent
    keypad.o(i.Get_Touch_Pad_Input) refers to _printf_x.o(.ARM.Collect$$_printf_percent$$0000000C) for _printf_x
    keypad.o(i.Get_Touch_Pad_Input) refers to _printf_hex_int.o(.text) for _printf_longlong_hex
    keypad.o(i.Get_Touch_Pad_Input) refers to tft.o(i.TFT_get_data) for TFT_get_data
    keypad.o(i.Get_Touch_Pad_Input) refers to noretval__2printf.o(.text) for __2printf
    keypad.o(i.Make_Touch_Pad) refers to tft.o(i.TFT_Init) for TFT_Init
    keypad.o(i.Make_Touch_Pad) refers to tft.o(i.TFT_cursor_off) for TFT_cursor_off
    keypad.o(i.Make_Touch_Pad) refers to tft.o(i.TFT_graphic_cls) for TFT_graphic_cls
    keypad.o(i.Make_Touch_Pad) refers to tft.o(i.TFT_touch_area_clear) for TFT_touch_area_clear
    keypad.o(i.Make_Touch_Pad) refers to tft.o(i.TFT_set_font_color) for TFT_set_font_color
    keypad.o(i.Make_Touch_Pad) refers to tft.o(i.TFT_set_window) for TFT_set_window
    keypad.o(i.Make_Touch_Pad) refers to tft.o(i.TFT_terminal_on) for TFT_terminal_on
    keypad.o(i.Make_Touch_Pad) refers to tft.o(i.TFT_touch_area_font_color) for TFT_touch_area_font_color
    keypad.o(i.Make_Touch_Pad) refers to tft.o(i.TFT_touch_area_font) for TFT_touch_area_font
    keypad.o(i.Make_Touch_Pad) refers to tft.o(i.TFT_touch_area_frame) for TFT_touch_area_frame
    keypad.o(i.Make_Touch_Pad) refers to tft.o(i.TFT_touch_area_color) for TFT_touch_area_color
    keypad.o(i.Make_Touch_Pad) refers to tft.o(i.TFT_touch_area) for TFT_touch_area
    tft.o(i.TFT_Init) refers to tft.o(i.TFT_terminal_on) for TFT_terminal_on
    tft.o(i.TFT_Init) refers to tft.o(i.TFT_cls) for TFT_cls
    tft.o(i.TFT_Init) refers to tft.o(i.TFT_touch_key_feedback) for TFT_touch_key_feedback
    tft.o(i.TFT_bargraph_color) refers to tft.o(i.TFT_send_data) for TFT_send_data
    tft.o(i.TFT_bargraph_define) refers to tft.o(i.TFT_send_data) for TFT_send_data
    tft.o(i.TFT_bargraph_fill_pattern) refers to tft.o(i.TFT_send_data) for TFT_send_data
    tft.o(i.TFT_bargraph_frame) refers to tft.o(i.TFT_send_data) for TFT_send_data
    tft.o(i.TFT_bargraph_value) refers to tft.o(i.TFT_send_data) for TFT_send_data
    tft.o(i.TFT_bigString) refers to tft.o(i.TFT_set_font) for TFT_set_font
    tft.o(i.TFT_bigString) refers to tft.o(i.TFT_send_data) for TFT_send_data
    tft.o(i.TFT_bigText) refers to tft.o(i.TFT_set_font) for TFT_set_font
    tft.o(i.TFT_bigText) refers to tft.o(i.TFT_send_data) for TFT_send_data
    tft.o(i.TFT_buzzer_off) refers to tft.o(i.TFT_send_data) for TFT_send_data
    tft.o(i.TFT_buzzer_on) refers to tft.o(i.TFT_send_data) for TFT_send_data
    tft.o(i.TFT_carriage_return) refers to tft.o(i.TFT_putc) for TFT_putc
    tft.o(i.TFT_cls) refers to tft.o(i.TFT_putc) for TFT_putc
    tft.o(i.TFT_cursor_off) refers to tft.o(i.TFT_send_data) for TFT_send_data
    tft.o(i.TFT_cursor_on) refers to tft.o(i.TFT_send_data) for TFT_send_data
    tft.o(i.TFT_draw_line) refers to tft.o(i.TFT_send_data) for TFT_send_data
    tft.o(i.TFT_draw_rectangle) refers to tft.o(i.TFT_send_data) for TFT_send_data
    tft.o(i.TFT_gotoxy) refers to tft.o(i.TFT_send_data) for TFT_send_data
    tft.o(i.TFT_graphic_cls) refers to tft.o(i.TFT_send_data) for TFT_send_data
    tft.o(i.TFT_graphic_puts) refers to tft.o(i.TFT_send_data) for TFT_send_data
    tft.o(i.TFT_graphic_puts_area) refers to tft.o(i.TFT_send_data) for TFT_send_data
    tft.o(i.TFT_graphic_set_point) refers to tft.o(i.TFT_send_data) for TFT_send_data
    tft.o(i.TFT_line_color) refers to tft.o(i.TFT_send_data) for TFT_send_data
    tft.o(i.TFT_newline) refers to tft.o(i.TFT_putc) for TFT_putc
    tft.o(i.TFT_putc) refers to tft.o(i.TFT_send_data) for TFT_send_data
    tft.o(i.TFT_puts) refers to strlen.o(.text) for strlen
[...]
    Removing tft.o(i.TFT_draw_line), (146 bytes).
    Removing tft.o(i.TFT_draw_rectangle), (146 bytes).
    Removing tft.o(i.TFT_graphic_puts), (166 bytes).
    Removing tft.o(i.TFT_graphic_puts_area), (202 bytes).
    Removing tft.o(i.TFT_graphic_set_point), (98 bytes).
    Removing tft.o(i.TFT_line_color), (46 bytes).
    Removing tft.o(i.TFT_newline), (10 bytes).
    Removing tft.o(i.TFT_release), (2 bytes).
    Removing tft.o(i.TFT_set_brightness), (38 bytes).
    Removing tft.o(i.TFT_set_font), (38 bytes).
    Removing tft.o(i.TFT_set_graphic_color), (44 bytes).
    Removing tft.o(i.TFT_set_graphic_text_color), (44 bytes).
    Removing tft.o(i.TFT_set_graphic_text_font), (38 bytes).
    Removing tft.o(i.TFT_set_pixel_color), (44 bytes).
    Removing tft.o(i.TFT_terminal_off), (30 bytes).
    Removing timer.o(.rev16_text), (4 bytes).
    Removing timer.o(.revsh_text), (4 bytes).
    Removing timer.o(i.getTimeStamp), (8 bytes).
    Removing timer.o(i.timerinit), (40 bytes).
    Removing ti_lib.o(.rev16_text), (4 bytes).
    Removing ti_lib.o(.revsh_text), (4 bytes).
    Removing ti_lib.o(i.get_uptime), (12 bytes).
    Removing misc.o(.rev16_text), (4 bytes).
    Removing misc.o(.revsh_text), (4 bytes).
    Removing misc.o(i.NVIC_SetVectorTable), (104 bytes).
    Removing misc.o(i.NVIC_SystemLPConfig), (108 bytes).
    Removing misc.o(i.SysTick_CLKSourceConfig), (96 bytes).
    Removing stm32f4xx_dma.o(.rev16_text), (4 bytes).
    Removing stm32f4xx_dma.o(.revsh_text), (4 bytes).
    Removing stm32f4xx_dma.o(i.DMA_ClearFlag), (272 bytes).
    Removing stm32f4xx_dma.o(i.DMA_ClearITPendingBit), (272 bytes).
    Removing stm32f4xx_dma.o(i.DMA_Cmd), (232 bytes).
    Removing stm32f4xx_dma.o(i.DMA_DeInit), (524 bytes).
    Removing stm32f4xx_dma.o(i.DMA_DoubleBufferModeCmd), (232 bytes).
    Removing stm32f4xx_dma.o(i.DMA_DoubleBufferModeConfig), (236 bytes).
    Removing stm32f4xx_dma.o(i.DMA_FlowControllerConfig), (232 bytes).
    Removing stm32f4xx_dma.o(i.DMA_GetCmdStatus), (208 bytes).
    Removing stm32f4xx_dma.o(i.DMA_GetCurrDataCounter), (196 bytes).
    Removing stm32f4xx_dma.o(i.DMA_GetCurrentMemoryTarget), (208 bytes).
    Removing stm32f4xx_dma.o(i.DMA_GetFIFOStatus), (200 bytes).
    Removing stm32f4xx_dma.o(i.DMA_GetFlagStatus), (596 bytes).
    Removing stm32f4xx_dma.o(i.DMA_GetITStatus), (700 bytes).
    Removing stm32f4xx_dma.o(i.DMA_ITConfig), (288 bytes).
    Removing stm32f4xx_dma.o(i.DMA_Init), (712 bytes).
    Removing stm32f4xx_dma.o(i.DMA_MemoryTargetConfig), (224 bytes).
    Removing stm32f4xx_dma.o(i.DMA_PeriphIncOffsetSizeConfig), (232 bytes).
    Removing stm32f4xx_dma.o(i.DMA_SetCurrDataCounter), (196 bytes).
    Removing stm32f4xx_dma.o(i.DMA_StructInit), (34 bytes).
    Removing stm32f4xx_adc.o(.rev16_text), (4 bytes).
    Removing stm32f4xx_adc.o(.revsh_text), (4 bytes).
    Removing stm32f4xx_adc.o(i.ADC_AnalogWatchdogCmd), (168 bytes).
    Removing stm32f4xx_adc.o(i.ADC_AnalogWatchdogSingleChannelConfig), (188 bytes).
    Removing stm32f4xx_adc.o(i.ADC_AnalogWatchdogThresholdsConfig), (132 bytes).
    Removing stm32f4xx_adc.o(i.ADC_AutoInjectedConvCmd), (128 bytes).
    Removing stm32f4xx_adc.o(i.ADC_ClearFlag), (116 bytes).
    Removing stm32f4xx_adc.o(i.ADC_ClearITPendingBit), (140 bytes).
    Removing stm32f4xx_adc.o(i.ADC_Cmd), (128 bytes).
    Removing stm32f4xx_adc.o(i.ADC_CommonInit), (396 bytes).
    Removing stm32f4xx_adc.o(i.ADC_CommonStructInit), (12 bytes).
    Removing stm32f4xx_adc.o(i.ADC_ContinuousModeCmd), (128 bytes).
    Removing stm32f4xx_adc.o(i.ADC_DMACmd), (128 bytes).
    Removing stm32f4xx_adc.o(i.ADC_DMARequestAfterLastTransferCmd), (128 bytes).
    Removing stm32f4xx_adc.o(i.ADC_DeInit), (22 bytes).
    Removing stm32f4xx_adc.o(i.ADC_DiscModeChannelCountConfig), (132 bytes).
    Removing stm32f4xx_adc.o(i.ADC_DiscModeCmd), (128 bytes).
    Removing stm32f4xx_adc.o(i.ADC_EOCOnEachRegularChannelCmd), (128 bytes).
    Removing stm32f4xx_adc.o(i.ADC_ExternalTrigInjectedConvConfig), (208 bytes).
    Removing stm32f4xx_adc.o(i.ADC_ExternalTrigInjectedConvEdgeConfig), (136 bytes).
    Removing stm32f4xx_adc.o(i.ADC_GetConversionValue), (92 bytes).
    Removing stm32f4xx_adc.o(i.ADC_GetFlagStatus), (144 bytes).
    Removing stm32f4xx_adc.o(i.ADC_GetITStatus), (176 bytes).
    Removing stm32f4xx_adc.o(i.ADC_GetInjectedConversionValue), (140 bytes).
    Removing stm32f4xx_adc.o(i.ADC_GetMultiModeConversionValue), (12 bytes).
    Removing stm32f4xx_adc.o(i.ADC_GetSoftwareStartConvStatus), (108 bytes).
    Removing stm32f4xx_adc.o(i.ADC_GetSoftwareStartInjectedConvCmdStatus), (108 bytes).
    Removing stm32f4xx_adc.o(i.ADC_ITConfig), (184 bytes).
    Removing stm32f4xx_adc.o(i.ADC_Init), (464 bytes).
    Removing stm32f4xx_adc.o(i.ADC_InjectedChannelConfig), (384 bytes).
    Removing stm32f4xx_adc.o(i.ADC_InjectedDiscModeCmd), (128 bytes).
    Removing stm32f4xx_adc.o(i.ADC_InjectedSequencerLengthConfig), (132 bytes).
    Removing stm32f4xx_adc.o(i.ADC_MultiModeDMARequestAfterLastTransferCmd), (104 bytes).
    Removing stm32f4xx_adc.o(i.ADC_RegularChannelConfig), (460 bytes).
    Removing stm32f4xx_adc.o(i.ADC_SetInjectedOffset), (156 bytes).
    Removing stm32f4xx_adc.o(i.ADC_SoftwareStartConv), (96 bytes).
    Removing stm32f4xx_adc.o(i.ADC_SoftwareStartInjectedConv), (96 bytes).
    Removing stm32f4xx_adc.o(i.ADC_StructInit), (20 bytes).
    Removing stm32f4xx_adc.o(i.ADC_TempSensorVrefintCmd), (104 bytes).
    Removing stm32f4xx_adc.o(i.ADC_VBATCmd), (104 bytes).
    Removing stm32f4xx_usart.o(.rev16_text), (4 bytes).
    Removing stm32f4xx_usart.o(.revsh_text), (4 bytes).
    Removing stm32f4xx_usart.o(i.USART_ClearFlag), (192 bytes).
    Removing stm32f4xx_usart.o(i.USART_ClearITPendingBit), (228 bytes).
    Removing stm32f4xx_usart.o(i.USART_ClockInit), (224 bytes).
    Removing stm32f4xx_usart.o(i.USART_ClockStructInit), (12 bytes).
    Removing stm32f4xx_usart.o(i.USART_DMACmd), (180 bytes).
    Removing stm32f4xx_usart.o(i.USART_DeInit), (268 bytes).
    Removing stm32f4xx_usart.o(i.USART_GetFlagStatus), (236 bytes).
    Removing stm32f4xx_usart.o(i.USART_GetITStatus), (344 bytes).
    Removing stm32f4xx_usart.o(i.USART_HalfDuplexCmd), (160 bytes).
    Removing stm32f4xx_usart.o(i.USART_ITConfig), (324 bytes).
    Removing stm32f4xx_usart.o(i.USART_IrDACmd), (160 bytes).
    Removing stm32f4xx_usart.o(i.USART_IrDAConfig), (156 bytes).
    Removing stm32f4xx_usart.o(i.USART_LINBreakDetectLengthConfig), (156 bytes).
    Removing stm32f4xx_usart.o(i.USART_LINCmd), (160 bytes).
    Removing stm32f4xx_usart.o(i.USART_OneBitMethodCmd), (160 bytes).
    Removing stm32f4xx_usart.o(i.USART_ReceiveData), (124 bytes).
    Removing stm32f4xx_usart.o(i.USART_ReceiverWakeUpCmd), (160 bytes).
    Removing stm32f4xx_usart.o(i.USART_SendBreak), (128 bytes).
    Removing stm32f4xx_usart.o(i.USART_SendData), (144 bytes).
    Removing stm32f4xx_usart.o(i.USART_SetAddress), (152 bytes).
    Removing stm32f4xx_usart.o(i.USART_SetGuardTime), (116 bytes).
    Removing stm32f4xx_usart.o(i.USART_SetPrescaler), (136 bytes).
    Removing stm32f4xx_usart.o(i.USART_SmartCardCmd), (140 bytes).
    Removing stm32f4xx_usart.o(i.USART_SmartCardNACKCmd), (140 bytes).
    Removing stm32f4xx_usart.o(i.USART_StructInit), (24 bytes).
    Removing stm32f4xx_usart.o(i.USART_WakeUpConfig), (156 bytes).
    Removing stm32f4xx_rcc.o(.rev16_text), (4 bytes).
    Removing stm32f4xx_rcc.o(.revsh_text), (4 bytes).
    Removing stm32f4xx_rcc.o(i.RCC_AHB1PeriphClockLPModeCmd), (120 bytes).
    Removing stm32f4xx_rcc.o(i.RCC_AHB1PeriphResetCmd), (120 bytes).
    Removing stm32f4xx_rcc.o(i.RCC_AHB2PeriphClockCmd), (116 bytes).
    Removing stm32f4xx_rcc.o(i.RCC_AHB2PeriphClockLPModeCmd), (116 bytes).
    Removing stm32f4xx_rcc.o(i.RCC_AHB2PeriphResetCmd), (116 bytes).
    Removing stm32f4xx_rcc.o(i.RCC_AHB3PeriphClockCmd), (116 bytes).
    Removing stm32f4xx_rcc.o(i.RCC_AHB3PeriphClockLPModeCmd), (116 bytes).
    Removing stm32f4xx_rcc.o(i.RCC_AHB3PeriphResetCmd), (116 bytes).
    Removing stm32f4xx_rcc.o(i.RCC_APB1PeriphClockCmd), (120 bytes).
    Removing stm32f4xx_rcc.o(i.RCC_APB1PeriphClockLPModeCmd), (120 bytes).
    Removing stm32f4xx_rcc.o(i.RCC_APB1PeriphResetCmd), (120 bytes).
    Removing stm32f4xx_rcc.o(i.RCC_APB2PeriphClockLPModeCmd), (120 bytes).
    Removing stm32f4xx_rcc.o(i.RCC_APB2PeriphResetCmd), (120 bytes).
    Removing stm32f4xx_rcc.o(i.RCC_AdjustHSICalibrationValue), (84 bytes).
    Removing stm32f4xx_rcc.o(i.RCC_BackupResetCmd), (72 bytes).
    Removing stm32f4xx_rcc.o(i.RCC_ClearFlag), (20 bytes).
    Removing stm32f4xx_rcc.o(i.RCC_ClearITPendingBit), (76 bytes).
    Removing stm32f4xx_rcc.o(i.RCC_ClockSecuritySystemCmd), (72 bytes).
    Removing stm32f4xx_rcc.o(i.RCC_DeInit), (72 bytes).
    Removing stm32f4xx_rcc.o(i.RCC_GetFlagStatus), (176 bytes).
    Removing stm32f4xx_rcc.o(i.RCC_GetITStatus), (108 bytes).
    Removing stm32f4xx_rcc.o(i.RCC_GetSYSCLKSource), (16 bytes).
    Removing stm32f4xx_rcc.o(i.RCC_HCLKConfig), (112 bytes).
    Removing stm32f4xx_rcc.o(i.RCC_HSEConfig), (80 bytes).
    Removing stm32f4xx_rcc.o(i.RCC_HSICmd), (72 bytes).
    Removing stm32f4xx_rcc.o(i.RCC_I2SCLKConfig), (72 bytes).
    Removing stm32f4xx_rcc.o(i.RCC_ITConfig), (116 bytes).
    Removing stm32f4xx_rcc.o(i.RCC_LSEConfig), (112 bytes).
    Removing stm32f4xx_rcc.o(i.RCC_LSICmd), (72 bytes).
    Removing stm32f4xx_rcc.o(i.RCC_MCO1Config), (144 bytes).
    Removing stm32f4xx_rcc.o(i.RCC_MCO2Config), (144 bytes).
    Removing stm32f4xx_rcc.o(i.RCC_PCLK1Config), (104 bytes).
    Removing stm32f4xx_rcc.o(i.RCC_PCLK2Config), (104 bytes).
    Removing stm32f4xx_rcc.o(i.RCC_PLLCmd), (72 bytes).
    Removing stm32f4xx_rcc.o(i.RCC_PLLConfig), (200 bytes).
    Removing stm32f4xx_rcc.o(i.RCC_PLLI2SCmd), (72 bytes).
    Removing stm32f4xx_rcc.o(i.RCC_PLLI2SConfig), (104 bytes).
    Removing stm32f4xx_rcc.o(i.RCC_RTCCLKCmd), (72 bytes).
    Removing stm32f4xx_rcc.o(i.RCC_RTCCLKConfig), (428 bytes).
    Removing stm32f4xx_rcc.o(i.RCC_SYSCLKConfig), (88 bytes).
    Removing stm32f4xx_rcc.o(i.RCC_WaitForHSEStartUp), (56 bytes).
    Removing stm32f4xx_gpio.o(.rev16_text), (4 bytes).
    Removing stm32f4xx_gpio.o(.revsh_text), (4 bytes).
    Removing stm32f4xx_gpio.o(i.GPIO_DeInit), (360 bytes).
    Removing stm32f4xx_gpio.o(i.GPIO_PinLockConfig), (200 bytes).
    Removing stm32f4xx_gpio.o(i.GPIO_ReadInputData), (152 bytes).
    Removing stm32f4xx_gpio.o(i.GPIO_ReadInputDataBit), (260 bytes).
    Removing stm32f4xx_gpio.o(i.GPIO_ReadOutputData), (152 bytes).
    Removing stm32f4xx_gpio.o(i.GPIO_ReadOutputDataBit), (260 bytes).
    Removing stm32f4xx_gpio.o(i.GPIO_ResetBits), (172 bytes).
    Removing stm32f4xx_gpio.o(i.GPIO_SetBits), (172 bytes).
    Removing stm32f4xx_gpio.o(i.GPIO_StructInit), (18 bytes).
    Removing stm32f4xx_gpio.o(i.GPIO_ToggleBits), (156 bytes).
    Removing stm32f4xx_gpio.o(i.GPIO_Write), (152 bytes).
    Removing stm32f4xx_gpio.o(i.GPIO_WriteBit), (272 bytes).
    Removing system_stm32f4xx.o(.rev16_text), (4 bytes).
    Removing system_stm32f4xx.o(.revsh_text), (4 bytes).
    Removing retarget.o(.rev16_text), (4 bytes).
    Removing retarget.o(.revsh_text), (4 bytes).
    Removing retarget.o(i._sys_command_string), (6 bytes).
    Removing retarget.o(i._ttywrch), (20 bytes).
    Removing retarget.o(i.fgetc), (40 bytes).
    Removing usart.o(.rev16_text), (4 bytes).
    Removing usart.o(.revsh_text), (4 bytes).
    Removing usart.o(i.USART1_GetKey), (44 bytes).
    Removing ti_board_adc.o(.rev16_text), (4 bytes).
    Removing ti_board_adc.o(.revsh_text), (4 bytes).
    Removing ti_board_adc.o(i.ADC3_CH7_DMA_Config), (256 bytes).
    Removing ti_board_adc.o(i.getADC3ConvertedValue), (12 bytes).
    Removing ti_board_adc.o(.data), (4 bytes).
    Removing ti_board_io.o(.rev16_text), (4 bytes).
    Removing ti_board_io.o(.revsh_text), (4 bytes).
    Removing stack.o(.rev16_text), (4 bytes).
    Removing stack.o(.revsh_text), (4 bytes).
    Removing functions.o(.rev16_text), (4 bytes).
    Removing functions.o(.revsh_text), (4 bytes).
    Removing run.o(.rev16_text), (4 bytes).
    Removing run.o(.revsh_text), (4 bytes).

211 unused section(s) (total 25666 bytes) removed from the image.

==============================================================================

Image Symbol Table

    Local Symbols

    Symbol Name                              Value     Ov Type        Size  Object(Section)

    ../clib/angel/boardlib.s                 0x00000000   Number         0  boardinit1.o ABSOLUTE
    ../clib/angel/boardlib.s                 0x00000000   Number         0  boardshut.o ABSOLUTE
    ../clib/angel/boardlib.s                 0x00000000   Number         0  boardinit2.o ABSOLUTE
    ../clib/angel/boardlib.s                 0x00000000   Number         0  boardinit3.o ABSOLUTE
    ../clib/angel/handlers.s                 0x00000000   Number         0  __scatter_zi.o ABSOLUTE
    ../clib/angel/handlers.s                 0x00000000   Number         0  __scatter_copy.o ABSOLUTE
    ../clib/angel/kernel.s                   0x00000000   Number         0  __rtentry.o ABSOLUTE
    ../clib/angel/kernel.s                   0x00000000   Number         0  __rtentry2.o ABSOLUTE
    ../clib/angel/kernel.s                   0x00000000   Number         0  __rtentry4.o ABSOLUTE
    ../clib/angel/kernel.s                   0x00000000   Number         0  rtexit.o ABSOLUTE
    ../clib/angel/kernel.s                   0x00000000   Number         0  rtexit2.o ABSOLUTE
    ../clib/angel/rt.s                       0x00000000   Number         0  rt_raise.o ABSOLUTE
    ../clib/angel/scatter.s                  0x00000000   Number         0  __scatter.o ABSOLUTE
    ../clib/angel/startup.s                  0x00000000   Number         0  __main.o ABSOLUTE
    ../clib/angel/sys.s                      0x00000000   Number         0  sys_stackheap_outer.o ABSOLUTE
    ../clib/angel/sys.s                      0x00000000   Number         0  libspace.o ABSOLUTE
    ../clib/armsys.c                         0x00000000   Number         0  argv_veneer.o ABSOLUTE
    ../clib/armsys.c                         0x00000000   Number         0  argv_veneer.o ABSOLUTE
    ../clib/armsys.c                         0x00000000   Number         0  no_argv.o ABSOLUTE
    ../clib/armsys.c                         0x00000000   Number         0  _get_argv_nomalloc.o ABSOLUTE
    ../clib/heapalloc.c                      0x00000000   Number         0  hrguard.o ABSOLUTE
    ../clib/heapaux.c                        0x00000000   Number         0  heapauxi.o ABSOLUTE
    ../clib/libinit.s                        0x00000000   Number         0  libinit.o ABSOLUTE
    ../clib/libinit.s                        0x00000000   Number         0  libshutdown2.o ABSOLUTE
    ../clib/libinit.s                        0x00000000   Number         0  libinit2.o ABSOLUTE
    ../clib/libinit.s                        0x00000000   Number         0  libshutdown.o ABSOLUTE
    ../clib/misc.s                           0x00000000   Number         0  printf_stubs.o ABSOLUTE
    ../clib/printf.c                         0x00000000   Number         0  _printf_hex_int.o ABSOLUTE
    ../clib/printf.c                         0x00000000   Number         0  __printf_nopercent.o ABSOLUTE
    ../clib/printf.c                         0x00000000   Number         0  __printf_flags_ss.o ABSOLUTE
    ../clib/printf.c                         0x00000000   Number         0  __printf_ss.o ABSOLUTE
    ../clib/printf.c                         0x00000000   Number         0  _snputc.o ABSOLUTE
    ../clib/printf.c                         0x00000000   Number         0  __printf_flags.o ABSOLUTE
    ../clib/printf.c                         0x00000000   Number         0  _printf_hex_int_ll_ptr.o ABSOLUTE
    ../clib/printf.c                         0x00000000   Number         0  _printf_hex_int_ptr.o ABSOLUTE
    ../clib/printf.c                         0x00000000   Number         0  _printf_hex_ptr.o ABSOLUTE
    ../clib/printf.c                         0x00000000   Number         0  _printf_hex_int_ll.o ABSOLUTE
    ../clib/printf.c                         0x00000000   Number         0  _printf_intcommon.o ABSOLUTE
    ../clib/printf.c                         0x00000000   Number         0  _printf_hex_ll.o ABSOLUTE
    ../clib/printf.c                         0x00000000   Number         0  __2printf.o ABSOLUTE
    ../clib/printf.c                         0x00000000   Number         0  __2sprintf.o ABSOLUTE
    ../clib/printf.c                         0x00000000   Number         0  __2snprintf.o ABSOLUTE
    ../clib/printf.c                         0x00000000   Number         0  noretval__2printf.o ABSOLUTE
    ../clib/printf.c                         0x00000000   Number         0  _sputc.o ABSOLUTE
    ../clib/printf.c                         0x00000000   Number         0  _printf_char_common.o ABSOLUTE
    ../clib/printf.c                         0x00000000   Number         0  noretval__2sprintf.o ABSOLUTE
    ../clib/printf.c                         0x00000000   Number         0  _printf_hex_ll_ptr.o ABSOLUTE
    ../clib/printf.c                         0x00000000   Number         0  _printf_dec.o ABSOLUTE
    ../clib/printf.c                         0x00000000   Number         0  __printf.o ABSOLUTE
    ../clib/printf.c                         0x00000000   Number         0  __printf_flags_ss_wp.o ABSOLUTE
    ../clib/printf.c                         0x00000000   Number         0  __printf_ss_wp.o ABSOLUTE
    ../clib/printf.c                         0x00000000   Number         0  __printf_flags_wp.o ABSOLUTE
    ../clib/printf.c                         0x00000000   Number         0  __printf_wp.o ABSOLUTE
    ../clib/printf.c                         0x00000000   Number         0  noretval__2snprintf.o ABSOLUTE
    ../clib/printf.c                         0x00000000   Number         0  _printf_pad.o ABSOLUTE
    ../clib/printf.c                         0x00000000   Number         0  _printf_char_file.o ABSOLUTE
    ../clib/printf_percent.s                 0x00000000   Number         0  _printf_d.o ABSOLUTE
    ../clib/printf_percent.s                 0x00000000   Number         0  _printf_x.o ABSOLUTE
    ../clib/printf_percent.s                 0x00000000   Number         0  _printf_percent_end.o ABSOLUTE
    ../clib/printf_percent.s                 0x00000000   Number         0  _printf_percent.o ABSOLUTE
    ../clib/signal.c                         0x00000000   Number         0  defsig_stak_inner.o ABSOLUTE
    ../clib/signal.c                         0x00000000   Number         0  defsig_cppl_inner.o ABSOLUTE
    ../clib/signal.c                         0x00000000   Number         0  defsig_segv_inner.o ABSOLUTE
    ../clib/signal.c                         0x00000000   Number         0  defsig_other.o ABSOLUTE
    ../clib/signal.c                         0x00000000   Number         0  defsig_rtmem_formal.o ABSOLUTE
    ../clib/signal.c                         0x00000000   Number         0  defsig_rtmem_outer.o ABSOLUTE
    ../clib/signal.c                         0x00000000   Number         0  defsig_rtred_inner.o ABSOLUTE
    ../clib/signal.c                         0x00000000   Number         0  defsig_fpe_inner.o ABSOLUTE
    ../clib/signal.c                         0x00000000   Number         0  defsig_rtmem_inner.o ABSOLUTE
    ../clib/signal.c                         0x00000000   Number         0  defsig_abrt_inner.o ABSOLUTE
    ../clib/signal.c                         0x00000000   Number         0  defsig_pvfn_inner.o ABSOLUTE
    ../clib/signal.c                         0x00000000   Number         0  defsig_exit.o ABSOLUTE
    ../clib/signal.c                         0x00000000   Number         0  defsig_general.o ABSOLUTE
    ../clib/signal.c                         0x00000000   Number         0  __raise.o ABSOLUTE
    ../clib/signal.s                         0x00000000   Number         0  defsig.o ABSOLUTE
    ../clib/stdlib.c                         0x00000000   Number         0  exit.o ABSOLUTE
    ../clib/string.c                         0x00000000   Number         0  strlen.o ABSOLUTE
    ../fplib/fpinit.s                        0x00000000   Number         0  fpinit.o ABSOLUTE
    TI_BRD_LIB\Library\TI_Lib.c              0x00000000   Number         0  ti_lib.o ABSOLUTE
    TI_BRD_LIB\Library\assert.c              0x00000000   Number         0  assert.o ABSOLUTE
    TI_BRD_LIB\Library\keypad.c              0x00000000   Number         0  keypad.o ABSOLUTE
    TI_BRD_LIB\Library\tft.c                 0x00000000   Number         0  tft.o ABSOLUTE
    TI_BRD_LIB\Library\timer.c               0x00000000   Number         0  timer.o ABSOLUTE
    TI_BRD_LIB\TI-C_Board\Retarget.c         0x00000000   Number         0  retarget.o ABSOLUTE
    TI_BRD_LIB\TI-C_Board\TI_Board_ADC.c     0x00000000   Number         0  ti_board_adc.o ABSOLUTE
    TI_BRD_LIB\TI-C_Board\TI_Board_IO.c      0x00000000   Number         0  ti_board_io.o ABSOLUTE
    TI_BRD_LIB\TI-C_Board\Usart.c            0x00000000   Number         0  usart.o ABSOLUTE
    TI_BRD_LIB\TI-C_Board\misc.c             0x00000000   Number         0  misc.o ABSOLUTE
    TI_BRD_LIB\TI-C_Board\startup_stm32f4xx.s 0x00000000   Number         0  startup_stm32f4xx.o ABSOLUTE
    TI_BRD_LIB\TI-C_Board\stm32f4xx_adc.c    0x00000000   Number         0  stm32f4xx_adc.o ABSOLUTE
    TI_BRD_LIB\TI-C_Board\stm32f4xx_dma.c    0x00000000   Number         0  stm32f4xx_dma.o ABSOLUTE
    TI_BRD_LIB\TI-C_Board\stm32f4xx_gpio.c   0x00000000   Number         0  stm32f4xx_gpio.o ABSOLUTE
    TI_BRD_LIB\TI-C_Board\stm32f4xx_rcc.c    0x00000000   Number         0  stm32f4xx_rcc.o ABSOLUTE
    TI_BRD_LIB\TI-C_Board\stm32f4xx_usart.c  0x00000000   Number         0  stm32f4xx_usart.o ABSOLUTE
    TI_BRD_LIB\TI-C_Board\system_stm32f4xx.c 0x00000000   Number         0  system_stm32f4xx.o ABSOLUTE
    TI_BRD_LIB\\Library\\TI_Lib.c            0x00000000   Number         0  ti_lib.o ABSOLUTE
    TI_BRD_LIB\\Library\\tft.c               0x00000000   Number         0  tft.o ABSOLUTE
    TI_BRD_LIB\\Library\\timer.c             0x00000000   Number         0  timer.o ABSOLUTE
    TI_BRD_LIB\\TI-C_Board\\Retarget.c       0x00000000   Number         0  retarget.o ABSOLUTE
    TI_BRD_LIB\\TI-C_Board\\TI_Board_ADC.c   0x00000000   Number         0  ti_board_adc.o ABSOLUTE
    TI_BRD_LIB\\TI-C_Board\\TI_Board_IO.c    0x00000000   Number         0  ti_board_io.o ABSOLUTE
    TI_BRD_LIB\\TI-C_Board\\Usart.c          0x00000000   Number         0  usart.o ABSOLUTE
    TI_BRD_LIB\\TI-C_Board\\misc.c           0x00000000   Number         0  misc.o ABSOLUTE
    TI_BRD_LIB\\TI-C_Board\\stm32f4xx_adc.c  0x00000000   Number         0  stm32f4xx_adc.o ABSOLUTE
    TI_BRD_LIB\\TI-C_Board\\stm32f4xx_dma.c  0x00000000   Number         0  stm32f4xx_dma.o ABSOLUTE
    TI_BRD_LIB\\TI-C_Board\\stm32f4xx_gpio.c 0x00000000   Number         0  stm32f4xx_gpio.o ABSOLUTE
    TI_BRD_LIB\\TI-C_Board\\stm32f4xx_rcc.c  0x00000000   Number         0  stm32f4xx_rcc.o ABSOLUTE
    TI_BRD_LIB\\TI-C_Board\\stm32f4xx_usart.c 0x00000000   Number         0  stm32f4xx_usart.o ABSOLUTE
    TI_BRD_LIB\\TI-C_Board\\system_stm32f4xx.c 0x00000000   Number         0  system_stm32f4xx.o ABSOLUTE
    dc.s                                     0x00000000   Number         0  dc.o ABSOLUTE
    functions.c                              0x00000000   Number         0  functions.o ABSOLUTE
    functions.c                              0x00000000   Number         0  functions.o ABSOLUTE
    main.c                                   0x00000000   Number         0  main.o ABSOLUTE
    run.c                                    0x00000000   Number         0  run.o ABSOLUTE
    run.c                                    0x00000000   Number         0  run.o ABSOLUTE
    stack.c                                  0x00000000   Number         0  stack.o ABSOLUTE
    stack.c                                  0x00000000   Number         0  stack.o ABSOLUTE
    RESET                                    0x08000000   Section      392  startup_stm32f4xx.o(RESET)
    !!!main                                  0x08000188   Section        8  __main.o(!!!main)
    !!!scatter                               0x08000190   Section       52  __scatter.o(!!!scatter)
    !!handler_copy                           0x080001c4   Section       26  __scatter_copy.o(!!handler_copy)
    !!handler_zi                             0x080001e0   Section       28  __scatter_zi.o(!!handler_zi)
    .ARM.Collect$$_printf_percent$$00000000  0x080001fc   Section        0  _printf_percent.o(.ARM.Collect$$_printf_percent$$00000000)
    .ARM.Collect$$_printf_percent$$00000009  0x080001fc   Section        6  _printf_d.o(.ARM.Collect$$_printf_percent$$00000009)
    .ARM.Collect$$_printf_percent$$0000000C  0x08000202   Section        6  _printf_x.o(.ARM.Collect$$_printf_percent$$0000000C)
    .ARM.Collect$$_printf_percent$$00000017  0x08000208   Section        4  _printf_percent_end.o(.ARM.Collect$$_printf_percent$$00000017)
    .ARM.Collect$$libinit$$00000000          0x0800020c   Section        2  libinit.o(.ARM.Collect$$libinit$$00000000)
    .ARM.Collect$$libinit$$00000001          0x0800020e   Section        4  libinit2.o(.ARM.Collect$$libinit$$00000001)
    .ARM.Collect$$libinit$$00000004          0x08000212   Section        0  libinit2.o(.ARM.Collect$$libinit$$00000004)
    .ARM.Collect$$libinit$$0000000A          0x08000212   Section        0  libinit2.o(.ARM.Collect$$libinit$$0000000A)
    .ARM.Collect$$libinit$$0000000C          0x08000212   Section        0  libinit2.o(.ARM.Collect$$libinit$$0000000C)
    .ARM.Collect$$libinit$$0000000E          0x08000212   Section        0  libinit2.o(.ARM.Collect$$libinit$$0000000E)
    .ARM.Collect$$libinit$$00000011          0x08000212   Section        0  libinit2.o(.ARM.Collect$$libinit$$00000011)
    .ARM.Collect$$libinit$$00000013          0x08000212   Section        0  libinit2.o(.ARM.Collect$$libinit$$00000013)
    .ARM.Collect$$libinit$$00000015          0x08000212   Section        0  libinit2.o(.ARM.Collect$$libinit$$00000015)
    .ARM.Collect$$libinit$$00000017          0x08000212   Section        0  libinit2.o(.ARM.Collect$$libinit$$00000017)
    .ARM.Collect$$libinit$$00000019          0x08000212   Section        0  libinit2.o(.ARM.Collect$$libinit$$00000019)
    .ARM.Collect$$libinit$$0000001B          0x08000212   Section        0  libinit2.o(.ARM.Collect$$libinit$$0000001B)
    .ARM.Collect$$libinit$$0000001D          0x08000212   Section        0  libinit2.o(.ARM.Collect$$libinit$$0000001D)
    .ARM.Collect$$libinit$$0000001F          0x08000212   Section        0  libinit2.o(.ARM.Collect$$libinit$$0000001F)
    .ARM.Collect$$libinit$$00000021          0x08000212   Section        0  libinit2.o(.ARM.Collect$$libinit$$00000021)
    .ARM.Collect$$libinit$$00000023          0x08000212   Section        0  libinit2.o(.ARM.Collect$$libinit$$00000023)
    .ARM.Collect$$libinit$$00000025          0x08000212   Section        0  libinit2.o(.ARM.Collect$$libinit$$00000025)
    .ARM.Collect$$libinit$$0000002C          0x08000212   Section        0  libinit2.o(.ARM.Collect$$libinit$$0000002C)
    .ARM.Collect$$libinit$$0000002E          0x08000212   Section        0  libinit2.o(.ARM.Collect$$libinit$$0000002E)
    .ARM.Collect$$libinit$$00000030          0x08000212   Section        0  libinit2.o(.ARM.Collect$$libinit$$00000030)
    .ARM.Collect$$libinit$$00000032          0x08000212   Section        0  libinit2.o(.ARM.Collect$$libinit$$00000032)
    .ARM.Collect$$libinit$$00000033          0x08000212   Section        2  libinit2.o(.ARM.Collect$$libinit$$00000033)
    .ARM.Collect$$libshutdown$$00000000      0x08000214   Section        2  libshutdown.o(.ARM.Collect$$libshutdown$$00000000)
    .ARM.Collect$$libshutdown$$00000002      0x08000216   Section        0  libshutdown2.o(.ARM.Collect$$libshutdown$$00000002)
    .ARM.Collect$$libshutdown$$00000004      0x08000216   Section        0  libshutdown2.o(.ARM.Collect$$libshutdown$$00000004)
    .ARM.Collect$$libshutdown$$00000007      0x08000216   Section        0  libshutdown2.o(.ARM.Collect$$libshutdown$$00000007)
    .ARM.Collect$$libshutdown$$0000000A      0x08000216   Section        0  libshutdown2.o(.ARM.Collect$$libshutdown$$0000000A)
    .ARM.Collect$$libshutdown$$0000000C      0x08000216   Section        0  libshutdown2.o(.ARM.Collect$$libshutdown$$0000000C)
    .ARM.Collect$$libshutdown$$0000000F      0x08000216   Section        0  libshutdown2.o(.ARM.Collect$$libshutdown$$0000000F)
    .ARM.Collect$$libshutdown$$00000010      0x08000216   Section        2  libshutdown2.o(.ARM.Collect$$libshutdown$$00000010)
    .ARM.Collect$$rtentry$$00000000          0x08000218   Section        0  __rtentry.o(.ARM.Collect$$rtentry$$00000000)
    .ARM.Collect$$rtentry$$00000002          0x08000218   Section        0  __rtentry2.o(.ARM.Collect$$rtentry$$00000002)
    .ARM.Collect$$rtentry$$00000004          0x08000218   Section        6  __rtentry4.o(.ARM.Collect$$rtentry$$00000004)
    .ARM.Collect$$rtentry$$00000009          0x0800021e   Section        0  __rtentry2.o(.ARM.Collect$$rtentry$$00000009)
    .ARM.Collect$$rtentry$$0000000A          0x0800021e   Section        4  __rtentry2.o(.ARM.Collect$$rtentry$$0000000A)
    .ARM.Collect$$rtentry$$0000000C          0x08000222   Section        0  __rtentry2.o(.ARM.Collect$$rtentry$$0000000C)
    .ARM.Collect$$rtentry$$0000000D          0x08000222   Section        8  __rtentry2.o(.ARM.Collect$$rtentry$$0000000D)
    .ARM.Collect$$rtexit$$00000000           0x0800022a   Section        2  rtexit.o(.ARM.Collect$$rtexit$$00000000)
    .ARM.Collect$$rtexit$$00000002           0x0800022c   Section        0  rtexit2.o(.ARM.Collect$$rtexit$$00000002)
    .ARM.Collect$$rtexit$$00000003           0x0800022c   Section        4  rtexit2.o(.ARM.Collect$$rtexit$$00000003)
    .ARM.Collect$$rtexit$$00000004           0x08000230   Section        6  rtexit2.o(.ARM.Collect$$rtexit$$00000004)
    .text                                    0x08000238   Section       80  startup_stm32f4xx.o(.text)
    $v0                                      0x08000238   Number         0  startup_stm32f4xx.o(.text)
    .text                                    0x08000288   Section        0  noretval__2printf.o(.text)
    .text                                    0x080002a0   Section        0  noretval__2sprintf.o(.text)
    .text                                    0x080002c8   Section        0  _printf_pad.o(.text)
    .text                                    0x08000318   Section        0  _printf_dec.o(.text)
    .text                                    0x08000390   Section        0  _printf_hex_int.o(.text)
    .text                                    0x080003e8   Section        0  __printf_flags_wp.o(.text)
    .text                                    0x08000520   Section        0  strlen.o(.text)
    .text                                    0x0800055e   Section        0  heapauxi.o(.text)
    .text                                    0x08000564   Section        0  _printf_intcommon.o(.text)
    .text                                    0x08000618   Section        0  _printf_char_common.o(.text)
    _printf_input_char                       0x08000619   Thumb Code    10  _printf_char_common.o(.text)
    .text                                    0x08000648   Section        0  _sputc.o(.text)
    .text                                    0x08000654   Section        0  _printf_char_file.o(.text)
    .text                                    0x08000678   Section       74  sys_stackheap_outer.o(.text)
    .text                                    0x080006c2   Section        0  exit.o(.text)
    .text                                    0x080006d4   Section        8  libspace.o(.text)
    i.Delay                                  0x080006dc   Section        0  ti_lib.o(i.Delay)
    i.Empty                                  0x080006f4   Section        0  stack.o(i.Empty)
    i.Full                                   0x08000708   Section        0  stack.o(i.Full)
    i.GPIO_Init                              0x0800071c   Section        0  stm32f4xx_gpio.o(i.GPIO_Init)
    i.GPIO_PinAFConfig                       0x080008c0   Section        0  stm32f4xx_gpio.o(i.GPIO_PinAFConfig)
    i.Get_Touch_Pad_Input                    0x08000a60   Section        0  keypad.o(i.Get_Touch_Pad_Input)
    i.Init_IO                                0x08000b84   Section        0  ti_board_io.o(i.Init_IO)
    i.Init_SPI                               0x08000c18   Section        0  ti_board_io.o(i.Init_SPI)
    i.Init_System_Clock                      0x08000da8   Section        0  ti_board_io.o(i.Init_System_Clock)
    i.Init_TI_Board                          0x08000e14   Section        0  ti_lib.o(i.Init_TI_Board)
    i.Make_Touch_Pad                         0x08000e38   Section        0  keypad.o(i.Make_Touch_Pad)
    i.NVIC_Init                              0x08001428   Section        0  misc.o(i.NVIC_Init)
    i.NVIC_PriorityGroupConfig               0x080014f8   Section        0  misc.o(i.NVIC_PriorityGroupConfig)
    i.RCC_AHB1PeriphClockCmd                 0x08001558   Section        0  stm32f4xx_rcc.o(i.RCC_AHB1PeriphClockCmd)
    i.RCC_APB2PeriphClockCmd                 0x080015d0   Section        0  stm32f4xx_rcc.o(i.RCC_APB2PeriphClockCmd)
    i.RCC_GetClocksFreq                      0x08001648   Section        0  stm32f4xx_rcc.o(i.RCC_GetClocksFreq)
    i.SetSysClock                            0x08001730   Section        0  system_stm32f4xx.o(i.SetSysClock)
    SetSysClock                              0x08001731   Thumb Code   220  system_stm32f4xx.o(i.SetSysClock)
    i.SysTick_Handler                        0x0800181c   Section        0  ti_lib.o(i.SysTick_Handler)
    i.SystemCoreClockUpdate                  0x08001824   Section        0  system_stm32f4xx.o(i.SystemCoreClockUpdate)
    i.SystemInit                             0x080018e4   Section        0  system_stm32f4xx.o(i.SystemInit)
    i.TFT_Init                               0x0800194c   Section        0  tft.o(i.TFT_Init)
    i.TFT_cls                                0x08001960   Section        0  tft.o(i.TFT_cls)
    i.TFT_cursor_off                         0x0800196a   Section        0  tft.o(i.TFT_cursor_off)
    i.TFT_get_data                           0x08001990   Section        0  tft.o(i.TFT_get_data)
    i.TFT_gotoxy                             0x08001ae0   Section        0  tft.o(i.TFT_gotoxy)
    i.TFT_graphic_cls                        0x08001b0e   Section        0  tft.o(i.TFT_graphic_cls)
    i.TFT_putc                               0x08001b2c   Section        0  tft.o(i.TFT_putc)
    i.TFT_puts                               0x08001b4a   Section        0  tft.o(i.TFT_puts)
    i.TFT_send_data                          0x08001b60   Section        0  tft.o(i.TFT_send_data)
    i.TFT_set_font_color                     0x08001c50   Section        0  tft.o(i.TFT_set_font_color)
    i.TFT_set_window                         0x08001c7c   Section        0  tft.o(i.TFT_set_window)
    i.TFT_terminal_on                        0x08001cca   Section        0  tft.o(i.TFT_terminal_on)
    i.TFT_touch_area                         0x08001ce8   Section        0  tft.o(i.TFT_touch_area)
    i.TFT_touch_area_clear                   0x08001d98   Section        0  tft.o(i.TFT_touch_area_clear)
    i.TFT_touch_area_color                   0x08001dc2   Section        0  tft.o(i.TFT_touch_area_color)
    i.TFT_touch_area_font                    0x08001e18   Section        0  tft.o(i.TFT_touch_area_font)
    i.TFT_touch_area_font_color              0x08001e3e   Section        0  tft.o(i.TFT_touch_area_font_color)
    i.TFT_touch_area_frame                   0x08001e6c   Section        0  tft.o(i.TFT_touch_area_frame)
    i.TFT_touch_key_feedback                 0x08001e9a   Section        0  tft.o(i.TFT_touch_key_feedback)
    i.TimingDelay_Decrement                  0x08001ee4   Section        0  ti_lib.o(i.TimingDelay_Decrement)
    i.USART1_Buffer_Init                     0x08001f08   Section        0  usart.o(i.USART1_Buffer_Init)
    i.USART1_IRQHandler                      0x08001f2c   Section        0  usart.o(i.USART1_IRQHandler)
    i.USART1_Init                            0x08001fc8   Section        0  usart.o(i.USART1_Init)
    i.USART1_SendChar                        0x08002094   Section        0  usart.o(i.USART1_SendChar)
    i.USART_Cmd                              0x080020e8   Section        0  stm32f4xx_usart.o(i.USART_Cmd)
    i.USART_Init                             0x08002188   Section        0  stm32f4xx_usart.o(i.USART_Init)
    i.USART_OverSampling8Cmd                 0x08002394   Section        0  stm32f4xx_usart.o(i.USART_OverSampling8Cmd)
    i._is_digit                              0x08002434   Section        0  __printf_wp.o(i._is_digit)
    i._sys_exit                              0x08002442   Section        0  retarget.o(i._sys_exit)
    i.add                                    0x08002448   Section        0  functions.o(i.add)
    i.assert_failed                          0x08002490   Section        0  assert.o(i.assert_failed)
    i.clearStack                             0x08002494   Section        0  stack.o(i.clearStack)
    i.div                                    0x080024c0   Section        0  functions.o(i.div)
    i.duplicate                              0x08002540   Section        0  functions.o(i.duplicate)
    i.ferror                                 0x08002552   Section        0  retarget.o(i.ferror)
    i.fputc                                  0x0800255a   Section        0  retarget.o(i.fputc)
    i.main                                   0x08002584   Section        0  main.o(i.main)
    i.mul                                    0x08002590   Section        0  functions.o(i.mul)
    i.printStack                             0x080025bc   Section        0  stack.o(i.printStack)
    i.printTopStack                          0x08002620   Section        0  stack.o(i.printTopStack)
    i.put                                    0x08002674   Section        0  stack.o(i.put)
    i.putOnStack                             0x080026b4   Section        0  stack.o(i.putOnStack)
    i.replaceOnStack                         0x080026dc   Section        0  stack.o(i.replaceOnStack)
    i.run                                    0x080026f0   Section        0  run.o(i.run)
    i.screen                                 0x08002874   Section        0  run.o(i.screen)
    i.stackTop                               0x080028d8   Section        0  stack.o(i.stackTop)
    i.sub                                    0x080028f8   Section        0  functions.o(i.sub)
    i.swapPosition                           0x08002924   Section        0  stack.o(i.swapPosition)
    i.take                                   0x08002954   Section        0  stack.o(i.take)
    x$fpl$fpinit                             0x080029bc   Section       10  fpinit.o(x$fpl$fpinit)
    $v0                                      0x080029bc   Number         0  fpinit.o(x$fpl$fpinit)
    .constdata                               0x080029c6   Section       40  _printf_hex_int.o(.constdata)
    uc_hextab                                0x080029c6   Data          20  _printf_hex_int.o(.constdata)
    lc_hextab                                0x080029da   Data          20  _printf_hex_int.o(.constdata)
    .constdata                               0x080029ee   Section       17  __printf_flags_wp.o(.constdata)
    maptable                                 0x080029ee   Data          17  __printf_flags_wp.o(.constdata)
    .data                                    0x20000000   Section        8  ti_lib.o(.data)
    TimingDelay                              0x20000000   Data           4  ti_lib.o(.data)
    uptime                                   0x20000004   Data           4  ti_lib.o(.data)
    .data                                    0x20000008   Section       16  stm32f4xx_rcc.o(.data)
    APBAHBPrescTable                         0x20000008   Data          16  stm32f4xx_rcc.o(.data)
    .data                                    0x20000018   Section       20  system_stm32f4xx.o(.data)
    .data                                    0x2000002c   Section        8  retarget.o(.data)
    .data                                    0x20000034   Section        4  usart.o(.data)
    tx_restart                               0x20000034   Data           4  usart.o(.data)
    .data                                    0x20000038   Section        4  stack.o(.data)
    .data                                    0x2000003c   Section        8  functions.o(.data)
    .data                                    0x20000044   Section        4  run.o(.data)
    .bss                                     0x20000048   Section      262  tft.o(.bss)
    cmd                                      0x20000048   Data         262  tft.o(.bss)
    .bss                                     0x20000150   Section      528  usart.o(.bss)
    rbuf                                     0x20000150   Data         264  usart.o(.bss)
    tbuf                                     0x20000258   Data         264  usart.o(.bss)
    .bss                                     0x20000360   Section       32  stack.o(.bss)
    .bss                                     0x20000380   Section       30  run.o(.bss)
    .bss                                     0x200003a0   Section       96  libspace.o(.bss)
    HEAP                                     0x20000400   Section    32768  startup_stm32f4xx.o(HEAP)
    Heap_Mem                                 0x20000400   Data       32768  startup_stm32f4xx.o(HEAP)
    STACK                                    0x20008400   Section     4096  startup_stm32f4xx.o(STACK)
    Stack_Mem                                0x20008400   Data        4096  startup_stm32f4xx.o(STACK)
    __initial_sp                             0x20009400   Data           0  startup_stm32f4xx.o(STACK)

    Global Symbols

    Symbol Name                              Value     Ov Type        Size  Object(Section)

    BuildAttributes$$THM_ISAv4$E$P$D$K$B$S$7EM$VFPi3$EXTD16$VFPS$VFMA$PE$A:L22UL41UL21$X:L11$S22US41US21$IEEE1$IW$USESV6$~STKCKD$USESV7$~SHL$OSPACE$ROPI$EBA8$UX$STANDARDLIB$REQ8$PRES8$EABIv2 0x00000000   Number         0  anon$$obj.o ABSOLUTE
    __ARM_use_no_argv                        0x00000000   Number         0  main.o ABSOLUTE
    _printf_flags                            0x00000000   Number         0  printf_stubs.o ABSOLUTE
    _printf_return_value                     0x00000000   Number         0  printf_stubs.o ABSOLUTE
    _printf_sizespec                         0x00000000   Number         0  printf_stubs.o ABSOLUTE
    _printf_widthprec                        0x00000000   Number         0  printf_stubs.o ABSOLUTE
    __ARM_exceptions_init                     - Undefined Weak Reference
    __alloca_initialize                       - Undefined Weak Reference
    __arm_preinit_                            - Undefined Weak Reference
    __cpp_initialize__aeabi_                  - Undefined Weak Reference
    __cxa_finalize                            - Undefined Weak Reference
    __rt_locale                               - Undefined Weak Reference
    __sigvec_lookup                           - Undefined Weak Reference
    _atexit_init                              - Undefined Weak Reference
    _call_atexit_fns                          - Undefined Weak Reference
    _clock_init                               - Undefined Weak Reference
    _fp_trap_init                             - Undefined Weak Reference
    _fp_trap_shutdown                         - Undefined Weak Reference
    _get_lc_collate                           - Undefined Weak Reference
    _get_lc_ctype                             - Undefined Weak Reference
    _get_lc_monetary                          - Undefined Weak Reference
    _get_lc_numeric                           - Undefined Weak Reference
    _get_lc_time                              - Undefined Weak Reference
    _getenv_init                              - Undefined Weak Reference
    _handle_redirection                       - Undefined Weak Reference
    _init_alloc                               - Undefined Weak Reference
    _init_user_alloc                          - Undefined Weak Reference
    _initio                                   - Undefined Weak Reference
    _printf_truncate_signed                   - Undefined Weak Reference
    _printf_truncate_unsigned                 - Undefined Weak Reference
    _rand_init                                - Undefined Weak Reference
    _signal_finish                            - Undefined Weak Reference
    _signal_init                              - Undefined Weak Reference
    _terminate_alloc                          - Undefined Weak Reference
    _terminate_user_alloc                     - Undefined Weak Reference
    _terminateio                              - Undefined Weak Reference
    __Vectors_Size                           0x00000188   Number         0  startup_stm32f4xx.o ABSOLUTE
    __Vectors                                0x08000000   Data           4  startup_stm32f4xx.o(RESET)
    __Vectors_End                            0x08000188   Data           0  startup_stm32f4xx.o(RESET)
    __main                                   0x08000189   Thumb Code     8  __main.o(!!!main)
    __scatterload                            0x08000191   Thumb Code     0  __scatter.o(!!!scatter)
    __scatterload_rt2                        0x08000191   Thumb Code    44  __scatter.o(!!!scatter)
    __scatterload_rt2_thumb_only             0x08000191   Thumb Code     0  __scatter.o(!!!scatter)
    __scatterload_null                       0x0800019f   Thumb Code     0  __scatter.o(!!!scatter)
    __scatterload_copy                       0x080001c5   Thumb Code    26  __scatter_copy.o(!!handler_copy)
    __scatterload_zeroinit                   0x080001e1   Thumb Code    28  __scatter_zi.o(!!handler_zi)
    _printf_d                                0x080001fd   Thumb Code     0  _printf_d.o(.ARM.Collect$$_printf_percent$$00000009)
    _printf_percent                          0x080001fd   Thumb Code     0  _printf_percent.o(.ARM.Collect$$_printf_percent$$00000000)
    _printf_x                                0x08000203   Thumb Code     0  _printf_x.o(.ARM.Collect$$_printf_percent$$0000000C)
    _printf_percent_end                      0x08000209   Thumb Code     0  _printf_percent_end.o(.ARM.Collect$$_printf_percent$$00000017)
    __rt_lib_init                            0x0800020d   Thumb Code     0  libinit.o(.ARM.Collect$$libinit$$00000000)
    __rt_lib_init_fp_1                       0x0800020f   Thumb Code     0  libinit2.o(.ARM.Collect$$libinit$$00000001)
    __rt_lib_init_alloca_1                   0x08000213   Thumb Code     0  libinit2.o(.ARM.Collect$$libinit$$0000002E)
    __rt_lib_init_argv_1                     0x08000213   Thumb Code     0  libinit2.o(.ARM.Collect$$libinit$$0000002C)
    __rt_lib_init_atexit_1                   0x08000213   Thumb Code     0  libinit2.o(.ARM.Collect$$libinit$$0000001B)
    __rt_lib_init_clock_1                    0x08000213   Thumb Code     0  libinit2.o(.ARM.Collect$$libinit$$00000021)
    __rt_lib_init_cpp_1                      0x08000213   Thumb Code     0  libinit2.o(.ARM.Collect$$libinit$$00000032)
    __rt_lib_init_exceptions_1               0x08000213   Thumb Code     0  libinit2.o(.ARM.Collect$$libinit$$00000030)
    __rt_lib_init_fp_trap_1                  0x08000213   Thumb Code     0  libinit2.o(.ARM.Collect$$libinit$$0000001F)
    __rt_lib_init_getenv_1                   0x08000213   Thumb Code     0  libinit2.o(.ARM.Collect$$libinit$$00000023)
    __rt_lib_init_heap_1                     0x08000213   Thumb Code     0  libinit2.o(.ARM.Collect$$libinit$$0000000A)
    __rt_lib_init_lc_collate_1               0x08000213   Thumb Code     0  libinit2.o(.ARM.Collect$$libinit$$00000011)
    __rt_lib_init_lc_ctype_1                 0x08000213   Thumb Code     0  libinit2.o(.ARM.Collect$$libinit$$00000013)
    __rt_lib_init_lc_monetary_1              0x08000213   Thumb Code     0  libinit2.o(.ARM.Collect$$libinit$$00000015)
    __rt_lib_init_lc_numeric_1               0x08000213   Thumb Code     0  libinit2.o(.ARM.Collect$$libinit$$00000017)
    __rt_lib_init_lc_time_1                  0x08000213   Thumb Code     0  libinit2.o(.ARM.Collect$$libinit$$00000019)
    __rt_lib_init_preinit_1                  0x08000213   Thumb Code     0  libinit2.o(.ARM.Collect$$libinit$$00000004)
    __rt_lib_init_rand_1                     0x08000213   Thumb Code     0  libinit2.o(.ARM.Collect$$libinit$$0000000E)
    __rt_lib_init_return                     0x08000213   Thumb Code     0  libinit2.o(.ARM.Collect$$libinit$$00000033)
    __rt_lib_init_signal_1                   0x08000213   Thumb Code     0  libinit2.o(.ARM.Collect$$libinit$$0000001D)
    __rt_lib_init_stdio_1                    0x08000213   Thumb Code     0  libinit2.o(.ARM.Collect$$libinit$$00000025)
    __rt_lib_init_user_alloc_1               0x08000213   Thumb Code     0  libinit2.o(.ARM.Collect$$libinit$$0000000C)
    __rt_lib_shutdown                        0x08000215   Thumb Code     0  libshutdown.o(.ARM.Collect$$libshutdown$$00000000)
    __rt_lib_shutdown_cpp_1                  0x08000217   Thumb Code     0  libshutdown2.o(.ARM.Collect$$libshutdown$$00000002)
    __rt_lib_shutdown_fp_trap_1              0x08000217   Thumb Code     0  libshutdown2.o(.ARM.Collect$$libshutdown$$00000007)
    __rt_lib_shutdown_heap_1                 0x08000217   Thumb Code     0  libshutdown2.o(.ARM.Collect$$libshutdown$$0000000F)
    __rt_lib_shutdown_return                 0x08000217   Thumb Code     0  libshutdown2.o(.ARM.Collect$$libshutdown$$00000010)
    __rt_lib_shutdown_signal_1               0x08000217   Thumb Code     0  libshutdown2.o(.ARM.Collect$$libshutdown$$0000000A)
    __rt_lib_shutdown_stdio_1                0x08000217   Thumb Code     0  libshutdown2.o(.ARM.Collect$$libshutdown$$00000004)
    __rt_lib_shutdown_user_alloc_1           0x08000217   Thumb Code     0  libshutdown2.o(.ARM.Collect$$libshutdown$$0000000C)
    __rt_entry                               0x08000219   Thumb Code     0  __rtentry.o(.ARM.Collect$$rtentry$$00000000)
    __rt_entry_presh_1                       0x08000219   Thumb Code     0  __rtentry2.o(.ARM.Collect$$rtentry$$00000002)
    __rt_entry_sh                            0x08000219   Thumb Code     0  __rtentry4.o(.ARM.Collect$$rtentry$$00000004)
    __rt_entry_li                            0x0800021f   Thumb Code     0  __rtentry2.o(.ARM.Collect$$rtentry$$0000000A)
    __rt_entry_postsh_1                      0x0800021f   Thumb Code     0  __rtentry2.o(.ARM.Collect$$rtentry$$00000009)
    __rt_entry_main                          0x08000223   Thumb Code     0  __rtentry2.o(.ARM.Collect$$rtentry$$0000000D)
    __rt_entry_postli_1                      0x08000223   Thumb Code     0  __rtentry2.o(.ARM.Collect$$rtentry$$0000000C)
    __rt_exit                                0x0800022b   Thumb Code     0  rtexit.o(.ARM.Collect$$rtexit$$00000000)
    __rt_exit_ls                             0x0800022d   Thumb Code     0  rtexit2.o(.ARM.Collect$$rtexit$$00000003)
    __rt_exit_prels_1                        0x0800022d   Thumb Code     0  rtexit2.o(.ARM.Collect$$rtexit$$00000002)
    __rt_exit_exit                           0x08000231   Thumb Code     0  rtexit2.o(.ARM.Collect$$rtexit$$00000004)
    Reset_Handler                            0x08000239   Thumb Code    18  startup_stm32f4xx.o(.text)
    NMI_Handler                              0x0800024b   Thumb Code     2  startup_stm32f4xx.o(.text)
    HardFault_Handler                        0x0800024d   Thumb Code     2  startup_stm32f4xx.o(.text)
    MemManage_Handler                        0x0800024f   Thumb Code     2  startup_stm32f4xx.o(.text)
    BusFault_Handler                         0x08000251   Thumb Code     2  startup_stm32f4xx.o(.text)
    UsageFault_Handler                       0x08000253   Thumb Code     2  startup_stm32f4xx.o(.text)
    SVC_Handler                              0x08000255   Thumb Code     2  startup_stm32f4xx.o(.text)
    DebugMon_Handler                         0x08000257   Thumb Code     2  startup_stm32f4xx.o(.text)
    PendSV_Handler                           0x08000259   Thumb Code     2  startup_stm32f4xx.o(.text)
    ADC_IRQHandler                           0x0800025d   Thumb Code     0  startup_stm32f4xx.o(.text)
    CAN1_RX0_IRQHandler                      0x0800025d   Thumb Code     0  startup_stm32f4xx.o(.text)
    CAN1_RX1_IRQHandler                      0x0800025d   Thumb Code     0  startup_stm32f4xx.o(.text)
    CAN1_SCE_IRQHandler                      0x0800025d   Thumb Code     0  startup_stm32f4xx.o(.text)
    CAN1_TX_IRQHandler                       0x0800025d   Thumb Code     0  startup_stm32f4xx.o(.text)
    CAN2_RX0_IRQHandler                      0x0800025d   Thumb Code     0  startup_stm32f4xx.o(.text)
    CAN2_RX1_IRQHandler                      0x0800025d   Thumb Code     0  startup_stm32f4xx.o(.text)
    CAN2_SCE_IRQHandler                      0x0800025d   Thumb Code     0  startup_stm32f4xx.o(.text)
    CAN2_TX_IRQHandler                       0x0800025d   Thumb Code     0  startup_stm32f4xx.o(.text)
    CRYP_IRQHandler                          0x0800025d   Thumb Code     0  startup_stm32f4xx.o(.text)
    DCMI_IRQHandler                          0x0800025d   Thumb Code     0  startup_stm32f4xx.o(.text)
    DMA1_Stream0_IRQHandler                  0x0800025d   Thumb Code     0  startup_stm32f4xx.o(.text)
    DMA1_Stream1_IRQHandler                  0x0800025d   Thumb Code     0  startup_stm32f4xx.o(.text)
    DMA1_Stream2_IRQHandler                  0x0800025d   Thumb Code     0  startup_stm32f4xx.o(.text)
    DMA1_Stream3_IRQHandler                  0x0800025d   Thumb Code     0  startup_stm32f4xx.o(.text)
    DMA1_Stream4_IRQHandler                  0x0800025d   Thumb Code     0  startup_stm32f4xx.o(.text)
    DMA1_Stream5_IRQHandler                  0x0800025d   Thumb Code     0  startup_stm32f4xx.o(.text)
    DMA1_Stream6_IRQHandler                  0x0800025d   Thumb Code     0  startup_stm32f4xx.o(.text)
    DMA1_Stream7_IRQHandler                  0x0800025d   Thumb Code     0  startup_stm32f4xx.o(.text)
    DMA2_Stream0_IRQHandler                  0x0800025d   Thumb Code     0  startup_stm32f4xx.o(.text)
    DMA2_Stream1_IRQHandler                  0x0800025d   Thumb Code     0  startup_stm32f4xx.o(.text)
    DMA2_Stream2_IRQHandler                  0x0800025d   Thumb Code     0  startup_stm32f4xx.o(.text)
    DMA2_Stream3_IRQHandler                  0x0800025d   Thumb Code     0  startup_stm32f4xx.o(.text)
    DMA2_Stream4_IRQHandler                  0x0800025d   Thumb Code     0  startup_stm32f4xx.o(.text)
    DMA2_Stream5_IRQHandler                  0x0800025d   Thumb Code     0  startup_stm32f4xx.o(.text)
    DMA2_Stream6_IRQHandler                  0x0800025d   Thumb Code     0  startup_stm32f4xx.o(.text)
    DMA2_Stream7_IRQHandler                  0x0800025d   Thumb Code     0  startup_stm32f4xx.o(.text)
    ETH_IRQHandler                           0x0800025d   Thumb Code     0  startup_stm32f4xx.o(.text)
    ETH_WKUP_IRQHandler                      0x0800025d   Thumb Code     0  startup_stm32f4xx.o(.text)
    EXTI0_IRQHandler                         0x0800025d   Thumb Code     0  startup_stm32f4xx.o(.text)
    EXTI15_10_IRQHandler                     0x0800025d   Thumb Code     0  startup_stm32f4xx.o(.text)
    EXTI1_IRQHandler                         0x0800025d   Thumb Code     0  startup_stm32f4xx.o(.text)
    EXTI2_IRQHandler                         0x0800025d   Thumb Code     0  startup_stm32f4xx.o(.text)
    EXTI3_IRQHandler                         0x0800025d   Thumb Code     0  startup_stm32f4xx.o(.text)
    EXTI4_IRQHandler                         0x0800025d   Thumb Code     0  startup_stm32f4xx.o(.text)
    EXTI9_5_IRQHandler                       0x0800025d   Thumb Code     0  startup_stm32f4xx.o(.text)
    FLASH_IRQHandler                         0x0800025d   Thumb Code     0  startup_stm32f4xx.o(.text)
    FPU_IRQHandler                           0x0800025d   Thumb Code     0  startup_stm32f4xx.o(.text)
    FSMC_IRQHandler                          0x0800025d   Thumb Code     0  startup_stm32f4xx.o(.text)
    HASH_RNG_IRQHandler                      0x0800025d   Thumb Code     0  startup_stm32f4xx.o(.text)
    I2C1_ER_IRQHandler                       0x0800025d   Thumb Code     0  startup_stm32f4xx.o(.text)
    I2C1_EV_IRQHandler                       0x0800025d   Thumb Code     0  startup_stm32f4xx.o(.text)
    I2C2_ER_IRQHandler                       0x0800025d   Thumb Code     0  startup_stm32f4xx.o(.text)
    I2C2_EV_IRQHandler                       0x0800025d   Thumb Code     0  startup_stm32f4xx.o(.text)
    I2C3_ER_IRQHandler                       0x0800025d   Thumb Code     0  startup_stm32f4xx.o(.text)
    I2C3_EV_IRQHandler                       0x0800025d   Thumb Code     0  startup_stm32f4xx.o(.text)
    OTG_FS_IRQHandler                        0x0800025d   Thumb Code     0  startup_stm32f4xx.o(.text)
    OTG_FS_WKUP_IRQHandler                   0x0800025d   Thumb Code     0  startup_stm32f4xx.o(.text)
    OTG_HS_EP1_IN_IRQHandler                 0x0800025d   Thumb Code     0  startup_stm32f4xx.o(.text)
    OTG_HS_EP1_OUT_IRQHandler                0x0800025d   Thumb Code     0  startup_stm32f4xx.o(.text)
    OTG_HS_IRQHandler                        0x0800025d   Thumb Code     0  startup_stm32f4xx.o(.text)
    OTG_HS_WKUP_IRQHandler                   0x0800025d   Thumb Code     0  startup_stm32f4xx.o(.text)
    PVD_IRQHandler                           0x0800025d   Thumb Code     0  startup_stm32f4xx.o(.text)
    RCC_IRQHandler                           0x0800025d   Thumb Code     0  startup_stm32f4xx.o(.text)
    RTC_Alarm_IRQHandler                     0x0800025d   Thumb Code     0  startup_stm32f4xx.o(.text)
    RTC_WKUP_IRQHandler                      0x0800025d   Thumb Code     0  startup_stm32f4xx.o(.text)
    SDIO_IRQHandler                          0x0800025d   Thumb Code     0  startup_stm32f4xx.o(.text)
    SPI1_IRQHandler                          0x0800025d   Thumb Code     0  startup_stm32f4xx.o(.text)
    SPI2_IRQHandler                          0x0800025d   Thumb Code     0  startup_stm32f4xx.o(.text)
    SPI3_IRQHandler                          0x0800025d   Thumb Code     0  startup_stm32f4xx.o(.text)
    TAMP_STAMP_IRQHandler                    0x0800025d   Thumb Code     0  startup_stm32f4xx.o(.text)
    TIM1_BRK_TIM9_IRQHandler                 0x0800025d   Thumb Code     0  startup_stm32f4xx.o(.text)
    TIM1_CC_IRQHandler                       0x0800025d   Thumb Code     0  startup_stm32f4xx.o(.text)
    TIM1_TRG_COM_TIM11_IRQHandler            0x0800025d   Thumb Code     0  startup_stm32f4xx.o(.text)
    TIM1_UP_TIM10_IRQHandler                 0x0800025d   Thumb Code     0  startup_stm32f4xx.o(.text)
    TIM2_IRQHandler                          0x0800025d   Thumb Code     0  startup_stm32f4xx.o(.text)
    TIM3_IRQHandler                          0x0800025d   Thumb Code     0  startup_stm32f4xx.o(.text)
    TIM4_IRQHandler                          0x0800025d   Thumb Code     0  startup_stm32f4xx.o(.text)
    TIM5_IRQHandler                          0x0800025d   Thumb Code     0  startup_stm32f4xx.o(.text)
    TIM6_DAC_IRQHandler                      0x0800025d   Thumb Code     0  startup_stm32f4xx.o(.text)
    TIM7_IRQHandler                          0x0800025d   Thumb Code     0  startup_stm32f4xx.o(.text)
    TIM8_BRK_TIM12_IRQHandler                0x0800025d   Thumb Code     0  startup_stm32f4xx.o(.text)
    TIM8_CC_IRQHandler                       0x0800025d   Thumb Code     0  startup_stm32f4xx.o(.text)
    TIM8_TRG_COM_TIM14_IRQHandler            0x0800025d   Thumb Code     0  startup_stm32f4xx.o(.text)
    TIM8_UP_TIM13_IRQHandler                 0x0800025d   Thumb Code     0  startup_stm32f4xx.o(.text)
    UART4_IRQHandler                         0x0800025d   Thumb Code     0  startup_stm32f4xx.o(.text)
    UART5_IRQHandler                         0x0800025d   Thumb Code     0  startup_stm32f4xx.o(.text)
    USART2_IRQHandler                        0x0800025d   Thumb Code     0  startup_stm32f4xx.o(.text)
    USART3_IRQHandler                        0x0800025d   Thumb Code     0  startup_stm32f4xx.o(.text)
    USART6_IRQHandler                        0x0800025d   Thumb Code     0  startup_stm32f4xx.o(.text)
    WWDG_IRQHandler                          0x0800025d   Thumb Code     0  startup_stm32f4xx.o(.text)
    __user_initial_stackheap                 0x08000261   Thumb Code     0  startup_stm32f4xx.o(.text)
    __2printf                                0x08000289   Thumb Code    20  noretval__2printf.o(.text)
    __2sprintf                               0x080002a1   Thumb Code    34  noretval__2sprintf.o(.text)
    _printf_pre_padding                      0x080002c9   Thumb Code    44  _printf_pad.o(.text)
    _printf_post_padding                     0x080002f5   Thumb Code    34  _printf_pad.o(.text)
    _printf_int_dec                          0x08000319   Thumb Code   104  _printf_dec.o(.text)
    _printf_int_hex                          0x08000391   Thumb Code    84  _printf_hex_int.o(.text)
    _printf_longlong_hex                     0x08000391   Thumb Code     0  _printf_hex_int.o(.text)
    __printf                                 0x080003e9   Thumb Code   308  __printf_flags_wp.o(.text)
    strlen                                   0x08000521   Thumb Code    62  strlen.o(.text)
    __use_two_region_memory                  0x0800055f   Thumb Code     2  heapauxi.o(.text)
    __rt_heap_escrow$2region                 0x08000561   Thumb Code     2  heapauxi.o(.text)
    __rt_heap_expand$2region                 0x08000563   Thumb Code     2  heapauxi.o(.text)
    _printf_int_common                       0x08000565   Thumb Code   178  _printf_intcommon.o(.text)
    _printf_char_common                      0x08000623   Thumb Code    32  _printf_char_common.o(.text)
    _sputc                                   0x08000649   Thumb Code    10  _sputc.o(.text)
    _printf_char_file                        0x08000655   Thumb Code    32  _printf_char_file.o(.text)
    __user_setup_stackheap                   0x08000679   Thumb Code    74  sys_stackheap_outer.o(.text)
    exit                                     0x080006c3   Thumb Code    18  exit.o(.text)
    __user_libspace                          0x080006d5   Thumb Code     8  libspace.o(.text)
    __user_perproc_libspace                  0x080006d5   Thumb Code     0  libspace.o(.text)
    __user_perthread_libspace                0x080006d5   Thumb Code     0  libspace.o(.text)
    Delay                                    0x080006dd   Thumb Code    20  ti_lib.o(i.Delay)
    Empty                                    0x080006f5   Thumb Code    16  stack.o(i.Empty)
    Full                                     0x08000709   Thumb Code    16  stack.o(i.Full)
    GPIO_Init                                0x0800071d   Thumb Code   342  stm32f4xx_gpio.o(i.GPIO_Init)
    GPIO_PinAFConfig                         0x080008c1   Thumb Code   338  stm32f4xx_gpio.o(i.GPIO_PinAFConfig)
    Get_Touch_Pad_Input                      0x08000a61   Thumb Code   240  keypad.o(i.Get_Touch_Pad_Input)
    Init_IO                                  0x08000b85   Thumb Code   136  ti_board_io.o(i.Init_IO)
    Init_SPI                                 0x08000c19   Thumb Code   384  ti_board_io.o(i.Init_SPI)
    Init_System_Clock                        0x08000da9   Thumb Code    94  ti_board_io.o(i.Init_System_Clock)
    Init_TI_Board                            0x08000e15   Thumb Code    34  ti_lib.o(i.Init_TI_Board)
    Make_Touch_Pad                           0x08000e39   Thumb Code  1506  keypad.o(i.Make_Touch_Pad)
    NVIC_Init                                0x08001429   Thumb Code   164  misc.o(i.NVIC_Init)
    NVIC_PriorityGroupConfig                 0x080014f9   Thumb Code    54  misc.o(i.NVIC_PriorityGroupConfig)
    RCC_AHB1PeriphClockCmd                   0x08001559   Thumb Code    70  stm32f4xx_rcc.o(i.RCC_AHB1PeriphClockCmd)
    RCC_APB2PeriphClockCmd                   0x080015d1   Thumb Code    70  stm32f4xx_rcc.o(i.RCC_APB2PeriphClockCmd)
    RCC_GetClocksFreq                        0x08001649   Thumb Code   214  stm32f4xx_rcc.o(i.RCC_GetClocksFreq)
    SysTick_Handler                          0x0800181d   Thumb Code     8  ti_lib.o(i.SysTick_Handler)
    SystemCoreClockUpdate                    0x08001825   Thumb Code   170  system_stm32f4xx.o(i.SystemCoreClockUpdate)
    SystemInit                               0x080018e5   Thumb Code    88  system_stm32f4xx.o(i.SystemInit)
    TFT_Init                                 0x0800194d   Thumb Code    20  tft.o(i.TFT_Init)
    TFT_cls                                  0x08001961   Thumb Code    10  tft.o(i.TFT_cls)
    TFT_cursor_off                           0x0800196b   Thumb Code    36  tft.o(i.TFT_cursor_off)
    TFT_get_data                             0x08001991   Thumb Code   328  tft.o(i.TFT_get_data)
    TFT_gotoxy                               0x08001ae1   Thumb Code    46  tft.o(i.TFT_gotoxy)
    TFT_graphic_cls                          0x08001b0f   Thumb Code    30  tft.o(i.TFT_graphic_cls)
    TFT_putc                                 0x08001b2d   Thumb Code    30  tft.o(i.TFT_putc)
    TFT_puts                                 0x08001b4b   Thumb Code    20  tft.o(i.TFT_puts)
    TFT_send_data                            0x08001b61   Thumb Code   230  tft.o(i.TFT_send_data)
    TFT_set_font_color                       0x08001c51   Thumb Code    44  tft.o(i.TFT_set_font_color)
    TFT_set_window                           0x08001c7d   Thumb Code    78  tft.o(i.TFT_set_window)
    TFT_terminal_on                          0x08001ccb   Thumb Code    30  tft.o(i.TFT_terminal_on)
    TFT_touch_area                           0x08001ce9   Thumb Code   172  tft.o(i.TFT_touch_area)
    TFT_touch_area_clear                     0x08001d99   Thumb Code    42  tft.o(i.TFT_touch_area_clear)
    TFT_touch_area_color                     0x08001dc3   Thumb Code    86  tft.o(i.TFT_touch_area_color)
    TFT_touch_area_font                      0x08001e19   Thumb Code    38  tft.o(i.TFT_touch_area_font)
    TFT_touch_area_font_color                0x08001e3f   Thumb Code    46  tft.o(i.TFT_touch_area_font_color)
    TFT_touch_area_frame                     0x08001e6d   Thumb Code    46  tft.o(i.TFT_touch_area_frame)
    TFT_touch_key_feedback                   0x08001e9b   Thumb Code    72  tft.o(i.TFT_touch_key_feedback)
    TimingDelay_Decrement                    0x08001ee5   Thumb Code    28  ti_lib.o(i.TimingDelay_Decrement)
    USART1_Buffer_Init                       0x08001f09   Thumb Code    24  usart.o(i.USART1_Buffer_Init)
    USART1_IRQHandler                        0x08001f2d   Thumb Code   138  usart.o(i.USART1_IRQHandler)
    USART1_Init                              0x08001fc9   Thumb Code   196  usart.o(i.USART1_Init)
    USART1_SendChar                          0x08002095   Thumb Code    70  usart.o(i.USART1_SendChar)
    USART_Cmd                                0x080020e9   Thumb Code    96  stm32f4xx_usart.o(i.USART_Cmd)
    USART_Init                               0x08002189   Thumb Code   456  stm32f4xx_usart.o(i.USART_Init)
    USART_OverSampling8Cmd                   0x08002395   Thumb Code    94  stm32f4xx_usart.o(i.USART_OverSampling8Cmd)
    _is_digit                                0x08002435   Thumb Code    14  __printf_wp.o(i._is_digit)
    _sys_exit                                0x08002443   Thumb Code     4  retarget.o(i._sys_exit)
    add                                      0x08002449   Thumb Code    48  functions.o(i.add)
    assert_failed                            0x08002491   Thumb Code     4  assert.o(i.assert_failed)
    clearStack                               0x08002495   Thumb Code    34  stack.o(i.clearStack)
    div                                      0x080024c1   Thumb Code    80  functions.o(i.div)
    duplicate                                0x08002541   Thumb Code    18  functions.o(i.duplicate)
    ferror                                   0x08002553   Thumb Code     8  retarget.o(i.ferror)
    fputc                                    0x0800255b   Thumb Code    42  retarget.o(i.fputc)
    main                                     0x08002585   Thumb Code    10  main.o(i.main)
    mul                                      0x08002591   Thumb Code    36  functions.o(i.mul)
    printStack                               0x080025bd   Thumb Code    84  stack.o(i.printStack)
    printTopStack                            0x08002621   Thumb Code    64  stack.o(i.printTopStack)
    put                                      0x08002675   Thumb Code    56  stack.o(i.put)
    putOnStack                               0x080026b5   Thumb Code    32  stack.o(i.putOnStack)
    replaceOnStack                           0x080026dd   Thumb Code    12  stack.o(i.replaceOnStack)
    run                                      0x080026f1   Thumb Code   362  run.o(i.run)
    screen                                   0x08002875   Thumb Code    80  run.o(i.screen)
    stackTop                                 0x080028d9   Thumb Code    24  stack.o(i.stackTop)
    sub                                      0x080028f9   Thumb Code    34  functions.o(i.sub)
    swapPosition                             0x08002925   Thumb Code    40  stack.o(i.swapPosition)
    take                                     0x08002955   Thumb Code    80  stack.o(i.take)
    _fp_init                                 0x080029bd   Thumb Code    10  fpinit.o(x$fpl$fpinit)
    __fplib_config_fpu_vfp                   0x080029c5   Thumb Code     0  fpinit.o(x$fpl$fpinit)
    __fplib_config_pureend_doubles           0x080029c5   Thumb Code     0  fpinit.o(x$fpl$fpinit)
    Region$$Table$$Base                      0x08002a00   Number         0  anon$$obj.o(Region$$Table)
    Region$$Table$$Limit                     0x08002a20   Number         0  anon$$obj.o(Region$$Table)
    SystemCoreClock                          0x20000018   Data           4  system_stm32f4xx.o(.data)
    AHBPrescTable                            0x2000001c   Data          16  system_stm32f4xx.o(.data)
    __stdout                                 0x2000002c   Data           4  retarget.o(.data)
    __stdin                                  0x20000030   Data           4  retarget.o(.data)
    top                                      0x20000038   Data           4  stack.o(.data)
    v1                                       0x2000003c   Data           4  functions.o(.data)
    v2                                       0x20000040   Data           4  functions.o(.data)
    inputCounter                             0x20000044   Data           4  run.o(.data)
    stack                                    0x20000360   Data          32  stack.o(.bss)
    allInput                                 0x20000380   Data          30  run.o(.bss)
    __libspace_start                         0x200003a0   Data          96  libspace.o(.bss)
    __temporary_stack_top$libspace           0x20000400   Data           0  libspace.o(.bss)



==============================================================================

Memory Map of the image

  Image Entry point : 0x08000189

  Load Region LR_IROM1 (Base: 0x08000000, Size: 0x00002a68, Max: 0x00100000, ABSOLUTE)

    Execution Region ER_IROM1 (Base: 0x08000000, Size: 0x00002a20, Max: 0x00100000, ABSOLUTE)

    Base Addr    Size         Type   Attr      Idx    E Section Name        Object

    0x08000000   0x00000188   Data   RO         1464    RESET               startup_stm32f4xx.o
    0x08000188   0x00000008   Code   RO         1949  * !!!main             c_w.l(__main.o)
    0x08000190   0x00000034   Code   RO         2110    !!!scatter          c_w.l(__scatter.o)
    0x080001c4   0x0000001a   Code   RO         2112    !!handler_copy      c_w.l(__scatter_copy.o)
    0x080001de   0x00000002   PAD
    0x080001e0   0x0000001c   Code   RO         2114    !!handler_zi        c_w.l(__scatter_zi.o)
    0x080001fc   0x00000000   Code   RO         1944    .ARM.Collect$$_printf_percent$$00000000  c_w.l(_printf_percent.o)
    0x080001fc   0x00000006   Code   RO         1943    .ARM.Collect$$_printf_percent$$00000009  c_w.l(_printf_d.o)
    0x08000202   0x00000006   Code   RO         1942    .ARM.Collect$$_printf_percent$$0000000C  c_w.l(_printf_x.o)
    0x08000208   0x00000004   Code   RO         1962    .ARM.Collect$$_printf_percent$$00000017  c_w.l(_printf_percent_end.o)
    0x0800020c   0x00000002   Code   RO         1989    .ARM.Collect$$libinit$$00000000  c_w.l(libinit.o)
    0x0800020e   0x00000004   Code   RO         1995    .ARM.Collect$$libinit$$00000001  c_w.l(libinit2.o)
    0x08000212   0x00000000   Code   RO         1998    .ARM.Collect$$libinit$$00000004  c_w.l(libinit2.o)
    0x08000212   0x00000000   Code   RO         2001    .ARM.Collect$$libinit$$0000000A  c_w.l(libinit2.o)
    0x08000212   0x00000000   Code   RO         2003    .ARM.Collect$$libinit$$0000000C  c_w.l(libinit2.o)
    0x08000212   0x00000000   Code   RO         2005    .ARM.Collect$$libinit$$0000000E  c_w.l(libinit2.o)
    0x08000212   0x00000000   Code   RO         2008    .ARM.Collect$$libinit$$00000011  c_w.l(libinit2.o)
    0x08000212   0x00000000   Code   RO         2010    .ARM.Collect$$libinit$$00000013  c_w.l(libinit2.o)
    0x08000212   0x00000000   Code   RO         2012    .ARM.Collect$$libinit$$00000015  c_w.l(libinit2.o)
    0x08000212   0x00000000   Code   RO         2014    .ARM.Collect$$libinit$$00000017  c_w.l(libinit2.o)
    0x08000212   0x00000000   Code   RO         2016    .ARM.Collect$$libinit$$00000019  c_w.l(libinit2.o)
    0x08000212   0x00000000   Code   RO         2018    .ARM.Collect$$libinit$$0000001B  c_w.l(libinit2.o)
    0x08000212   0x00000000   Code   RO         2020    .ARM.Collect$$libinit$$0000001D  c_w.l(libinit2.o)
    0x08000212   0x00000000   Code   RO         2022    .ARM.Collect$$libinit$$0000001F  c_w.l(libinit2.o)
    0x08000212   0x00000000   Code   RO         2024    .ARM.Collect$$libinit$$00000021  c_w.l(libinit2.o)
    0x08000212   0x00000000   Code   RO         2026    .ARM.Collect$$libinit$$00000023  c_w.l(libinit2.o)
    0x08000212   0x00000000   Code   RO         2028    .ARM.Collect$$libinit$$00000025  c_w.l(libinit2.o)
    0x08000212   0x00000000   Code   RO         2032    .ARM.Collect$$libinit$$0000002C  c_w.l(libinit2.o)
    0x08000212   0x00000000   Code   RO         2034    .ARM.Collect$$libinit$$0000002E  c_w.l(libinit2.o)
    0x08000212   0x00000000   Code   RO         2036    .ARM.Collect$$libinit$$00000030  c_w.l(libinit2.o)
    0x08000212   0x00000000   Code   RO         2038    .ARM.Collect$$libinit$$00000032  c_w.l(libinit2.o)
    0x08000212   0x00000002   Code   RO         2039    .ARM.Collect$$libinit$$00000033  c_w.l(libinit2.o)
    0x08000214   0x00000002   Code   RO         2057    .ARM.Collect$$libshutdown$$00000000  c_w.l(libshutdown.o)
    0x08000216   0x00000000   Code   RO         2065    .ARM.Collect$$libshutdown$$00000002  c_w.l(libshutdown2.o)
    0x08000216   0x00000000   Code   RO         2067    .ARM.Collect$$libshutdown$$00000004  c_w.l(libshutdown2.o)
    0x08000216   0x00000000   Code   RO         2070    .ARM.Collect$$libshutdown$$00000007  c_w.l(libshutdown2.o)
    0x08000216   0x00000000   Code   RO         2073    .ARM.Collect$$libshutdown$$0000000A  c_w.l(libshutdown2.o)
    0x08000216   0x00000000   Code   RO         2075    .ARM.Collect$$libshutdown$$0000000C  c_w.l(libshutdown2.o)
    0x08000216   0x00000000   Code   RO         2078    .ARM.Collect$$libshutdown$$0000000F  c_w.l(libshutdown2.o)
    0x08000216   0x00000002   Code   RO         2079    .ARM.Collect$$libshutdown$$00000010  c_w.l(libshutdown2.o)
    0x08000218   0x00000000   Code   RO         1951    .ARM.Collect$$rtentry$$00000000  c_w.l(__rtentry.o)
    0x08000218   0x00000000   Code   RO         1964    .ARM.Collect$$rtentry$$00000002  c_w.l(__rtentry2.o)
    0x08000218   0x00000006   Code   RO         1976    .ARM.Collect$$rtentry$$00000004  c_w.l(__rtentry4.o)
    0x0800021e   0x00000000   Code   RO         1966    .ARM.Collect$$rtentry$$00000009  c_w.l(__rtentry2.o)
    0x0800021e   0x00000004   Code   RO         1967    .ARM.Collect$$rtentry$$0000000A  c_w.l(__rtentry2.o)
    0x08000222   0x00000000   Code   RO         1969    .ARM.Collect$$rtentry$$0000000C  c_w.l(__rtentry2.o)
    0x08000222   0x00000008   Code   RO         1970    .ARM.Collect$$rtentry$$0000000D  c_w.l(__rtentry2.o)
    0x0800022a   0x00000002   Code   RO         1993    .ARM.Collect$$rtexit$$00000000  c_w.l(rtexit.o)
    0x0800022c   0x00000000   Code   RO         2041    .ARM.Collect$$rtexit$$00000002  c_w.l(rtexit2.o)
    0x0800022c   0x00000004   Code   RO         2042    .ARM.Collect$$rtexit$$00000003  c_w.l(rtexit2.o)
    0x08000230   0x00000006   Code   RO         2043    .ARM.Collect$$rtexit$$00000004  c_w.l(rtexit2.o)
    0x08000236   0x00000002   PAD
    0x08000238   0x00000050   Code   RO         1465    .text               startup_stm32f4xx.o
    0x08000288   0x00000018   Code   RO         1889    .text               c_w.l(noretval__2printf.o)
    0x080002a0   0x00000028   Code   RO         1891    .text               c_w.l(noretval__2sprintf.o)
    0x080002c8   0x0000004e   Code   RO         1897    .text               c_w.l(_printf_pad.o)
    0x08000316   0x00000002   PAD
    0x08000318   0x00000078   Code   RO         1899    .text               c_w.l(_printf_dec.o)
    0x08000390   0x00000058   Code   RO         1904    .text               c_w.l(_printf_hex_int.o)
    0x080003e8   0x00000138   Code   RO         1934    .text               c_w.l(__printf_flags_wp.o)
    0x08000520   0x0000003e   Code   RO         1945    .text               c_w.l(strlen.o)
    0x0800055e   0x00000006   Code   RO         1947    .text               c_w.l(heapauxi.o)
    0x08000564   0x000000b2   Code   RO         1952    .text               c_w.l(_printf_intcommon.o)
    0x08000616   0x00000002   PAD
    0x08000618   0x00000030   Code   RO         1954    .text               c_w.l(_printf_char_common.o)
    0x08000648   0x0000000a   Code   RO         1956    .text               c_w.l(_sputc.o)
    0x08000652   0x00000002   PAD
    0x08000654   0x00000024   Code   RO         1960    .text               c_w.l(_printf_char_file.o)
    0x08000678   0x0000004a   Code   RO         1980    .text               c_w.l(sys_stackheap_outer.o)
    0x080006c2   0x00000012   Code   RO         1982    .text               c_w.l(exit.o)
    0x080006d4   0x00000008   Code   RO         1990    .text               c_w.l(libspace.o)
    0x080006dc   0x00000018   Code   RO          404    i.Delay             ti_lib.o
    0x080006f4   0x00000014   Code   RO         1695    i.Empty             stack.o
    0x08000708   0x00000014   Code   RO         1696    i.Full              stack.o
    0x0800071c   0x000001a4   Code   RO         1364    i.GPIO_Init         stm32f4xx_gpio.o
    0x080008c0   0x000001a0   Code   RO         1365    i.GPIO_PinAFConfig  stm32f4xx_gpio.o
    0x08000a60   0x00000124   Code   RO           23    i.Get_Touch_Pad_Input  keypad.o
    0x08000b84   0x00000094   Code   RO         1656    i.Init_IO           ti_board_io.o
    0x08000c18   0x00000190   Code   RO         1657    i.Init_SPI          ti_board_io.o
    0x08000da8   0x0000006c   Code   RO         1658    i.Init_System_Clock  ti_board_io.o
    0x08000e14   0x00000022   Code   RO          405    i.Init_TI_Board     ti_lib.o
    0x08000e36   0x00000002   PAD
    0x08000e38   0x000005f0   Code   RO           24    i.Make_Touch_Pad    keypad.o
    0x08001428   0x000000d0   Code   RO          459    i.NVIC_Init         misc.o
    0x080014f8   0x00000060   Code   RO          460    i.NVIC_PriorityGroupConfig  misc.o
    0x08001558   0x00000078   Code   RO         1083    i.RCC_AHB1PeriphClockCmd  stm32f4xx_rcc.o
    0x080015d0   0x00000078   Code   RO         1095    i.RCC_APB2PeriphClockCmd  stm32f4xx_rcc.o
    0x08001648   0x000000e8   Code   RO         1104    i.RCC_GetClocksFreq  stm32f4xx_rcc.o
    0x08001730   0x000000ec   Code   RO         1471    i.SetSysClock       system_stm32f4xx.o
    0x0800181c   0x00000008   Code   RO          406    i.SysTick_Handler   ti_lib.o
    0x08001824   0x000000c0   Code   RO         1472    i.SystemCoreClockUpdate  system_stm32f4xx.o
    0x080018e4   0x00000068   Code   RO         1473    i.SystemInit        system_stm32f4xx.o
    0x0800194c   0x00000014   Code   RO           63    i.TFT_Init          tft.o
    0x08001960   0x0000000a   Code   RO           74    i.TFT_cls           tft.o
    0x0800196a   0x00000024   Code   RO           75    i.TFT_cursor_off    tft.o
    0x0800198e   0x00000002   PAD
    0x08001990   0x00000150   Code   RO           79    i.TFT_get_data      tft.o
    0x08001ae0   0x0000002e   Code   RO           80    i.TFT_gotoxy        tft.o
    0x08001b0e   0x0000001e   Code   RO           81    i.TFT_graphic_cls   tft.o
    0x08001b2c   0x0000001e   Code   RO           87    i.TFT_putc          tft.o
    0x08001b4a   0x00000014   Code   RO           88    i.TFT_puts          tft.o
    0x08001b5e   0x00000002   PAD
    0x08001b60   0x000000f0   Code   RO           90    i.TFT_send_data     tft.o
    0x08001c50   0x0000002c   Code   RO           93    i.TFT_set_font_color  tft.o
    0x08001c7c   0x0000004e   Code   RO           98    i.TFT_set_window    tft.o
    0x08001cca   0x0000001e   Code   RO          100    i.TFT_terminal_on   tft.o
    0x08001ce8   0x000000b0   Code   RO          101    i.TFT_touch_area    tft.o
    0x08001d98   0x0000002a   Code   RO          102    i.TFT_touch_area_clear  tft.o
    0x08001dc2   0x00000056   Code   RO          103    i.TFT_touch_area_color  tft.o
    0x08001e18   0x00000026   Code   RO          104    i.TFT_touch_area_font  tft.o
    0x08001e3e   0x0000002e   Code   RO          105    i.TFT_touch_area_font_color  tft.o
    0x08001e6c   0x0000002e   Code   RO          106    i.TFT_touch_area_frame  tft.o
    0x08001e9a   0x00000048   Code   RO          107    i.TFT_touch_key_feedback  tft.o
    0x08001ee2   0x00000002   PAD
    0x08001ee4   0x00000024   Code   RO          407    i.TimingDelay_Decrement  ti_lib.o
    0x08001f08   0x00000024   Code   RO         1571    i.USART1_Buffer_Init  usart.o
    0x08001f2c   0x0000009c   Code   RO         1573    i.USART1_IRQHandler  usart.o
    0x08001fc8   0x000000cc   Code   RO         1574    i.USART1_Init       usart.o
    0x08002094   0x00000054   Code   RO         1575    i.USART1_SendChar   usart.o
    0x080020e8   0x000000a0   Code   RO          896    i.USART_Cmd         stm32f4xx_usart.o
    0x08002188   0x0000020c   Code   RO          903    i.USART_Init        stm32f4xx_usart.o
    0x08002394   0x000000a0   Code   RO          909    i.USART_OverSampling8Cmd  stm32f4xx_usart.o
    0x08002434   0x0000000e   Code   RO         1932    i._is_digit         c_w.l(__printf_wp.o)
    0x08002442   0x00000004   Code   RO         1509    i._sys_exit         retarget.o
    0x08002446   0x00000002   PAD
    0x08002448   0x00000048   Code   RO         1803    i.add               functions.o
    0x08002490   0x00000004   Code   RO            1    i.assert_failed     assert.o
    0x08002494   0x0000002c   Code   RO         1697    i.clearStack        stack.o
    0x080024c0   0x00000080   Code   RO         1804    i.div               functions.o
    0x08002540   0x00000012   Code   RO         1805    i.duplicate         functions.o
    0x08002552   0x00000008   Code   RO         1511    i.ferror            retarget.o
    0x0800255a   0x0000002a   Code   RO         1513    i.fputc             retarget.o
    0x08002584   0x0000000a   Code   RO         1786    i.main              main.o
    0x0800258e   0x00000002   PAD
    0x08002590   0x0000002c   Code   RO         1806    i.mul               functions.o
    0x080025bc   0x00000064   Code   RO         1698    i.printStack        stack.o
    0x08002620   0x00000054   Code   RO         1699    i.printTopStack     stack.o
    0x08002674   0x00000040   Code   RO         1700    i.put               stack.o
    0x080026b4   0x00000028   Code   RO         1701    i.putOnStack        stack.o
    0x080026dc   0x00000014   Code   RO         1702    i.replaceOnStack    stack.o
    0x080026f0   0x00000184   Code   RO         1853    i.run               run.o
    0x08002874   0x00000064   Code   RO         1854    i.screen            run.o
    0x080028d8   0x00000020   Code   RO         1703    i.stackTop          stack.o
    0x080028f8   0x0000002c   Code   RO         1807    i.sub               functions.o
    0x08002924   0x00000030   Code   RO         1704    i.swapPosition      stack.o
    0x08002954   0x00000068   Code   RO         1705    i.take              stack.o
    0x080029bc   0x0000000a   Code   RO         2049    x$fpl$fpinit        fz_wm.l(fpinit.o)
    0x080029c6   0x00000028   Data   RO         1905    .constdata          c_w.l(_printf_hex_int.o)
    0x080029ee   0x00000011   Data   RO         1935    .constdata          c_w.l(__printf_flags_wp.o)
    0x080029ff   0x00000001   PAD
    0x08002a00   0x00000020   Data   RO         2108    Region$$Table       anon$$obj.o


    Execution Region RW_IRAM1 (Base: 0x20000000, Size: 0x00009400, Max: 0x00020000, ABSOLUTE)

    Base Addr    Size         Type   Attr      Idx    E Section Name        Object

    0x20000000   0x00000008   Data   RW          409    .data               ti_lib.o
    0x20000008   0x00000010   Data   RW         1127    .data               stm32f4xx_rcc.o
    0x20000018   0x00000014   Data   RW         1474    .data               system_stm32f4xx.o
    0x2000002c   0x00000008   Data   RW         1514    .data               retarget.o
    0x20000034   0x00000004   Data   RW         1577    .data               usart.o
    0x20000038   0x00000004   Data   RW         1707    .data               stack.o
    0x2000003c   0x00000008   Data   RW         1808    .data               functions.o
    0x20000044   0x00000004   Data   RW         1856    .data               run.o
    0x20000048   0x00000106   Zero   RW          108    .bss                tft.o
    0x2000014e   0x00000002   PAD
    0x20000150   0x00000210   Zero   RW         1576    .bss                usart.o
    0x20000360   0x00000020   Zero   RW         1706    .bss                stack.o
    0x20000380   0x0000001e   Zero   RW         1855    .bss                run.o
    0x2000039e   0x00000002   PAD
    0x200003a0   0x00000060   Zero   RW         1991    .bss                c_w.l(libspace.o)
    0x20000400   0x00008000   Zero   RW         1463    HEAP                startup_stm32f4xx.o
    0x20008400   0x00001000   Zero   RW         1462    STACK               startup_stm32f4xx.o


==============================================================================

Image component sizes


      Code (inc. data)   RO Data    RW Data    ZI Data      Debug   Object Name

         4          0          0          0          0       5244   assert.o
       306         90          0          8          0       2368   functions.o
      1812        142          0          0          0       1815   keypad.o
        10          0          0          0          0        439   main.o
       304         86          0          0          0     210699   misc.o
        54          0          0          8          0       3439   retarget.o
       488         68          0          4         30       1871   run.o
       576        118          0          4         32       5914   stack.o
        80         32        392          0      36864        856   startup_stm32f4xx.o
         0          0          0          0          0      12832   stm32f4xx_dma.o
       836        156          0          0          0       8411   stm32f4xx_gpio.o
       472        118          0         16          0       3894   stm32f4xx_rcc.o
       844        198          0          0          0       8838   stm32f4xx_usart.o
       532         54          0         20          0       2493   system_stm32f4xx.o
      1426         22          0          0        262     219655   tft.o
       656         42          0          0          0      28312   ti_board_io.o
       102         12          0          8          0       2494   ti_lib.o
       480         52          0          4        528       5529   usart.o

    ----------------------------------------------------------------------
      8994       1190        424         72      37720     525103   Object Totals
         0          0         32          0          0          0   (incl. Generated)
        12          0          0          0          4          0   (incl. Padding)

    ----------------------------------------------------------------------

      Code (inc. data)   RO Data    RW Data    ZI Data      Debug   Library Member Name

         8          0          0          0          0         68   __main.o
       312          4         17          0          0         92   __printf_flags_wp.o
        14          0          0          0          0         68   __printf_wp.o
         0          0          0          0          0          0   __rtentry.o
        12          0          0          0          0          0   __rtentry2.o
         6          0          0          0          0          0   __rtentry4.o
        52          8          0          0          0          0   __scatter.o
        26          0          0          0          0          0   __scatter_copy.o
        28          0          0          0          0          0   __scatter_zi.o
        48          6          0          0          0         96   _printf_char_common.o
        36          4          0          0          0         80   _printf_char_file.o
         6          0          0          0          0          0   _printf_d.o
       120         16          0          0          0         92   _printf_dec.o
        88          4         40          0          0         88   _printf_hex_int.o
       178          0          0          0          0         88   _printf_intcommon.o
        78          0          0          0          0        108   _printf_pad.o
         0          0          0          0          0          0   _printf_percent.o
         4          0          0          0          0          0   _printf_percent_end.o
         6          0          0          0          0          0   _printf_x.o
        10          0          0          0          0         68   _sputc.o
        18          0          0          0          0         80   exit.o
         6          0          0          0          0        152   heapauxi.o
         2          0          0          0          0          0   libinit.o
         6          0          0          0          0          0   libinit2.o
         2          0          0          0          0          0   libshutdown.o
         2          0          0          0          0          0   libshutdown2.o
         8          4          0          0         96         68   libspace.o
        24          4          0          0          0         84   noretval__2printf.o
        40          6          0          0          0         84   noretval__2sprintf.o
         2          0          0          0          0          0   rtexit.o
        10          0          0          0          0          0   rtexit2.o
        62          0          0          0          0         76   strlen.o
        74          0          0          0          0         80   sys_stackheap_outer.o
        10          0          0          0          0        116   fpinit.o

    ----------------------------------------------------------------------
      1308         56         58          0         96       1588   Library Totals
        10          0          1          0          0          0   (incl. Padding)

    ----------------------------------------------------------------------

      Code (inc. data)   RO Data    RW Data    ZI Data      Debug   Library Name

      1288         56         57          0         96       1472   c_w.l
        10          0          0          0          0        116   fz_wm.l

    ----------------------------------------------------------------------
      1308         56         58          0         96       1588   Library Totals

    ----------------------------------------------------------------------

==============================================================================


      Code (inc. data)   RO Data    RW Data    ZI Data      Debug   

     10302       1246        482         72      37816     519815   Grand Totals
     10302       1246        482         72      37816     519815   ELF Image Totals
     10302       1246        482         72          0          0   ROM Totals

==============================================================================

    Total RO  Size (Code + RO Data)                10784 (  10.53kB)
    Total RW  Size (RW Data + ZI Data)             37888 (  37.00kB)
    Total ROM Size (Code + RO Data + RW Data)      10856 (  10.60kB)

==============================================================================

