Component: ARM Compiler 5.06 update 5 (build 528) Tool: armlink [4d35e2]

==============================================================================

Section Cross References

    keypad.o(i.Clear_Line) refers to tft.o(i.TFT_set_window) for TFT_set_window
    keypad.o(i.Clear_Line) refers to tft.o(i.TFT_cls) for TFT_cls
    keypad.o(i.Display_value) refers to tft.o(i.TFT_set_window) for TFT_set_window
    keypad.o(i.Display_value) refers to printf8.o(i.__0snprintf$8) for __2snprintf
    keypad.o(i.Display_value) refers to tft.o(i.TFT_cls) for TFT_cls
    keypad.o(i.Display_value) refers to tft.o(i.TFT_putc) for TFT_putc
    keypad.o(i.Get_Touch_Pad_Input) refers to tft.o(i.TFT_get_data) for TFT_get_data
    keypad.o(i.Get_Touch_Pad_Input) refers to printf8.o(i.__0printf$8) for __2printf
    keypad.o(i.Make_Touch_Pad) refers to tft.o(i.TFT_Init) for TFT_Init
    keypad.o(i.Make_Touch_Pad) refers to tft.o(i.TFT_cursor_off) for TFT_cursor_off
    keypad.o(i.Make_Touch_Pad) refers to tft.o(i.TFT_graphic_cls) for TFT_graphic_cls
    keypad.o(i.Make_Touch_Pad) refers to tft.o(i.TFT_touch_area_clear) for TFT_touch_area_clear
    keypad.o(i.Make_Touch_Pad) refers to tft.o(i.TFT_set_font_color) for TFT_set_font_color
    keypad.o(i.Make_Touch_Pad) refers to tft.o(i.TFT_set_window) for TFT_set_window
    keypad.o(i.Make_Touch_Pad) refers to tft.o(i.TFT_terminal_on) for TFT_terminal_on
    keypad.o(i.Make_Touch_Pad) refers to tft.o(i.TFT_touch_area_font_color) for TFT_touch_area_font_color
    keypad.o(i.Make_Touch_Pad) refers to tft.o(i.TFT_touch_area_font) for TFT_touch_area_font
    keypad.o(i.Make_Touch_Pad) refers to tft.o(i.TFT_touch_area_frame) for TFT_touch_area_frame
    keypad.o(i.Make_Touch_Pad) refers to tft.o(i.TFT_touch_area_color) for TFT_touch_area_color
    keypad.o(i.Make_Touch_Pad) refers to tft.o(i.TFT_touch_area) for TFT_touch_area
    tft.o(i.TFT_Init) refers to tft.o(i.TFT_terminal_on) for TFT_terminal_on
    tft.o(i.TFT_Init) refers to tft.o(i.TFT_cls) for TFT_cls
    tft.o(i.TFT_Init) refers to tft.o(i.TFT_touch_key_feedback) for TFT_touch_key_feedback
    tft.o(i.TFT_Init) refers to tft.o(i.TFT_setTimeout) for TFT_setTimeout
    tft.o(i.TFT_bargraph_color) refers to tft.o(i.TFT_send_data) for TFT_send_data
    tft.o(i.TFT_bargraph_define) refers to tft.o(i.TFT_send_data) for TFT_send_data
    tft.o(i.TFT_bargraph_fill_pattern) refers to tft.o(i.TFT_send_data) for TFT_send_data
    tft.o(i.TFT_bargraph_frame) refers to tft.o(i.TFT_send_data) for TFT_send_data
    tft.o(i.TFT_bargraph_value) refers to tft.o(i.TFT_send_data) for TFT_send_data
    tft.o(i.TFT_bigString) refers to tft.o(i.TFT_set_font) for TFT_set_font
    tft.o(i.TFT_bigString) refers to tft.o(i.TFT_send_data) for TFT_send_data
    tft.o(i.TFT_bigText) refers to tft.o(i.TFT_set_font) for TFT_set_font
    tft.o(i.TFT_bigText) refers to tft.o(i.TFT_send_data) for TFT_send_data
    tft.o(i.TFT_buzzer_off) refers to tft.o(i.TFT_send_data) for TFT_send_data
    tft.o(i.TFT_buzzer_on) refers to tft.o(i.TFT_send_data) for TFT_send_data
    tft.o(i.TFT_carriage_return) refers to tft.o(i.TFT_putc) for TFT_putc
    tft.o(i.TFT_cls) refers to tft.o(i.TFT_putc) for TFT_putc
    tft.o(i.TFT_cursor_off) refers to tft.o(i.TFT_send_data) for TFT_send_data
    tft.o(i.TFT_cursor_on) refers to tft.o(i.TFT_send_data) for TFT_send_data
    tft.o(i.TFT_draw_line) refers to tft.o(i.TFT_send_data) for TFT_send_data
    tft.o(i.TFT_draw_rectangle) refers to tft.o(i.TFT_send_data) for TFT_send_data
    tft.o(i.TFT_getProtocolSettings) refers to memseta.o(.text) for __aeabi_memclr4
    tft.o(i.TFT_getProtocolSettings) refers to memcpya.o(.text) for __aeabi_memcpy4
    tft.o(i.TFT_get_dat) refers to ti_lib.o(i.Delay) for Delay
    tft.o(i.TFT_get_data) refers to tft.o(i.TFT_get_dat) for TFT_get_dat
    tft.o(i.TFT_gotoxy) refers to tft.o(i.TFT_send_data) for TFT_send_data
    tft.o(i.TFT_graphic_cls) refers to tft.o(i.TFT_send_data) for TFT_send_data
    tft.o(i.TFT_graphic_puts) refers to tft.o(i.TFT_send_data) for TFT_send_data
    tft.o(i.TFT_graphic_puts_area) refers to tft.o(i.TFT_send_data) for TFT_send_data
    tft.o(i.TFT_graphic_set_point) refers to tft.o(i.TFT_send_data) for TFT_send_data
    tft.o(i.TFT_line_color) refers to tft.o(i.TFT_send_data) for TFT_send_data
    tft.o(i.TFT_newline) refers to tft.o(i.TFT_putc) for TFT_putc
    tft.o(i.TFT_putc) refers to tft.o(i.TFT_send_data) for TFT_send_data
    tft.o(i.TFT_puts) refers to strlen.o(.text) for strlen
    tft.o(i.TFT_puts) refers to tft.o(i.TFT_send_data) for TFT_send_data
    tft.o(i.TFT_set_brightness) refers to tft.o(i.TFT_send_data) for TFT_send_data
    tft.o(i.TFT_set_font) refers to tft.o(i.TFT_send_data) for TFT_send_data
    tft.o(i.TFT_set_font_color) refers to tft.o(i.TFT_send_data) for TFT_send_data
    tft.o(i.TFT_set_graphic_color) refers to tft.o(i.TFT_send_data) for TFT_send_data
[...]
    entry.o(.ARM.Collect$$$$00000000) refers (Special) to entry8b.o(.ARM.Collect$$$$0000000A) for _main_cpp_init
    entry.o(.ARM.Collect$$$$00000000) refers (Special) to entry9a.o(.ARM.Collect$$$$0000000B) for _main_init
    entry.o(.ARM.Collect$$$$00000000) refers (Special) to entry5.o(.ARM.Collect$$$$00000004) for _main_scatterload
    entry.o(.ARM.Collect$$$$00000000) refers (Special) to entry2.o(.ARM.Collect$$$$00000001) for _main_stk
    printfb.o(i.__0fprintf$bare) refers to printfb.o(i._printf_core) for _printf_core
    printfb.o(i.__0fprintf$bare) refers to retarget.o(i.fputc) for fputc
    printfb.o(i.__0printf$bare) refers to printfb.o(i._printf_core) for _printf_core
    printfb.o(i.__0printf$bare) refers to retarget.o(i.fputc) for fputc
    printfb.o(i.__0printf$bare) refers to retarget.o(.data) for __stdout
    printfb.o(i.__0snprintf$bare) refers to printfb.o(i._printf_core) for _printf_core
    printfb.o(i.__0snprintf$bare) refers to printfb.o(i._snputc) for _snputc
    printfb.o(i.__0sprintf$bare) refers to printfb.o(i._printf_core) for _printf_core
    printfb.o(i.__0sprintf$bare) refers to printfb.o(i._sputc) for _sputc
    printfb.o(i.__0vfprintf$bare) refers to printfb.o(i._printf_core) for _printf_core
    printfb.o(i.__0vfprintf$bare) refers to retarget.o(i.fputc) for fputc
    printfb.o(i.__0vprintf$bare) refers to printfb.o(i._printf_core) for _printf_core
    printfb.o(i.__0vprintf$bare) refers to retarget.o(i.fputc) for fputc
    printfb.o(i.__0vprintf$bare) refers to retarget.o(.data) for __stdout
    printfb.o(i.__0vsnprintf$bare) refers to printfb.o(i._printf_core) for _printf_core
    printfb.o(i.__0vsnprintf$bare) refers to printfb.o(i._snputc) for _snputc
    printfb.o(i.__0vsprintf$bare) refers to printfb.o(i._printf_core) for _printf_core
    printfb.o(i.__0vsprintf$bare) refers to printfb.o(i._sputc) for _sputc
    printf0.o(i.__0fprintf$0) refers to printf0.o(i._printf_core) for _printf_core
    printf0.o(i.__0fprintf$0) refers to retarget.o(i.fputc) for fputc
    printf0.o(i.__0printf$0) refers to printf0.o(i._printf_core) for _printf_core
    printf0.o(i.__0printf$0) refers to retarget.o(i.fputc) for fputc
    printf0.o(i.__0printf$0) refers to retarget.o(.data) for __stdout
    printf0.o(i.__0snprintf$0) refers to printf0.o(i._printf_core) for _printf_core
    printf0.o(i.__0snprintf$0) refers to printf0.o(i._snputc) for _snputc
    printf0.o(i.__0sprintf$0) refers to printf0.o(i._printf_core) for _printf_core
    printf0.o(i.__0sprintf$0) refers to printf0.o(i._sputc) for _sputc
    printf0.o(i.__0vfprintf$0) refers to printf0.o(i._printf_core) for _printf_core
    printf0.o(i.__0vfprintf$0) refers to retarget.o(i.fputc) for fputc
    printf0.o(i.__0vprintf$0) refers to printf0.o(i._printf_core) for _printf_core
    printf0.o(i.__0vprintf$0) refers to retarget.o(i.fputc) for fputc
    printf0.o(i.__0vprintf$0) refers to retarget.o(.data) for __stdout
    printf0.o(i.__0vsnprintf$0) refers to printf0.o(i._printf_core) for _printf_core
    printf0.o(i.__0vsnprintf$0) refers to printf0.o(i._snputc) for _snputc
    printf0.o(i.__0vsprintf$0) refers to printf0.o(i._printf_core) for _printf_core
    printf0.o(i.__0vsprintf$0) refers to printf0.o(i._sputc) for _sputc
    printf1.o(i.__0fprintf$1) refers to printf1.o(i._printf_core) for _printf_core
    printf1.o(i.__0fprintf$1) refers to retarget.o(i.fputc) for fputc
    printf1.o(i.__0printf$1) refers to printf1.o(i._printf_core) for _printf_core
    printf1.o(i.__0printf$1) refers to retarget.o(i.fputc) for fputc
    printf1.o(i.__0printf$1) refers to retarget.o(.data) for __stdout
    printf1.o(i.__0snprintf$1) refers to printf1.o(i._printf_core) for _printf_core
    printf1.o(i.__0snprintf$1) refers to printf1.o(i._snputc) for _snputc
    printf1.o(i.__0sprintf$1) refers to printf1.o(i._printf_core) for _printf_core
    printf1.o(i.__0sprintf$1) refers to printf1.o(i._sputc) for _sputc
    printf1.o(i.__0vfprintf$1) refers to printf1.o(i._printf_core) for _printf_core
    printf1.o(i.__0vfprintf$1) refers to retarget.o(i.fputc) for fputc
    printf1.o(i.__0vprintf$1) refers to printf1.o(i._printf_core) for _printf_core
    printf1.o(i.__0vprintf$1) refers to retarget.o(i.fputc) for fputc
    printf1.o(i.__0vprintf$1) refers to retarget.o(.data) for __stdout
    printf1.o(i.__0vsnprintf$1) refers to printf1.o(i._printf_core) for _printf_core
    printf1.o(i.__0vsnprintf$1) refers to printf1.o(i._snputc) for _snputc
    printf1.o(i.__0vsprintf$1) refers to printf1.o(i._printf_core) for _printf_core
    printf1.o(i.__0vsprintf$1) refers to printf1.o(i._sputc) for _sputc
    printf1.o(i._printf_core) refers to uidiv.o(.text) for __aeabi_uidivmod
    printf2.o(i.__0fprintf$2) refers to printf2.o(i._printf_core) for _printf_core
    printf2.o(i.__0fprintf$2) refers to retarget.o(i.fputc) for fputc
    printf2.o(i.__0printf$2) refers to printf2.o(i._printf_core) for _printf_core
    printf2.o(i.__0printf$2) refers to retarget.o(i.fputc) for fputc
    printf2.o(i.__0printf$2) refers to retarget.o(.data) for __stdout
    printf2.o(i.__0snprintf$2) refers to printf2.o(i._printf_core) for _printf_core
    printf2.o(i.__0snprintf$2) refers to printf2.o(i._snputc) for _snputc
    printf2.o(i.__0sprintf$2) refers to printf2.o(i._printf_core) for _printf_core
    printf2.o(i.__0sprintf$2) refers to printf2.o(i._sputc) for _sputc
    printf2.o(i.__0vfprintf$2) refers to printf2.o(i._printf_core) for _printf_core
    printf2.o(i.__0vfprintf$2) refers to retarget.o(i.fputc) for fputc
    printf2.o(i.__0vprintf$2) refers to printf2.o(i._printf_core) for _printf_core
    printf2.o(i.__0vprintf$2) refers to retarget.o(i.fputc) for fputc
    printf2.o(i.__0vprintf$2) refers to retarget.o(.data) for __stdout
    printf2.o(i.__0vsnprintf$2) refers to printf2.o(i._printf_core) for _printf_core
    printf2.o(i.__0vsnprintf$2) refers to printf2.o(i._snputc) for _snputc
    printf2.o(i.__0vsprintf$2) refers to printf2.o(i._printf_core) for _printf_core
    printf2.o(i.__0vsprintf$2) refers to printf2.o(i._sputc) for _sputc
    printf3.o(i.__0fprintf$3) refers to printf3.o(i._printf_core) for _printf_core
    printf3.o(i.__0fprintf$3) refers to retarget.o(i.fputc) for fputc
    printf3.o(i.__0printf$3) refers to printf3.o(i._printf_core) for _printf_core
    printf3.o(i.__0printf$3) refers to retarget.o(i.fputc) for fputc
    printf3.o(i.__0printf$3) refers to retarget.o(.data) for __stdout
    printf3.o(i.__0snprintf$3) refers to printf3.o(i._printf_core) for _printf_core
    printf3.o(i.__0snprintf$3) refers to printf3.o(i._snputc) for _snputc
    printf3.o(i.__0sprintf$3) refers to printf3.o(i._printf_core) for _printf_core
    printf3.o(i.__0sprintf$3) refers to printf3.o(i._sputc) for _sputc
    printf3.o(i.__0vfprintf$3) refers to printf3.o(i._printf_core) for _printf_core
    printf3.o(i.__0vfprintf$3) refers to retarget.o(i.fputc) for fputc
    printf3.o(i.__0vprintf$3) refers to printf3.o(i._printf_core) for _printf_core
    printf3.o(i.__0vprintf$3) refers to retarget.o(i.fputc) for fputc
    printf3.o(i.__0vprintf$3) refers to retarget.o(.data) for __stdout
    printf3.o(i.__0vsnprintf$3) refers to printf3.o(i._printf_core) for _printf_core
    printf3.o(i.__0vsnprintf$3) refers to printf3.o(i._snputc) for _snputc
    printf3.o(i.__0vsprintf$3) refers to printf3.o(i._printf_core) for _printf_core
    printf3.o(i.__0vsprintf$3) refers to printf3.o(i._sputc) for _sputc
    printf3.o(i._printf_core) refers to uidiv.o(.text) for __aeabi_uidivmod
    printf4.o(i.__0fprintf$4) refers to printf4.o(i._printf_core) for _printf_core
    printf4.o(i.__0fprintf$4) refers to retarget.o(i.fputc) for fputc
    printf4.o(i.__0printf$4) refers to printf4.o(i._printf_core) for _printf_core
    printf4.o(i.__0printf$4) refers to retarget.o(i.fputc) for fputc
    printf4.o(i.__0printf$4) refers to retarget.o(.data) for __stdout
    printf4.o(i.__0snprintf$4) refers to printf4.o(i._printf_core) for _printf_core
    printf4.o(i.__0snprintf$4) refers to printf4.o(i._snputc) for _snputc
    printf4.o(i.__0sprintf$4) refers to printf4.o(i._printf_core) for _printf_core
    printf4.o(i.__0sprintf$4) refers to printf4.o(i._sputc) for _sputc
    printf4.o(i.__0vfprintf$4) refers to printf4.o(i._printf_core) for _printf_core
    printf4.o(i.__0vfprintf$4) refers to retarget.o(i.fputc) for fputc
    printf4.o(i.__0vprintf$4) refers to printf4.o(i._printf_core) for _printf_core
    printf4.o(i.__0vprintf$4) refers to retarget.o(i.fputc) for fputc
    printf4.o(i.__0vprintf$4) refers to retarget.o(.data) for __stdout
    printf4.o(i.__0vsnprintf$4) refers to printf4.o(i._printf_core) for _printf_core
    printf4.o(i.__0vsnprintf$4) refers to printf4.o(i._snputc) for _snputc
    printf4.o(i.__0vsprintf$4) refers to printf4.o(i._printf_core) for _printf_core
    printf4.o(i.__0vsprintf$4) refers to printf4.o(i._sputc) for _sputc
    printf4.o(i._printf_core) refers to uldiv.o(.text) for __aeabi_uldivmod
    printf5.o(i.__0fprintf$5) refers to printf5.o(i._printf_core) for _printf_core
    printf5.o(i.__0fprintf$5) refers to retarget.o(i.fputc) for fputc
    printf5.o(i.__0printf$5) refers to printf5.o(i._printf_core) for _printf_core
    printf5.o(i.__0printf$5) refers to retarget.o(i.fputc) for fputc
    printf5.o(i.__0printf$5) refers to retarget.o(.data) for __stdout
    printf5.o(i.__0snprintf$5) refers to printf5.o(i._printf_core) for _printf_core
    printf5.o(i.__0snprintf$5) refers to printf5.o(i._snputc) for _snputc
    printf5.o(i.__0sprintf$5) refers to printf5.o(i._printf_core) for _printf_core
    printf5.o(i.__0sprintf$5) refers to printf5.o(i._sputc) for _sputc
    printf5.o(i.__0vfprintf$5) refers to printf5.o(i._printf_core) for _printf_core
    printf5.o(i.__0vfprintf$5) refers to retarget.o(i.fputc) for fputc
    printf5.o(i.__0vprintf$5) refers to printf5.o(i._printf_core) for _printf_core
    printf5.o(i.__0vprintf$5) refers to retarget.o(i.fputc) for fputc
    printf5.o(i.__0vprintf$5) refers to retarget.o(.data) for __stdout
    printf5.o(i.__0vsnprintf$5) refers to printf5.o(i._printf_core) for _printf_core
    printf5.o(i.__0vsnprintf$5) refers to printf5.o(i._snputc) for _snputc
    printf5.o(i.__0vsprintf$5) refers to printf5.o(i._printf_core) for _printf_core
    printf5.o(i.__0vsprintf$5) refers to printf5.o(i._sputc) for _sputc
    printf5.o(i._printf_core) refers to uldiv.o(.text) for __aeabi_uldivmod
    printf6.o(i.__0fprintf$6) refers to printf6.o(i._printf_core) for _printf_core
    printf6.o(i.__0fprintf$6) refers to retarget.o(i.fputc) for fputc
    printf6.o(i.__0printf$6) refers to printf6.o(i._printf_core) for _printf_core
    printf6.o(i.__0printf$6) refers to retarget.o(i.fputc) for fputc
    printf6.o(i.__0printf$6) refers to retarget.o(.data) for __stdout
    printf6.o(i.__0snprintf$6) refers to printf6.o(i._printf_core) for _printf_core
    printf6.o(i.__0snprintf$6) refers to printf6.o(i._snputc) for _snputc
    printf6.o(i.__0sprintf$6) refers to printf6.o(i._printf_core) for _printf_core
    printf6.o(i.__0sprintf$6) refers to printf6.o(i._sputc) for _sputc
    printf6.o(i.__0vfprintf$6) refers to printf6.o(i._printf_core) for _printf_core
    printf6.o(i.__0vfprintf$6) refers to retarget.o(i.fputc) for fputc
    printf6.o(i.__0vprintf$6) refers to printf6.o(i._printf_core) for _printf_core
    printf6.o(i.__0vprintf$6) refers to retarget.o(i.fputc) for fputc
    printf6.o(i.__0vprintf$6) refers to retarget.o(.data) for __stdout
    printf6.o(i.__0vsnprintf$6) refers to printf6.o(i._printf_core) for _printf_core
    printf6.o(i.__0vsnprintf$6) refers to printf6.o(i._snputc) for _snputc
    printf6.o(i.__0vsprintf$6) refers to printf6.o(i._printf_core) for _printf_core
    printf6.o(i.__0vsprintf$6) refers to printf6.o(i._sputc) for _sputc
    printf6.o(i._printf_core) refers to printf6.o(i._printf_pre_padding) for _printf_pre_padding
    printf6.o(i._printf_core) refers to uidiv.o(.text) for __aeabi_uidivmod
    printf6.o(i._printf_core) refers to printf6.o(i._printf_post_padding) for _printf_post_padding
    printf7.o(i.__0fprintf$7) refers to printf7.o(i._printf_core) for _printf_core
    printf7.o(i.__0fprintf$7) refers to retarget.o(i.fputc) for fputc
    printf7.o(i.__0printf$7) refers to printf7.o(i._printf_core) for _printf_core
    printf7.o(i.__0printf$7) refers to retarget.o(i.fputc) for fputc
    printf7.o(i.__0printf$7) refers to retarget.o(.data) for __stdout
    printf7.o(i.__0snprintf$7) refers to printf7.o(i._printf_core) for _printf_core
    printf7.o(i.__0snprintf$7) refers to printf7.o(i._snputc) for _snputc
    printf7.o(i.__0sprintf$7) refers to printf7.o(i._printf_core) for _printf_core
    printf7.o(i.__0sprintf$7) refers to printf7.o(i._sputc) for _sputc
    printf7.o(i.__0vfprintf$7) refers to printf7.o(i._printf_core) for _printf_core
    printf7.o(i.__0vfprintf$7) refers to retarget.o(i.fputc) for fputc
    printf7.o(i.__0vprintf$7) refers to printf7.o(i._printf_core) for _printf_core
    printf7.o(i.__0vprintf$7) refers to retarget.o(i.fputc) for fputc
    printf7.o(i.__0vprintf$7) refers to retarget.o(.data) for __stdout
    printf7.o(i.__0vsnprintf$7) refers to printf7.o(i._printf_core) for _printf_core
    printf7.o(i.__0vsnprintf$7) refers to printf7.o(i._snputc) for _snputc
    printf7.o(i.__0vsprintf$7) refers to printf7.o(i._printf_core) for _printf_core
    printf7.o(i.__0vsprintf$7) refers to printf7.o(i._sputc) for _sputc
    printf7.o(i._printf_core) refers to printf7.o(i._printf_pre_padding) for _printf_pre_padding
    printf7.o(i._printf_core) refers to uldiv.o(.text) for __aeabi_uldivmod
    printf7.o(i._printf_core) refers to printf7.o(i._printf_post_padding) for _printf_post_padding
    printf8.o(i.__0fprintf$8) refers to printf8.o(i._printf_core) for _printf_core
    printf8.o(i.__0fprintf$8) refers to retarget.o(i.fputc) for fputc
    printf8.o(i.__0printf$8) refers to printf8.o(i._printf_core) for _printf_core
    printf8.o(i.__0printf$8) refers to retarget.o(i.fputc) for fputc
    printf8.o(i.__0printf$8) refers to retarget.o(.data) for __stdout
    printf8.o(i.__0snprintf$8) refers to printf8.o(i._printf_core) for _printf_core
    printf8.o(i.__0snprintf$8) refers to printf8.o(i._snputc) for _snputc
    printf8.o(i.__0sprintf$8) refers to printf8.o(i._printf_core) for _printf_core
    printf8.o(i.__0sprintf$8) refers to printf8.o(i._sputc) for _sputc
    printf8.o(i.__0vfprintf$8) refers to printf8.o(i._printf_core) for _printf_core
    printf8.o(i.__0vfprintf$8) refers to retarget.o(i.fputc) for fputc
    printf8.o(i.__0vprintf$8) refers to printf8.o(i._printf_core) for _printf_core
    printf8.o(i.__0vprintf$8) refers to retarget.o(i.fputc) for fputc
    printf8.o(i.__0vprintf$8) refers to retarget.o(.data) for __stdout
    printf8.o(i.__0vsnprintf$8) refers to printf8.o(i._printf_core) for _printf_core
    printf8.o(i.__0vsnprintf$8) refers to printf8.o(i._snputc) for _snputc
    printf8.o(i.__0vsprintf$8) refers to printf8.o(i._printf_core) for _printf_core
    printf8.o(i.__0vsprintf$8) refers to printf8.o(i._sputc) for _sputc
    printf8.o(i._printf_core) refers to printf8.o(i._printf_pre_padding) for _printf_pre_padding
    printf8.o(i._printf_core) refers to uldiv.o(.text) for __aeabi_uldivmod
    printf8.o(i._printf_core) refers to printf8.o(i._printf_post_padding) for _printf_post_padding
    printfa.o(i.__0fprintf) refers (Special) to iusefp.o(.text) for __I$use$fp
    printfa.o(i.__0fprintf) refers to printfa.o(i._printf_core) for _printf_core
    printfa.o(i.__0fprintf) refers to retarget.o(i.fputc) for fputc
    printfa.o(i.__0printf) refers (Special) to iusefp.o(.text) for __I$use$fp
    printfa.o(i.__0printf) refers to printfa.o(i._printf_core) for _printf_core
    printfa.o(i.__0printf) refers to retarget.o(i.fputc) for fputc
    printfa.o(i.__0printf) refers to retarget.o(.data) for __stdout
    printfa.o(i.__0snprintf) refers (Special) to iusefp.o(.text) for __I$use$fp
    printfa.o(i.__0snprintf) refers to printfa.o(i._printf_core) for _printf_core
    printfa.o(i.__0snprintf) refers to printfa.o(i._snputc) for _snputc
    printfa.o(i.__0sprintf) refers (Special) to iusefp.o(.text) for __I$use$fp
    printfa.o(i.__0sprintf) refers to printfa.o(i._printf_core) for _printf_core
    printfa.o(i.__0sprintf) refers to printfa.o(i._sputc) for _sputc
    printfa.o(i.__0vfprintf) refers (Special) to iusefp.o(.text) for __I$use$fp
    printfa.o(i.__0vfprintf) refers to printfa.o(i._printf_core) for _printf_core
    printfa.o(i.__0vfprintf) refers to retarget.o(i.fputc) for fputc
    printfa.o(i.__0vprintf) refers (Special) to iusefp.o(.text) for __I$use$fp
    printfa.o(i.__0vprintf) refers to printfa.o(i._printf_core) for _printf_core
    printfa.o(i.__0vprintf) refers to retarget.o(i.fputc) for fputc
    printfa.o(i.__0vprintf) refers to retarget.o(.data) for __stdout
    printfa.o(i.__0vsnprintf) refers (Special) to iusefp.o(.text) for __I$use$fp
    printfa.o(i.__0vsnprintf) refers to printfa.o(i._printf_core) for _printf_core
    printfa.o(i.__0vsnprintf) refers to printfa.o(i._snputc) for _snputc
    printfa.o(i.__0vsprintf) refers (Special) to iusefp.o(.text) for __I$use$fp
    printfa.o(i.__0vsprintf) refers to printfa.o(i._printf_core) for _printf_core
    printfa.o(i.__0vsprintf) refers to printfa.o(i._sputc) for _sputc
    printfa.o(i._fp_digits) refers (Special) to iusefp.o(.text) for __I$use$fp
    printfa.o(i._fp_digits) refers to dmul.o(.text) for __aeabi_dmul
    printfa.o(i._fp_digits) refers to ddiv.o(.text) for __aeabi_ddiv
    printfa.o(i._fp_digits) refers to cdrcmple.o(.text) for __aeabi_cdrcmple
    printfa.o(i._fp_digits) refers to dadd.o(.text) for __aeabi_dadd
    printfa.o(i._fp_digits) refers to dfixul.o(.text) for __aeabi_d2ulz
    printfa.o(i._fp_digits) refers to uldiv.o(.text) for __aeabi_uldivmod
    printfa.o(i._printf_core) refers (Special) to iusefp.o(.text) for __I$use$fp
    printfa.o(i._printf_core) refers to printfa.o(i._printf_pre_padding) for _printf_pre_padding
    printfa.o(i._printf_core) refers to uldiv.o(.text) for __aeabi_uldivmod
    printfa.o(i._printf_core) refers to printfa.o(i._printf_post_padding) for _printf_post_padding
    printfa.o(i._printf_core) refers to printfa.o(i._fp_digits) for _fp_digits
    printfa.o(i._printf_core) refers to uidiv.o(.text) for __aeabi_uidivmod
    printfa.o(i._printf_post_padding) refers (Special) to iusefp.o(.text) for __I$use$fp
    printfa.o(i._printf_pre_padding) refers (Special) to iusefp.o(.text) for __I$use$fp
    printfa.o(i._snputc) refers (Special) to iusefp.o(.text) for __I$use$fp
    printfa.o(i._sputc) refers (Special) to iusefp.o(.text) for __I$use$fp
    entry2.o(.ARM.Collect$$$$00000001) refers to entry2.o(.ARM.Collect$$$$00002712) for __lit__00000000
    entry2.o(.ARM.Collect$$$$00002712) refers to startup_stm32f4xx.o(STACK) for __initial_sp
    entry2.o(__vectab_stack_and_reset_area) refers to startup_stm32f4xx.o(STACK) for __initial_sp
    entry2.o(__vectab_stack_and_reset_area) refers to entry.o(.ARM.Collect$$$$00000000) for __main
    entry5.o(.ARM.Collect$$$$00000004) refers to init.o(.text) for __scatterload
    entry9a.o(.ARM.Collect$$$$0000000B) refers to main.o(i.main) for main
    entry9b.o(.ARM.Collect$$$$0000000C) refers to main.o(i.main) for main
    uldiv.o(.text) refers to llushr.o(.text) for __aeabi_llsr
    uldiv.o(.text) refers to llshl.o(.text) for __aeabi_llsl
    dadd.o(.text) refers to llshl.o(.text) for __aeabi_llsl
    dadd.o(.text) refers to llsshr.o(.text) for __aeabi_lasr
    dadd.o(.text) refers to depilogue.o(.text) for _double_epilogue
    dmul.o(.text) refers to depilogue.o(.text) for _double_epilogue
    ddiv.o(.text) refers to depilogue.o(.text) for _double_round
    dfixul.o(.text) refers to llushr.o(.text) for __aeabi_llsr
    dfixul.o(.text) refers to llshl.o(.text) for __aeabi_llsl
    init.o(.text) refers to entry5.o(.ARM.Collect$$$$00000004) for __main_after_scatterload
    depilogue.o(.text) refers to llshl.o(.text) for __aeabi_llsl
    depilogue.o(.text) refers to llushr.o(.text) for __aeabi_llsr


==============================================================================

Removing Unused input sections from the image.

    Removing keypad.o(i.Clear_Line), (38 bytes).
    Removing keypad.o(i.Display_value), (88 bytes).
    Removing tft.o(.rev16_text), (4 bytes).
    Removing tft.o(.revsh_text), (4 bytes).
    Removing tft.o(i.TFT_bargraph_color), (54 bytes).
    Removing tft.o(i.TFT_bargraph_define), (254 bytes).
    Removing tft.o(i.TFT_bargraph_fill_pattern), (38 bytes).
    Removing tft.o(i.TFT_bargraph_frame), (38 bytes).
    Removing tft.o(i.TFT_bargraph_value), (46 bytes).
    Removing tft.o(i.TFT_bigString), (156 bytes).
    Removing tft.o(i.TFT_bigText), (142 bytes).
    Removing tft.o(i.TFT_buzzer_off), (36 bytes).
    Removing tft.o(i.TFT_buzzer_on), (38 bytes).
    Removing tft.o(i.TFT_carriage_return), (10 bytes).
    Removing tft.o(i.TFT_cursor_on), (36 bytes).
    Removing tft.o(i.TFT_draw_line), (146 bytes).
    Removing tft.o(i.TFT_draw_rectangle), (146 bytes).
    Removing tft.o(i.TFT_getProtocolSettings), (488 bytes).
    Removing tft.o(i.TFT_graphic_puts), (166 bytes).
    Removing tft.o(i.TFT_graphic_puts_area), (202 bytes).
    Removing tft.o(i.TFT_graphic_set_point), (98 bytes).
    Removing tft.o(i.TFT_line_color), (46 bytes).
    Removing tft.o(i.TFT_newline), (10 bytes).
    Removing tft.o(i.TFT_release), (2 bytes).
    Removing tft.o(i.TFT_set_brightness), (38 bytes).
    Removing tft.o(i.TFT_set_font), (38 bytes).
    Removing tft.o(i.TFT_set_graphic_color), (44 bytes).
    Removing tft.o(i.TFT_set_graphic_text_color), (44 bytes).
    Removing tft.o(i.TFT_set_graphic_text_font), (38 bytes).
    Removing tft.o(i.TFT_set_pixel_color), (44 bytes).
    Removing tft.o(i.TFT_terminal_off), (30 bytes).
    Removing timer.o(.rev16_text), (4 bytes).
    Removing timer.o(.revsh_text), (4 bytes).
    Removing timer.o(i.getTimeStamp), (8 bytes).
    Removing timer.o(i.timerinit), (40 bytes).
    Removing ti_lib.o(.rev16_text), (4 bytes).
    Removing ti_lib.o(.revsh_text), (4 bytes).
    Removing ti_lib.o(i.get_uptime), (12 bytes).
    Removing misc.o(.rev16_text), (4 bytes).
    Removing misc.o(.revsh_text), (4 bytes).
    Removing misc.o(i.NVIC_SetVectorTable), (104 bytes).
    Removing misc.o(i.NVIC_SystemLPConfig), (108 bytes).
    Removing misc.o(i.SysTick_CLKSourceConfig), (96 bytes).
    Removing stm32f4xx_dma.o(.rev16_text), (4 bytes).
    Removing stm32f4xx_dma.o(.revsh_text), (4 bytes).
    Removing stm32f4xx_dma.o(i.DMA_ClearFlag), (272 bytes).
    Removing stm32f4xx_dma.o(i.DMA_ClearITPendingBit), (272 bytes).
    Removing stm32f4xx_dma.o(i.DMA_Cmd), (232 bytes).
    Removing stm32f4xx_dma.o(i.DMA_DeInit), (524 bytes).
    Removing stm32f4xx_dma.o(i.DMA_DoubleBufferModeCmd), (232 bytes).
    Removing stm32f4xx_dma.o(i.DMA_DoubleBufferModeConfig), (236 bytes).
    Removing stm32f4xx_dma.o(i.DMA_FlowControllerConfig), (232 bytes).
    Removing stm32f4xx_dma.o(i.DMA_GetCmdStatus), (208 bytes).
    Removing stm32f4xx_dma.o(i.DMA_GetCurrDataCounter), (196 bytes).
    Removing stm32f4xx_dma.o(i.DMA_GetCurrentMemoryTarget), (208 bytes).
    Removing stm32f4xx_dma.o(i.DMA_GetFIFOStatus), (200 bytes).
    Removing stm32f4xx_dma.o(i.DMA_GetFlagStatus), (596 bytes).
    Removing stm32f4xx_dma.o(i.DMA_GetITStatus), (700 bytes).
    Removing stm32f4xx_dma.o(i.DMA_ITConfig), (288 bytes).
    Removing stm32f4xx_dma.o(i.DMA_Init), (712 bytes).
    Removing stm32f4xx_dma.o(i.DMA_MemoryTargetConfig), (224 bytes).
    Removing stm32f4xx_dma.o(i.DMA_PeriphIncOffsetSizeConfig), (232 bytes).
    Removing stm32f4xx_dma.o(i.DMA_SetCurrDataCounter), (196 bytes).
    Removing stm32f4xx_dma.o(i.DMA_StructInit), (34 bytes).
    Removing stm32f4xx_adc.o(.rev16_text), (4 bytes).
    Removing stm32f4xx_adc.o(.revsh_text), (4 bytes).
    Removing stm32f4xx_adc.o(i.ADC_AnalogWatchdogCmd), (168 bytes).
    Removing stm32f4xx_adc.o(i.ADC_AnalogWatchdogSingleChannelConfig), (188 bytes).
    Removing stm32f4xx_adc.o(i.ADC_AnalogWatchdogThresholdsConfig), (132 bytes).
    Removing stm32f4xx_adc.o(i.ADC_AutoInjectedConvCmd), (128 bytes).
    Removing stm32f4xx_adc.o(i.ADC_ClearFlag), (116 bytes).
    Removing stm32f4xx_adc.o(i.ADC_ClearITPendingBit), (140 bytes).
    Removing stm32f4xx_adc.o(i.ADC_Cmd), (128 bytes).
    Removing stm32f4xx_adc.o(i.ADC_CommonInit), (396 bytes).
    Removing stm32f4xx_adc.o(i.ADC_CommonStructInit), (12 bytes).
    Removing stm32f4xx_adc.o(i.ADC_ContinuousModeCmd), (128 bytes).
    Removing stm32f4xx_adc.o(i.ADC_DMACmd), (128 bytes).
    Removing stm32f4xx_adc.o(i.ADC_DMARequestAfterLastTransferCmd), (128 bytes).
    Removing stm32f4xx_adc.o(i.ADC_DeInit), (22 bytes).
    Removing stm32f4xx_adc.o(i.ADC_DiscModeChannelCountConfig), (132 bytes).
    Removing stm32f4xx_adc.o(i.ADC_DiscModeCmd), (128 bytes).
    Removing stm32f4xx_adc.o(i.ADC_EOCOnEachRegularChannelCmd), (128 bytes).
    Removing stm32f4xx_adc.o(i.ADC_ExternalTrigInjectedConvConfig), (208 bytes).
    Removing stm32f4xx_adc.o(i.ADC_ExternalTrigInjectedConvEdgeConfig), (136 bytes).
    Removing stm32f4xx_adc.o(i.ADC_GetConversionValue), (92 bytes).
    Removing stm32f4xx_adc.o(i.ADC_GetFlagStatus), (144 bytes).
    Removing stm32f4xx_adc.o(i.ADC_GetITStatus), (176 bytes).
    Removing stm32f4xx_adc.o(i.ADC_GetInjectedConversionValue), (140 bytes).
    Removing stm32f4xx_adc.o(i.ADC_GetMultiModeConversionValue), (12 bytes).
    Removing stm32f4xx_adc.o(i.ADC_GetSoftwareStartConvStatus), (108 bytes).
    Removing stm32f4xx_adc.o(i.ADC_GetSoftwareStartInjectedConvCmdStatus), (108 bytes).
    Removing stm32f4xx_adc.o(i.ADC_ITConfig), (184 bytes).
    Removing stm32f4xx_adc.o(i.ADC_Init), (464 bytes).
    Removing stm32f4xx_adc.o(i.ADC_InjectedChannelConfig), (384 bytes).
    Removing stm32f4xx_adc.o(i.ADC_InjectedDiscModeCmd), (128 bytes).
    Removing stm32f4xx_adc.o(i.ADC_InjectedSequencerLengthConfig), (132 bytes).
    Removing stm32f4xx_adc.o(i.ADC_MultiModeDMARequestAfterLastTransferCmd), (104 bytes).
    Removing stm32f4xx_adc.o(i.ADC_RegularChannelConfig), (460 bytes).
    Removing stm32f4xx_adc.o(i.ADC_SetInjectedOffset), (156 bytes).
    Removing stm32f4xx_adc.o(i.ADC_SoftwareStartConv), (96 bytes).
    Removing stm32f4xx_adc.o(i.ADC_SoftwareStartInjectedConv), (96 bytes).
    Removing stm32f4xx_adc.o(i.ADC_StructInit), (20 bytes).
    Removing stm32f4xx_adc.o(i.ADC_TempSensorVrefintCmd), (104 bytes).
    Removing stm32f4xx_adc.o(i.ADC_VBATCmd), (104 bytes).
    Removing stm32f4xx_usart.o(.rev16_text), (4 bytes).
    Removing stm32f4xx_usart.o(.revsh_text), (4 bytes).
    Removing stm32f4xx_usart.o(i.USART_ClearFlag), (192 bytes).
    Removing stm32f4xx_usart.o(i.USART_ClearITPendingBit), (228 bytes).
    Removing stm32f4xx_usart.o(i.USART_ClockInit), (224 bytes).
    Removing stm32f4xx_usart.o(i.USART_ClockStructInit), (12 bytes).
    Removing stm32f4xx_usart.o(i.USART_DMACmd), (180 bytes).
    Removing stm32f4xx_usart.o(i.USART_DeInit), (268 bytes).
    Removing stm32f4xx_usart.o(i.USART_GetFlagStatus), (236 bytes).
    Removing stm32f4xx_usart.o(i.USART_GetITStatus), (344 bytes).
    Removing stm32f4xx_usart.o(i.USART_HalfDuplexCmd), (160 bytes).
    Removing stm32f4xx_usart.o(i.USART_ITConfig), (324 bytes).
    Removing stm32f4xx_usart.o(i.USART_IrDACmd), (160 bytes).
    Removing stm32f4xx_usart.o(i.USART_IrDAConfig), (156 bytes).
    Removing stm32f4xx_usart.o(i.USART_LINBreakDetectLengthConfig), (156 bytes).
    Removing stm32f4xx_usart.o(i.USART_LINCmd), (160 bytes).
    Removing stm32f4xx_usart.o(i.USART_OneBitMethodCmd), (160 bytes).
    Removing stm32f4xx_usart.o(i.USART_ReceiveData), (124 bytes).
    Removing stm32f4xx_usart.o(i.USART_ReceiverWakeUpCmd), (160 bytes).
    Removing stm32f4xx_usart.o(i.USART_SendBreak), (128 bytes).
    Removing stm32f4xx_usart.o(i.USART_SendData), (144 bytes).
    Removing stm32f4xx_usart.o(i.USART_SetAddress), (152 bytes).
    Removing stm32f4xx_usart.o(i.USART_SetGuardTime), (116 bytes).
    Removing stm32f4xx_usart.o(i.USART_SetPrescaler), (136 bytes).
    Removing stm32f4xx_usart.o(i.USART_SmartCardCmd), (140 bytes).
    Removing stm32f4xx_usart.o(i.USART_SmartCardNACKCmd), (140 bytes).
    Removing stm32f4xx_usart.o(i.USART_StructInit), (24 bytes).
    Removing stm32f4xx_usart.o(i.USART_WakeUpConfig), (156 bytes).
    Removing stm32f4xx_rcc.o(.rev16_text), (4 bytes).
    Removing stm32f4xx_rcc.o(.revsh_text), (4 bytes).
    Removing stm32f4xx_rcc.o(i.RCC_AHB1PeriphClockLPModeCmd), (120 bytes).
    Removing stm32f4xx_rcc.o(i.RCC_AHB1PeriphResetCmd), (120 bytes).
    Removing stm32f4xx_rcc.o(i.RCC_AHB2PeriphClockCmd), (116 bytes).
    Removing stm32f4xx_rcc.o(i.RCC_AHB2PeriphClockLPModeCmd), (116 bytes).
    Removing stm32f4xx_rcc.o(i.RCC_AHB2PeriphResetCmd), (116 bytes).
    Removing stm32f4xx_rcc.o(i.RCC_AHB3PeriphClockCmd), (116 bytes).
    Removing stm32f4xx_rcc.o(i.RCC_AHB3PeriphClockLPModeCmd), (116 bytes).
    Removing stm32f4xx_rcc.o(i.RCC_AHB3PeriphResetCmd), (116 bytes).
    Removing stm32f4xx_rcc.o(i.RCC_APB1PeriphClockCmd), (120 bytes).
    Removing stm32f4xx_rcc.o(i.RCC_APB1PeriphClockLPModeCmd), (120 bytes).
    Removing stm32f4xx_rcc.o(i.RCC_APB1PeriphResetCmd), (120 bytes).
    Removing stm32f4xx_rcc.o(i.RCC_APB2PeriphClockLPModeCmd), (120 bytes).
    Removing stm32f4xx_rcc.o(i.RCC_APB2PeriphResetCmd), (120 bytes).
    Removing stm32f4xx_rcc.o(i.RCC_AdjustHSICalibrationValue), (84 bytes).
    Removing stm32f4xx_rcc.o(i.RCC_BackupResetCmd), (72 bytes).
    Removing stm32f4xx_rcc.o(i.RCC_ClearFlag), (20 bytes).
    Removing stm32f4xx_rcc.o(i.RCC_ClearITPendingBit), (76 bytes).
    Removing stm32f4xx_rcc.o(i.RCC_ClockSecuritySystemCmd), (72 bytes).
    Removing stm32f4xx_rcc.o(i.RCC_DeInit), (72 bytes).
    Removing stm32f4xx_rcc.o(i.RCC_GetFlagStatus), (176 bytes).
    Removing stm32f4xx_rcc.o(i.RCC_GetITStatus), (108 bytes).
    Removing stm32f4xx_rcc.o(i.RCC_GetSYSCLKSource), (16 bytes).
    Removing stm32f4xx_rcc.o(i.RCC_HCLKConfig), (112 bytes).
    Removing stm32f4xx_rcc.o(i.RCC_HSEConfig), (80 bytes).
    Removing stm32f4xx_rcc.o(i.RCC_HSICmd), (72 bytes).
    Removing stm32f4xx_rcc.o(i.RCC_I2SCLKConfig), (72 bytes).
    Removing stm32f4xx_rcc.o(i.RCC_ITConfig), (116 bytes).
    Removing stm32f4xx_rcc.o(i.RCC_LSEConfig), (112 bytes).
    Removing stm32f4xx_rcc.o(i.RCC_LSICmd), (72 bytes).
    Removing stm32f4xx_rcc.o(i.RCC_MCO1Config), (144 bytes).
    Removing stm32f4xx_rcc.o(i.RCC_MCO2Config), (144 bytes).
    Removing stm32f4xx_rcc.o(i.RCC_PCLK1Config), (104 bytes).
    Removing stm32f4xx_rcc.o(i.RCC_PCLK2Config), (104 bytes).
    Removing stm32f4xx_rcc.o(i.RCC_PLLCmd), (72 bytes).
    Removing stm32f4xx_rcc.o(i.RCC_PLLConfig), (200 bytes).
    Removing stm32f4xx_rcc.o(i.RCC_PLLI2SCmd), (72 bytes).
    Removing stm32f4xx_rcc.o(i.RCC_PLLI2SConfig), (104 bytes).
    Removing stm32f4xx_rcc.o(i.RCC_RTCCLKCmd), (72 bytes).
    Removing stm32f4xx_rcc.o(i.RCC_RTCCLKConfig), (428 bytes).
    Removing stm32f4xx_rcc.o(i.RCC_SYSCLKConfig), (88 bytes).
    Removing stm32f4xx_rcc.o(i.RCC_WaitForHSEStartUp), (56 bytes).
    Removing stm32f4xx_gpio.o(.rev16_text), (4 bytes).
    Removing stm32f4xx_gpio.o(.revsh_text), (4 bytes).
    Removing stm32f4xx_gpio.o(i.GPIO_DeInit), (360 bytes).
    Removing stm32f4xx_gpio.o(i.GPIO_PinLockConfig), (200 bytes).
    Removing stm32f4xx_gpio.o(i.GPIO_ReadInputData), (152 bytes).
    Removing stm32f4xx_gpio.o(i.GPIO_ReadInputDataBit), (260 bytes).
    Removing stm32f4xx_gpio.o(i.GPIO_ReadOutputData), (152 bytes).
    Removing stm32f4xx_gpio.o(i.GPIO_ReadOutputDataBit), (260 bytes).
    Removing stm32f4xx_gpio.o(i.GPIO_ResetBits), (172 bytes).
    Removing stm32f4xx_gpio.o(i.GPIO_SetBits), (172 bytes).
    Removing stm32f4xx_gpio.o(i.GPIO_StructInit), (18 bytes).
    Removing stm32f4xx_gpio.o(i.GPIO_ToggleBits), (156 bytes).
    Removing stm32f4xx_gpio.o(i.GPIO_Write), (152 bytes).
    Removing stm32f4xx_gpio.o(i.GPIO_WriteBit), (272 bytes).
    Removing startup_stm32f4xx.o(HEAP), (32768 bytes).
    Removing system_stm32f4xx.o(.rev16_text), (4 bytes).
    Removing system_stm32f4xx.o(.revsh_text), (4 bytes).
    Removing retarget.o(.rev16_text), (4 bytes).
    Removing retarget.o(.revsh_text), (4 bytes).
    Removing retarget.o(i._sys_command_string), (6 bytes).
    Removing retarget.o(i._sys_exit), (4 bytes).
    Removing retarget.o(i._ttywrch), (20 bytes).
    Removing retarget.o(i.ferror), (8 bytes).
    Removing retarget.o(i.fgetc), (40 bytes).
    Removing usart.o(.rev16_text), (4 bytes).
    Removing usart.o(.revsh_text), (4 bytes).
    Removing usart.o(i.USART1_GetKey), (44 bytes).
    Removing ti_board_adc.o(.rev16_text), (4 bytes).
    Removing ti_board_adc.o(.revsh_text), (4 bytes).
    Removing ti_board_adc.o(i.ADC3_CH7_DMA_Config), (256 bytes).
    Removing ti_board_adc.o(i.getADC3ConvertedValue), (12 bytes).
    Removing ti_board_adc.o(.data), (4 bytes).
    Removing ti_board_io.o(.rev16_text), (4 bytes).
    Removing ti_board_io.o(.revsh_text), (4 bytes).
    Removing main.o(.rev16_text), (4 bytes).
    Removing main.o(.revsh_text), (4 bytes).
    Removing stack.o(i.getPointer), (12 bytes).
    Removing calc.o(.rev16_text), (4 bytes).
    Removing calc.o(.revsh_text), (4 bytes).
    Removing run.o(.rev16_text), (4 bytes).
    Removing run.o(.revsh_text), (4 bytes).
    Removing dadd.o(.text), (334 bytes).
    Removing dmul.o(.text), (228 bytes).
    Removing ddiv.o(.text), (222 bytes).
    Removing dfixul.o(.text), (48 bytes).
    Removing cdrcmple.o(.text), (48 bytes).
    Removing depilogue.o(.text), (186 bytes).

222 unused section(s) (total 60012 bytes) removed from the image.

==============================================================================

Image Symbol Table

    Local Symbols

    Symbol Name                              Value     Ov Type        Size  Object(Section)

    ../clib/microlib/division.c              0x00000000   Number         0  uldiv.o ABSOLUTE
    ../clib/microlib/division.c              0x00000000   Number         0  uidiv.o ABSOLUTE
    ../clib/microlib/init/entry.s            0x00000000   Number         0  entry11a.o ABSOLUTE
    ../clib/microlib/init/entry.s            0x00000000   Number         0  entry11b.o ABSOLUTE
    ../clib/microlib/init/entry.s            0x00000000   Number         0  entry8a.o ABSOLUTE
    ../clib/microlib/init/entry.s            0x00000000   Number         0  entry10b.o ABSOLUTE
    ../clib/microlib/init/entry.s            0x00000000   Number         0  entry10a.o ABSOLUTE
    ../clib/microlib/init/entry.s            0x00000000   Number         0  entry9b.o ABSOLUTE
    ../clib/microlib/init/entry.s            0x00000000   Number         0  entry9a.o ABSOLUTE
    ../clib/microlib/init/entry.s            0x00000000   Number         0  entry8b.o ABSOLUTE
    ../clib/microlib/init/entry.s            0x00000000   Number         0  entry7b.o ABSOLUTE
    ../clib/microlib/init/entry.s            0x00000000   Number         0  entry7a.o ABSOLUTE
    ../clib/microlib/init/entry.s            0x00000000   Number         0  entry2.o ABSOLUTE
    ../clib/microlib/init/entry.s            0x00000000   Number         0  entry5.o ABSOLUTE
    ../clib/microlib/init/entry.s            0x00000000   Number         0  entry.o ABSOLUTE
    ../clib/microlib/longlong.c              0x00000000   Number         0  llsshr.o ABSOLUTE
    ../clib/microlib/longlong.c              0x00000000   Number         0  llshl.o ABSOLUTE
    ../clib/microlib/longlong.c              0x00000000   Number         0  llushr.o ABSOLUTE
    ../clib/microlib/printf/printf.c         0x00000000   Number         0  printf3.o ABSOLUTE
    ../clib/microlib/printf/printf.c         0x00000000   Number         0  printf6.o ABSOLUTE
    ../clib/microlib/printf/printf.c         0x00000000   Number         0  printf4.o ABSOLUTE
    ../clib/microlib/printf/printf.c         0x00000000   Number         0  printf0.o ABSOLUTE
    ../clib/microlib/printf/printf.c         0x00000000   Number         0  printf5.o ABSOLUTE
    ../clib/microlib/printf/printf.c         0x00000000   Number         0  printfa.o ABSOLUTE
    ../clib/microlib/printf/printf.c         0x00000000   Number         0  printf7.o ABSOLUTE
    ../clib/microlib/printf/printf.c         0x00000000   Number         0  printf8.o ABSOLUTE
    ../clib/microlib/printf/printf.c         0x00000000   Number         0  printf2.o ABSOLUTE
    ../clib/microlib/printf/printf.c         0x00000000   Number         0  printf1.o ABSOLUTE
    ../clib/microlib/printf/printf.c         0x00000000   Number         0  printfb.o ABSOLUTE
    ../clib/microlib/printf/stubs.s          0x00000000   Number         0  stubs.o ABSOLUTE
    ../clib/microlib/string/memcpy.c         0x00000000   Number         0  memcpya.o ABSOLUTE
    ../clib/microlib/string/memcpy.c         0x00000000   Number         0  memcpyb.o ABSOLUTE
    ../clib/microlib/string/memset.c         0x00000000   Number         0  memseta.o ABSOLUTE
    ../clib/microlib/string/strlen.c         0x00000000   Number         0  strlen.o ABSOLUTE
    ../clib/microlib/stubs.s                 0x00000000   Number         0  iusefp.o ABSOLUTE
    ../fplib/microlib/fpadd.c                0x00000000   Number         0  dadd.o ABSOLUTE
    ../fplib/microlib/fpdiv.c                0x00000000   Number         0  ddiv.o ABSOLUTE
    ../fplib/microlib/fpepilogue.c           0x00000000   Number         0  depilogue.o ABSOLUTE
    ../fplib/microlib/fpfix.c                0x00000000   Number         0  dfixul.o ABSOLUTE
    ../fplib/microlib/fpmul.c                0x00000000   Number         0  dmul.o ABSOLUTE
    TI_BRD_LIB\Library\TI_Lib.c              0x00000000   Number         0  ti_lib.o ABSOLUTE
    TI_BRD_LIB\Library\assert.c              0x00000000   Number         0  assert.o ABSOLUTE
    TI_BRD_LIB\Library\keypad.c              0x00000000   Number         0  keypad.o ABSOLUTE
    TI_BRD_LIB\Library\tft.c                 0x00000000   Number         0  tft.o ABSOLUTE
    TI_BRD_LIB\Library\timer.c               0x00000000   Number         0  timer.o ABSOLUTE
    TI_BRD_LIB\TI-C_Board\Retarget.c         0x00000000   Number         0  retarget.o ABSOLUTE
    TI_BRD_LIB\TI-C_Board\TI_Board_ADC.c     0x00000000   Number         0  ti_board_adc.o ABSOLUTE
    TI_BRD_LIB\TI-C_Board\TI_Board_IO.c      0x00000000   Number         0  ti_board_io.o ABSOLUTE
    TI_BRD_LIB\TI-C_Board\Usart.c            0x00000000   Number         0  usart.o ABSOLUTE
    TI_BRD_LIB\TI-C_Board\misc.c             0x00000000   Number         0  misc.o ABSOLUTE
    TI_BRD_LIB\TI-C_Board\startup_stm32f4xx.s 0x00000000   Number         0  startup_stm32f4xx.o ABSOLUTE
    TI_BRD_LIB\TI-C_Board\stm32f4xx_adc.c    0x00000000   Number         0  stm32f4xx_adc.o ABSOLUTE
    TI_BRD_LIB\TI-C_Board\stm32f4xx_dma.c    0x00000000   Number         0  stm32f4xx_dma.o ABSOLUTE
    TI_BRD_LIB\TI-C_Board\stm32f4xx_gpio.c   0x00000000   Number         0  stm32f4xx_gpio.o ABSOLUTE
    TI_BRD_LIB\TI-C_Board\stm32f4xx_rcc.c    0x00000000   Number         0  stm32f4xx_rcc.o ABSOLUTE
    TI_BRD_LIB\TI-C_Board\stm32f4xx_usart.c  0x00000000   Number         0  stm32f4xx_usart.o ABSOLUTE
    TI_BRD_LIB\TI-C_Board\system_stm32f4xx.c 0x00000000   Number         0  system_stm32f4xx.o ABSOLUTE
    TI_BRD_LIB\\Library\\TI_Lib.c            0x00000000   Number         0  ti_lib.o ABSOLUTE
    TI_BRD_LIB\\Library\\tft.c               0x00000000   Number         0  tft.o ABSOLUTE
    TI_BRD_LIB\\Library\\timer.c             0x00000000   Number         0  timer.o ABSOLUTE
    TI_BRD_LIB\\TI-C_Board\\Retarget.c       0x00000000   Number         0  retarget.o ABSOLUTE
    TI_BRD_LIB\\TI-C_Board\\TI_Board_ADC.c   0x00000000   Number         0  ti_board_adc.o ABSOLUTE
    TI_BRD_LIB\\TI-C_Board\\TI_Board_IO.c    0x00000000   Number         0  ti_board_io.o ABSOLUTE
    TI_BRD_LIB\\TI-C_Board\\Usart.c          0x00000000   Number         0  usart.o ABSOLUTE
    TI_BRD_LIB\\TI-C_Board\\misc.c           0x00000000   Number         0  misc.o ABSOLUTE
    TI_BRD_LIB\\TI-C_Board\\stm32f4xx_adc.c  0x00000000   Number         0  stm32f4xx_adc.o ABSOLUTE
    TI_BRD_LIB\\TI-C_Board\\stm32f4xx_dma.c  0x00000000   Number         0  stm32f4xx_dma.o ABSOLUTE
    TI_BRD_LIB\\TI-C_Board\\stm32f4xx_gpio.c 0x00000000   Number         0  stm32f4xx_gpio.o ABSOLUTE
    TI_BRD_LIB\\TI-C_Board\\stm32f4xx_rcc.c  0x00000000   Number         0  stm32f4xx_rcc.o ABSOLUTE
    TI_BRD_LIB\\TI-C_Board\\stm32f4xx_usart.c 0x00000000   Number         0  stm32f4xx_usart.o ABSOLUTE
    TI_BRD_LIB\\TI-C_Board\\system_stm32f4xx.c 0x00000000   Number         0  system_stm32f4xx.o ABSOLUTE
    calc.c                                   0x00000000   Number         0  calc.o ABSOLUTE
    calc.c                                   0x00000000   Number         0  calc.o ABSOLUTE
    cdrcmple.s                               0x00000000   Number         0  cdrcmple.o ABSOLUTE
    dc.s                                     0x00000000   Number         0  dc.o ABSOLUTE
    handlers.s                               0x00000000   Number         0  handlers.o ABSOLUTE
    init.s                                   0x00000000   Number         0  init.o ABSOLUTE
    main.c                                   0x00000000   Number         0  main.o ABSOLUTE
    main.c                                   0x00000000   Number         0  main.o ABSOLUTE
    run.c                                    0x00000000   Number         0  run.o ABSOLUTE
    run.c                                    0x00000000   Number         0  run.o ABSOLUTE
    stack.c                                  0x00000000   Number         0  stack.o ABSOLUTE
    RESET                                    0x08000000   Section      392  startup_stm32f4xx.o(RESET)
    .ARM.Collect$$$$00000000                 0x08000188   Section        0  entry.o(.ARM.Collect$$$$00000000)
    .ARM.Collect$$$$00000001                 0x08000188   Section        4  entry2.o(.ARM.Collect$$$$00000001)
    .ARM.Collect$$$$00000004                 0x0800018c   Section        4  entry5.o(.ARM.Collect$$$$00000004)
    .ARM.Collect$$$$00000008                 0x08000190   Section        0  entry7b.o(.ARM.Collect$$$$00000008)
    .ARM.Collect$$$$0000000A                 0x08000190   Section        0  entry8b.o(.ARM.Collect$$$$0000000A)
    .ARM.Collect$$$$0000000B                 0x08000190   Section        8  entry9a.o(.ARM.Collect$$$$0000000B)
    .ARM.Collect$$$$0000000D                 0x08000198   Section        0  entry10a.o(.ARM.Collect$$$$0000000D)
    .ARM.Collect$$$$0000000F                 0x08000198   Section        0  entry11a.o(.ARM.Collect$$$$0000000F)
    .ARM.Collect$$$$00002712                 0x08000198   Section        4  entry2.o(.ARM.Collect$$$$00002712)
    __lit__00000000                          0x08000198   Data           4  entry2.o(.ARM.Collect$$$$00002712)
    .text                                    0x0800019c   Section       52  startup_stm32f4xx.o(.text)
    $v0                                      0x0800019c   Number         0  startup_stm32f4xx.o(.text)
    .text                                    0x080001d0   Section        0  strlen.o(.text)
    .text                                    0x080001de   Section        0  uldiv.o(.text)
    .text                                    0x08000240   Section       36  init.o(.text)
    .text                                    0x08000264   Section        0  llshl.o(.text)
    .text                                    0x08000282   Section        0  llushr.o(.text)
    i.Delay                                  0x080002a4   Section        0  ti_lib.o(i.Delay)
    i.GPIO_Init                              0x080002bc   Section        0  stm32f4xx_gpio.o(i.GPIO_Init)
    i.GPIO_PinAFConfig                       0x08000460   Section        0  stm32f4xx_gpio.o(i.GPIO_PinAFConfig)
    i.Get_Touch_Pad_Input                    0x08000600   Section        0  keypad.o(i.Get_Touch_Pad_Input)
    i.Init_IO                                0x08000724   Section        0  ti_board_io.o(i.Init_IO)
    i.Init_SPI                               0x080007b8   Section        0  ti_board_io.o(i.Init_SPI)
    i.Init_System_Clock                      0x08000948   Section        0  ti_board_io.o(i.Init_System_Clock)
    i.Init_TI_Board                          0x080009b4   Section        0  ti_lib.o(i.Init_TI_Board)
    i.Make_Touch_Pad                         0x080009d8   Section        0  keypad.o(i.Make_Touch_Pad)
    i.NVIC_Init                              0x08000fc4   Section        0  misc.o(i.NVIC_Init)
    i.NVIC_PriorityGroupConfig               0x08001094   Section        0  misc.o(i.NVIC_PriorityGroupConfig)
    i.RCC_AHB1PeriphClockCmd                 0x080010f4   Section        0  stm32f4xx_rcc.o(i.RCC_AHB1PeriphClockCmd)
    i.RCC_APB2PeriphClockCmd                 0x0800116c   Section        0  stm32f4xx_rcc.o(i.RCC_APB2PeriphClockCmd)
    i.RCC_GetClocksFreq                      0x080011e4   Section        0  stm32f4xx_rcc.o(i.RCC_GetClocksFreq)
    i.SetSysClock                            0x080012cc   Section        0  system_stm32f4xx.o(i.SetSysClock)
    SetSysClock                              0x080012cd   Thumb Code   220  system_stm32f4xx.o(i.SetSysClock)
    i.SysTick_Handler                        0x080013b8   Section        0  ti_lib.o(i.SysTick_Handler)
    i.SystemCoreClockUpdate                  0x080013c0   Section        0  system_stm32f4xx.o(i.SystemCoreClockUpdate)
    i.SystemInit                             0x08001480   Section        0  system_stm32f4xx.o(i.SystemInit)
    i.TFT_Init                               0x080014e8   Section        0  tft.o(i.TFT_Init)
    i.TFT_cls                                0x08001504   Section        0  tft.o(i.TFT_cls)
    i.TFT_cursor_off                         0x0800150e   Section        0  tft.o(i.TFT_cursor_off)
    i.TFT_get_dat                            0x08001534   Section        0  tft.o(i.TFT_get_dat)
    i.TFT_get_data                           0x08001698   Section        0  tft.o(i.TFT_get_data)
    i.TFT_gotoxy                             0x080016d2   Section        0  tft.o(i.TFT_gotoxy)
    i.TFT_graphic_cls                        0x08001700   Section        0  tft.o(i.TFT_graphic_cls)
    i.TFT_putc                               0x0800171e   Section        0  tft.o(i.TFT_putc)
    i.TFT_puts                               0x0800173c   Section        0  tft.o(i.TFT_puts)
    i.TFT_send_data                          0x08001750   Section        0  tft.o(i.TFT_send_data)
    i.TFT_setTimeout                         0x0800186c   Section        0  tft.o(i.TFT_setTimeout)
    i.TFT_set_font_color                     0x08001950   Section        0  tft.o(i.TFT_set_font_color)
    i.TFT_set_window                         0x0800197c   Section        0  tft.o(i.TFT_set_window)
    i.TFT_terminal_on                        0x080019ca   Section        0  tft.o(i.TFT_terminal_on)
    i.TFT_touch_area                         0x080019e8   Section        0  tft.o(i.TFT_touch_area)
    i.TFT_touch_area_clear                   0x08001a98   Section        0  tft.o(i.TFT_touch_area_clear)
    i.TFT_touch_area_color                   0x08001ac2   Section        0  tft.o(i.TFT_touch_area_color)
    i.TFT_touch_area_font                    0x08001b18   Section        0  tft.o(i.TFT_touch_area_font)
    i.TFT_touch_area_font_color              0x08001b3e   Section        0  tft.o(i.TFT_touch_area_font_color)
    i.TFT_touch_area_frame                   0x08001b6c   Section        0  tft.o(i.TFT_touch_area_frame)
    i.TFT_touch_key_feedback                 0x08001b9a   Section        0  tft.o(i.TFT_touch_key_feedback)
    i.TimingDelay_Decrement                  0x08001be4   Section        0  ti_lib.o(i.TimingDelay_Decrement)
    i.USART1_Buffer_Init                     0x08001c08   Section        0  usart.o(i.USART1_Buffer_Init)
    i.USART1_IRQHandler                      0x08001c2c   Section        0  usart.o(i.USART1_IRQHandler)
    i.USART1_Init                            0x08001cc8   Section        0  usart.o(i.USART1_Init)
    i.USART1_SendChar                        0x08001d94   Section        0  usart.o(i.USART1_SendChar)
    i.USART_Cmd                              0x08001de8   Section        0  stm32f4xx_usart.o(i.USART_Cmd)
    i.USART_Init                             0x08001e88   Section        0  stm32f4xx_usart.o(i.USART_Init)
    i.USART_OverSampling8Cmd                 0x08002094   Section        0  stm32f4xx_usart.o(i.USART_OverSampling8Cmd)
    i.__0printf$8                            0x08002134   Section        0  printf8.o(i.__0printf$8)
    i.__0sprintf$8                           0x08002154   Section        0  printf8.o(i.__0sprintf$8)
    i.__scatterload_copy                     0x0800217c   Section       14  handlers.o(i.__scatterload_copy)
    i.__scatterload_null                     0x0800218a   Section        2  handlers.o(i.__scatterload_null)
    i.__scatterload_zeroinit                 0x0800218c   Section       14  handlers.o(i.__scatterload_zeroinit)
    i._printf_core                           0x0800219c   Section        0  printf8.o(i._printf_core)
    _printf_core                             0x0800219d   Thumb Code   996  printf8.o(i._printf_core)
    i._printf_post_padding                   0x080025ac   Section        0  printf8.o(i._printf_post_padding)
    _printf_post_padding                     0x080025ad   Thumb Code    36  printf8.o(i._printf_post_padding)
    i._printf_pre_padding                    0x080025d0   Section        0  printf8.o(i._printf_pre_padding)
    _printf_pre_padding                      0x080025d1   Thumb Code    46  printf8.o(i._printf_pre_padding)
    i._sputc                                 0x080025fe   Section        0  printf8.o(i._sputc)
    _sputc                                   0x080025ff   Thumb Code    10  printf8.o(i._sputc)
    i.add                                    0x08002608   Section        0  calc.o(i.add)
    i.addDigit                               0x08002634   Section        0  stack.o(i.addDigit)
    i.assert_failed                          0x0800265c   Section        0  assert.o(i.assert_failed)
    i.clear                                  0x08002660   Section        0  stack.o(i.clear)
    i.div                                    0x08002688   Section        0  calc.o(i.div)
    i.duplicate                              0x080026f8   Section        0  stack.o(i.duplicate)
    i.fputc                                  0x08002724   Section        0  retarget.o(i.fputc)
    i.getCurrentStack                        0x08002750   Section        0  stack.o(i.getCurrentStack)
    i.info                                   0x08002764   Section        0  run.o(i.info)
    i.main                                   0x080027d4   Section        0  main.o(i.main)
    i.mul                                    0x080027e0   Section        0  calc.o(i.mul)
    i.pop                                    0x08002808   Section        0  stack.o(i.pop)
    i.printFirst                             0x08002860   Section        0  stack.o(i.printFirst)
    i.printStack                             0x080028a8   Section        0  stack.o(i.printStack)
    i.push                                   0x080028f4   Section        0  stack.o(i.push)
    i.run                                    0x08002940   Section        0  run.o(i.run)
    i.setStack                               0x08002b30   Section        0  stack.o(i.setStack)
    i.sub                                    0x08002b60   Section        0  calc.o(i.sub)
    i.swapPos                                0x08002b8c   Section        0  stack.o(i.swapPos)
    .data                                    0x20000000   Section        8  ti_lib.o(.data)
    TimingDelay                              0x20000000   Data           4  ti_lib.o(.data)
    uptime                                   0x20000004   Data           4  ti_lib.o(.data)
    .data                                    0x20000008   Section       16  stm32f4xx_rcc.o(.data)
    APBAHBPrescTable                         0x20000008   Data          16  stm32f4xx_rcc.o(.data)
    .data                                    0x20000018   Section       20  system_stm32f4xx.o(.data)
    .data                                    0x2000002c   Section        8  retarget.o(.data)
    .data                                    0x20000034   Section        4  usart.o(.data)
    tx_restart                               0x20000034   Data           4  usart.o(.data)
    .data                                    0x20000038   Section        4  stack.o(.data)
    .data                                    0x2000003c   Section        4  calc.o(.data)
    .data                                    0x20000040   Section        4  run.o(.data)
    .bss                                     0x20000044   Section      262  tft.o(.bss)
    cmd                                      0x20000044   Data         262  tft.o(.bss)
    .bss                                     0x2000014c   Section      528  usart.o(.bss)
    rbuf                                     0x2000014c   Data         264  usart.o(.bss)
    tbuf                                     0x20000254   Data         264  usart.o(.bss)
    .bss                                     0x2000035c   Section       32  stack.o(.bss)
    .bss                                     0x2000037c   Section       30  run.o(.bss)
    STACK                                    0x200003a0   Section     4096  startup_stm32f4xx.o(STACK)

    Global Symbols

    Symbol Name                              Value     Ov Type        Size  Object(Section)

    BuildAttributes$$THM_ISAv4$E$P$D$K$B$S$7EM$VFPi3$EXTD16$VFPS$VFMA$PE$A:L22UL41UL21$X:L11$S22US41US21$IEEE1$IW$USESV6$~STKCKD$USESV7$~SHL$OSPACE$ROPI$EBA8$MICROLIB$REQ8$PRES8$EABIv2 0x00000000   Number         0  anon$$obj.o ABSOLUTE
    __ARM_use_no_argv                        0x00000000   Number         0  main.o ABSOLUTE
    _printf_a                                0x00000000   Number         0  stubs.o ABSOLUTE
    _printf_c                                0x00000000   Number         0  stubs.o ABSOLUTE
    _printf_charcount                        0x00000000   Number         0  stubs.o ABSOLUTE
    _printf_d                                0x00000000   Number         0  stubs.o ABSOLUTE
    _printf_e                                0x00000000   Number         0  stubs.o ABSOLUTE
    _printf_f                                0x00000000   Number         0  stubs.o ABSOLUTE
    _printf_flags                            0x00000000   Number         0  stubs.o ABSOLUTE
    _printf_fp_dec                           0x00000000   Number         0  stubs.o ABSOLUTE
    _printf_fp_hex                           0x00000000   Number         0  stubs.o ABSOLUTE
    _printf_g                                0x00000000   Number         0  stubs.o ABSOLUTE
    _printf_i                                0x00000000   Number         0  stubs.o ABSOLUTE
    _printf_int_dec                          0x00000000   Number         0  stubs.o ABSOLUTE
    _printf_l                                0x00000000   Number         0  stubs.o ABSOLUTE
    _printf_lc                               0x00000000   Number         0  stubs.o ABSOLUTE
    _printf_ll                               0x00000000   Number         0  stubs.o ABSOLUTE
    _printf_lld                              0x00000000   Number         0  stubs.o ABSOLUTE
    _printf_lli                              0x00000000   Number         0  stubs.o ABSOLUTE
    _printf_llo                              0x00000000   Number         0  stubs.o ABSOLUTE
    _printf_llu                              0x00000000   Number         0  stubs.o ABSOLUTE
    _printf_llx                              0x00000000   Number         0  stubs.o ABSOLUTE
    _printf_longlong_dec                     0x00000000   Number         0  stubs.o ABSOLUTE
    _printf_longlong_hex                     0x00000000   Number         0  stubs.o ABSOLUTE
    _printf_longlong_oct                     0x00000000   Number         0  stubs.o ABSOLUTE
    _printf_ls                               0x00000000   Number         0  stubs.o ABSOLUTE
    _printf_mbtowc                           0x00000000   Number         0  stubs.o ABSOLUTE
    _printf_n                                0x00000000   Number         0  stubs.o ABSOLUTE
    _printf_o                                0x00000000   Number         0  stubs.o ABSOLUTE
    _printf_p                                0x00000000   Number         0  stubs.o ABSOLUTE
    _printf_percent                          0x00000000   Number         0  stubs.o ABSOLUTE
    _printf_pre_padding                      0x00000000   Number         0  stubs.o ABSOLUTE
    _printf_return_value                     0x00000000   Number         0  stubs.o ABSOLUTE
    _printf_s                                0x00000000   Number         0  stubs.o ABSOLUTE
    _printf_sizespec                         0x00000000   Number         0  stubs.o ABSOLUTE
    _printf_str                              0x00000000   Number         0  stubs.o ABSOLUTE
    _printf_truncate_signed                  0x00000000   Number         0  stubs.o ABSOLUTE
    _printf_truncate_unsigned                0x00000000   Number         0  stubs.o ABSOLUTE
    _printf_u                                0x00000000   Number         0  stubs.o ABSOLUTE
    _printf_wc                               0x00000000   Number         0  stubs.o ABSOLUTE
    _printf_wctomb                           0x00000000   Number         0  stubs.o ABSOLUTE
    _printf_widthprec                        0x00000000   Number         0  stubs.o ABSOLUTE
    _printf_x                                0x00000000   Number         0  stubs.o ABSOLUTE
    __cpp_initialize__aeabi_                  - Undefined Weak Reference
    __cxa_finalize                            - Undefined Weak Reference
    __decompress                              - Undefined Weak Reference
    _clock_init                               - Undefined Weak Reference
    _microlib_exit                            - Undefined Weak Reference
    __Vectors_Size                           0x00000188   Number         0  startup_stm32f4xx.o ABSOLUTE
    __Vectors                                0x08000000   Data           4  startup_stm32f4xx.o(RESET)
    __Vectors_End                            0x08000188   Data           0  startup_stm32f4xx.o(RESET)
    __main                                   0x08000189   Thumb Code     0  entry.o(.ARM.Collect$$$$00000000)
    _main_stk                                0x08000189   Thumb Code     0  entry2.o(.ARM.Collect$$$$00000001)
    _main_scatterload                        0x0800018d   Thumb Code     0  entry5.o(.ARM.Collect$$$$00000004)
    __main_after_scatterload                 0x08000191   Thumb Code     0  entry5.o(.ARM.Collect$$$$00000004)
    _main_clock                              0x08000191   Thumb Code     0  entry7b.o(.ARM.Collect$$$$00000008)
    _main_cpp_init                           0x08000191   Thumb Code     0  entry8b.o(.ARM.Collect$$$$0000000A)
    _main_init                               0x08000191   Thumb Code     0  entry9a.o(.ARM.Collect$$$$0000000B)
    __rt_final_cpp                           0x08000199   Thumb Code     0  entry10a.o(.ARM.Collect$$$$0000000D)
    __rt_final_exit                          0x08000199   Thumb Code     0  entry11a.o(.ARM.Collect$$$$0000000F)
    Reset_Handler                            0x0800019d   Thumb Code    18  startup_stm32f4xx.o(.text)
    NMI_Handler                              0x080001af   Thumb Code     2  startup_stm32f4xx.o(.text)
    HardFault_Handler                        0x080001b1   Thumb Code     2  startup_stm32f4xx.o(.text)
    MemManage_Handler                        0x080001b3   Thumb Code     2  startup_stm32f4xx.o(.text)
    BusFault_Handler                         0x080001b5   Thumb Code     2  startup_stm32f4xx.o(.text)
    UsageFault_Handler                       0x080001b7   Thumb Code     2  startup_stm32f4xx.o(.text)
    SVC_Handler                              0x080001b9   Thumb Code     2  startup_stm32f4xx.o(.text)
    DebugMon_Handler                         0x080001bb   Thumb Code     2  startup_stm32f4xx.o(.text)
    PendSV_Handler                           0x080001bd   Thumb Code     2  startup_stm32f4xx.o(.text)
    ADC_IRQHandler                           0x080001c1   Thumb Code     0  startup_stm32f4xx.o(.text)
    CAN1_RX0_IRQHandler                      0x080001c1   Thumb Code     0  startup_stm32f4xx.o(.text)
    CAN1_RX1_IRQHandler                      0x080001c1   Thumb Code     0  startup_stm32f4xx.o(.text)
    CAN1_SCE_IRQHandler                      0x080001c1   Thumb Code     0  startup_stm32f4xx.o(.text)
    CAN1_TX_IRQHandler                       0x080001c1   Thumb Code     0  startup_stm32f4xx.o(.text)
    CAN2_RX0_IRQHandler                      0x080001c1   Thumb Code     0  startup_stm32f4xx.o(.text)
    CAN2_RX1_IRQHandler                      0x080001c1   Thumb Code     0  startup_stm32f4xx.o(.text)
    CAN2_SCE_IRQHandler                      0x080001c1   Thumb Code     0  startup_stm32f4xx.o(.text)
    CAN2_TX_IRQHandler                       0x080001c1   Thumb Code     0  startup_stm32f4xx.o(.text)
    CRYP_IRQHandler                          0x080001c1   Thumb Code     0  startup_stm32f4xx.o(.text)
    DCMI_IRQHandler                          0x080001c1   Thumb Code     0  startup_stm32f4xx.o(.text)
    DMA1_Stream0_IRQHandler                  0x080001c1   Thumb Code     0  startup_stm32f4xx.o(.text)
    DMA1_Stream1_IRQHandler                  0x080001c1   Thumb Code     0  startup_stm32f4xx.o(.text)
    DMA1_Stream2_IRQHandler                  0x080001c1   Thumb Code     0  startup_stm32f4xx.o(.text)
    DMA1_Stream3_IRQHandler                  0x080001c1   Thumb Code     0  startup_stm32f4xx.o(.text)
    DMA1_Stream4_IRQHandler                  0x080001c1   Thumb Code     0  startup_stm32f4xx.o(.text)
    DMA1_Stream5_IRQHandler                  0x080001c1   Thumb Code     0  startup_stm32f4xx.o(.text)
    DMA1_Stream6_IRQHandler                  0x080001c1   Thumb Code     0  startup_stm32f4xx.o(.text)
    DMA1_Stream7_IRQHandler                  0x080001c1   Thumb Code     0  startup_stm32f4xx.o(.text)
    DMA2_Stream0_IRQHandler                  0x080001c1   Thumb Code     0  startup_stm32f4xx.o(.text)
    DMA2_Stream1_IRQHandler                  0x080001c1   Thumb Code     0  startup_stm32f4xx.o(.text)
    DMA2_Stream2_IRQHandler                  0x080001c1   Thumb Code     0  startup_stm32f4xx.o(.text)
    DMA2_Stream3_IRQHandler                  0x080001c1   Thumb Code     0  startup_stm32f4xx.o(.text)
    DMA2_Stream4_IRQHandler                  0x080001c1   Thumb Code     0  startup_stm32f4xx.o(.text)
    DMA2_Stream5_IRQHandler                  0x080001c1   Thumb Code     0  startup_stm32f4xx.o(.text)
    DMA2_Stream6_IRQHandler                  0x080001c1   Thumb Code     0  startup_stm32f4xx.o(.text)
    DMA2_Stream7_IRQHandler                  0x080001c1   Thumb Code     0  startup_stm32f4xx.o(.text)
    ETH_IRQHandler                           0x080001c1   Thumb Code     0  startup_stm32f4xx.o(.text)
    ETH_WKUP_IRQHandler                      0x080001c1   Thumb Code     0  startup_stm32f4xx.o(.text)
    EXTI0_IRQHandler                         0x080001c1   Thumb Code     0  startup_stm32f4xx.o(.text)
    EXTI15_10_IRQHandler                     0x080001c1   Thumb Code     0  startup_stm32f4xx.o(.text)
    EXTI1_IRQHandler                         0x080001c1   Thumb Code     0  startup_stm32f4xx.o(.text)
    EXTI2_IRQHandler                         0x080001c1   Thumb Code     0  startup_stm32f4xx.o(.text)
    EXTI3_IRQHandler                         0x080001c1   Thumb Code     0  startup_stm32f4xx.o(.text)
    EXTI4_IRQHandler                         0x080001c1   Thumb Code     0  startup_stm32f4xx.o(.text)
    EXTI9_5_IRQHandler                       0x080001c1   Thumb Code     0  startup_stm32f4xx.o(.text)
    FLASH_IRQHandler                         0x080001c1   Thumb Code     0  startup_stm32f4xx.o(.text)
    FPU_IRQHandler                           0x080001c1   Thumb Code     0  startup_stm32f4xx.o(.text)
    FSMC_IRQHandler                          0x080001c1   Thumb Code     0  startup_stm32f4xx.o(.text)
    HASH_RNG_IRQHandler                      0x080001c1   Thumb Code     0  startup_stm32f4xx.o(.text)
    I2C1_ER_IRQHandler                       0x080001c1   Thumb Code     0  startup_stm32f4xx.o(.text)
    I2C1_EV_IRQHandler                       0x080001c1   Thumb Code     0  startup_stm32f4xx.o(.text)
    I2C2_ER_IRQHandler                       0x080001c1   Thumb Code     0  startup_stm32f4xx.o(.text)
    I2C2_EV_IRQHandler                       0x080001c1   Thumb Code     0  startup_stm32f4xx.o(.text)
    I2C3_ER_IRQHandler                       0x080001c1   Thumb Code     0  startup_stm32f4xx.o(.text)
    I2C3_EV_IRQHandler                       0x080001c1   Thumb Code     0  startup_stm32f4xx.o(.text)
    OTG_FS_IRQHandler                        0x080001c1   Thumb Code     0  startup_stm32f4xx.o(.text)
    OTG_FS_WKUP_IRQHandler                   0x080001c1   Thumb Code     0  startup_stm32f4xx.o(.text)
    OTG_HS_EP1_IN_IRQHandler                 0x080001c1   Thumb Code     0  startup_stm32f4xx.o(.text)
    OTG_HS_EP1_OUT_IRQHandler                0x080001c1   Thumb Code     0  startup_stm32f4xx.o(.text)
    OTG_HS_IRQHandler                        0x080001c1   Thumb Code     0  startup_stm32f4xx.o(.text)
    OTG_HS_WKUP_IRQHandler                   0x080001c1   Thumb Code     0  startup_stm32f4xx.o(.text)
    PVD_IRQHandler                           0x080001c1   Thumb Code     0  startup_stm32f4xx.o(.text)
    RCC_IRQHandler                           0x080001c1   Thumb Code     0  startup_stm32f4xx.o(.text)
    RTC_Alarm_IRQHandler                     0x080001c1   Thumb Code     0  startup_stm32f4xx.o(.text)
    RTC_WKUP_IRQHandler                      0x080001c1   Thumb Code     0  startup_stm32f4xx.o(.text)
    SDIO_IRQHandler                          0x080001c1   Thumb Code     0  startup_stm32f4xx.o(.text)
    SPI1_IRQHandler                          0x080001c1   Thumb Code     0  startup_stm32f4xx.o(.text)
    SPI2_IRQHandler                          0x080001c1   Thumb Code     0  startup_stm32f4xx.o(.text)
    SPI3_IRQHandler                          0x080001c1   Thumb Code     0  startup_stm32f4xx.o(.text)
    TAMP_STAMP_IRQHandler                    0x080001c1   Thumb Code     0  startup_stm32f4xx.o(.text)
    TIM1_BRK_TIM9_IRQHandler                 0x080001c1   Thumb Code     0  startup_stm32f4xx.o(.text)
    TIM1_CC_IRQHandler                       0x080001c1   Thumb Code     0  startup_stm32f4xx.o(.text)
    TIM1_TRG_COM_TIM11_IRQHandler            0x080001c1   Thumb Code     0  startup_stm32f4xx.o(.text)
    TIM1_UP_TIM10_IRQHandler                 0x080001c1   Thumb Code     0  startup_stm32f4xx.o(.text)
    TIM2_IRQHandler                          0x080001c1   Thumb Code     0  startup_stm32f4xx.o(.text)
    TIM3_IRQHandler                          0x080001c1   Thumb Code     0  startup_stm32f4xx.o(.text)
    TIM4_IRQHandler                          0x080001c1   Thumb Code     0  startup_stm32f4xx.o(.text)
    TIM5_IRQHandler                          0x080001c1   Thumb Code     0  startup_stm32f4xx.o(.text)
    TIM6_DAC_IRQHandler                      0x080001c1   Thumb Code     0  startup_stm32f4xx.o(.text)
    TIM7_IRQHandler                          0x080001c1   Thumb Code     0  startup_stm32f4xx.o(.text)
    TIM8_BRK_TIM12_IRQHandler                0x080001c1   Thumb Code     0  startup_stm32f4xx.o(.text)
    TIM8_CC_IRQHandler                       0x080001c1   Thumb Code     0  startup_stm32f4xx.o(.text)
    TIM8_TRG_COM_TIM14_IRQHandler            0x080001c1   Thumb Code     0  startup_stm32f4xx.o(.text)
    TIM8_UP_TIM13_IRQHandler                 0x080001c1   Thumb Code     0  startup_stm32f4xx.o(.text)
    UART4_IRQHandler                         0x080001c1   Thumb Code     0  startup_stm32f4xx.o(.text)
    UART5_IRQHandler                         0x080001c1   Thumb Code     0  startup_stm32f4xx.o(.text)
    USART2_IRQHandler                        0x080001c1   Thumb Code     0  startup_stm32f4xx.o(.text)
    USART3_IRQHandler                        0x080001c1   Thumb Code     0  startup_stm32f4xx.o(.text)
    USART6_IRQHandler                        0x080001c1   Thumb Code     0  startup_stm32f4xx.o(.text)
    WWDG_IRQHandler                          0x080001c1   Thumb Code     0  startup_stm32f4xx.o(.text)
    strlen                                   0x080001d1   Thumb Code    14  strlen.o(.text)
    __aeabi_uldivmod                         0x080001df   Thumb Code    98  uldiv.o(.text)
    __scatterload                            0x08000241   Thumb Code    28  init.o(.text)
    __scatterload_rt2                        0x08000241   Thumb Code     0  init.o(.text)
    __aeabi_llsl                             0x08000265   Thumb Code    30  llshl.o(.text)
    _ll_shift_l                              0x08000265   Thumb Code     0  llshl.o(.text)
    __aeabi_llsr                             0x08000283   Thumb Code    32  llushr.o(.text)
    _ll_ushift_r                             0x08000283   Thumb Code     0  llushr.o(.text)
    Delay                                    0x080002a5   Thumb Code    20  ti_lib.o(i.Delay)
    GPIO_Init                                0x080002bd   Thumb Code   342  stm32f4xx_gpio.o(i.GPIO_Init)
    GPIO_PinAFConfig                         0x08000461   Thumb Code   338  stm32f4xx_gpio.o(i.GPIO_PinAFConfig)
    Get_Touch_Pad_Input                      0x08000601   Thumb Code   240  keypad.o(i.Get_Touch_Pad_Input)
    Init_IO                                  0x08000725   Thumb Code   136  ti_board_io.o(i.Init_IO)
    Init_SPI                                 0x080007b9   Thumb Code   384  ti_board_io.o(i.Init_SPI)
    Init_System_Clock                        0x08000949   Thumb Code    94  ti_board_io.o(i.Init_System_Clock)
    Init_TI_Board                            0x080009b5   Thumb Code    34  ti_lib.o(i.Init_TI_Board)
    Make_Touch_Pad                           0x080009d9   Thumb Code  1504  keypad.o(i.Make_Touch_Pad)
    NVIC_Init                                0x08000fc5   Thumb Code   164  misc.o(i.NVIC_Init)
    NVIC_PriorityGroupConfig                 0x08001095   Thumb Code    54  misc.o(i.NVIC_PriorityGroupConfig)
    RCC_AHB1PeriphClockCmd                   0x080010f5   Thumb Code    70  stm32f4xx_rcc.o(i.RCC_AHB1PeriphClockCmd)
    RCC_APB2PeriphClockCmd                   0x0800116d   Thumb Code    70  stm32f4xx_rcc.o(i.RCC_APB2PeriphClockCmd)
    RCC_GetClocksFreq                        0x080011e5   Thumb Code   214  stm32f4xx_rcc.o(i.RCC_GetClocksFreq)
    SysTick_Handler                          0x080013b9   Thumb Code     8  ti_lib.o(i.SysTick_Handler)
    SystemCoreClockUpdate                    0x080013c1   Thumb Code   170  system_stm32f4xx.o(i.SystemCoreClockUpdate)
    SystemInit                               0x08001481   Thumb Code    88  system_stm32f4xx.o(i.SystemInit)
    TFT_Init                                 0x080014e9   Thumb Code    28  tft.o(i.TFT_Init)
    TFT_cls                                  0x08001505   Thumb Code    10  tft.o(i.TFT_cls)
    TFT_cursor_off                           0x0800150f   Thumb Code    36  tft.o(i.TFT_cursor_off)
    TFT_get_dat                              0x08001535   Thumb Code   348  tft.o(i.TFT_get_dat)
    TFT_get_data                             0x08001699   Thumb Code    58  tft.o(i.TFT_get_data)
    TFT_gotoxy                               0x080016d3   Thumb Code    46  tft.o(i.TFT_gotoxy)
    TFT_graphic_cls                          0x08001701   Thumb Code    30  tft.o(i.TFT_graphic_cls)
    TFT_putc                                 0x0800171f   Thumb Code    30  tft.o(i.TFT_putc)
    TFT_puts                                 0x0800173d   Thumb Code    20  tft.o(i.TFT_puts)
    TFT_send_data                            0x08001751   Thumb Code   272  tft.o(i.TFT_send_data)
    TFT_setTimeout                           0x0800186d   Thumb Code   218  tft.o(i.TFT_setTimeout)
    TFT_set_font_color                       0x08001951   Thumb Code    44  tft.o(i.TFT_set_font_color)
    TFT_set_window                           0x0800197d   Thumb Code    78  tft.o(i.TFT_set_window)
    TFT_terminal_on                          0x080019cb   Thumb Code    30  tft.o(i.TFT_terminal_on)
    TFT_touch_area                           0x080019e9   Thumb Code   172  tft.o(i.TFT_touch_area)
    TFT_touch_area_clear                     0x08001a99   Thumb Code    42  tft.o(i.TFT_touch_area_clear)
    TFT_touch_area_color                     0x08001ac3   Thumb Code    86  tft.o(i.TFT_touch_area_color)
    TFT_touch_area_font                      0x08001b19   Thumb Code    38  tft.o(i.TFT_touch_area_font)
    TFT_touch_area_font_color                0x08001b3f   Thumb Code    46  tft.o(i.TFT_touch_area_font_color)
    TFT_touch_area_frame                     0x08001b6d   Thumb Code    46  tft.o(i.TFT_touch_area_frame)
    TFT_touch_key_feedback                   0x08001b9b   Thumb Code    72  tft.o(i.TFT_touch_key_feedback)
    TimingDelay_Decrement                    0x08001be5   Thumb Code    28  ti_lib.o(i.TimingDelay_Decrement)
    USART1_Buffer_Init                       0x08001c09   Thumb Code    24  usart.o(i.USART1_Buffer_Init)
    USART1_IRQHandler                        0x08001c2d   Thumb Code   138  usart.o(i.USART1_IRQHandler)
    USART1_Init                              0x08001cc9   Thumb Code   196  usart.o(i.USART1_Init)
    USART1_SendChar                          0x08001d95   Thumb Code    70  usart.o(i.USART1_SendChar)
    USART_Cmd                                0x08001de9   Thumb Code    96  stm32f4xx_usart.o(i.USART_Cmd)
    USART_Init                               0x08001e89   Thumb Code   456  stm32f4xx_usart.o(i.USART_Init)
    USART_OverSampling8Cmd                   0x08002095   Thumb Code    94  stm32f4xx_usart.o(i.USART_OverSampling8Cmd)
    __0printf$8                              0x08002135   Thumb Code    22  printf8.o(i.__0printf$8)
    __1printf$8                              0x08002135   Thumb Code     0  printf8.o(i.__0printf$8)
    __2printf                                0x08002135   Thumb Code     0  printf8.o(i.__0printf$8)
    __0sprintf$8                             0x08002155   Thumb Code    34  printf8.o(i.__0sprintf$8)
    __1sprintf$8                             0x08002155   Thumb Code     0  printf8.o(i.__0sprintf$8)
    __2sprintf                               0x08002155   Thumb Code     0  printf8.o(i.__0sprintf$8)
    __scatterload_copy                       0x0800217d   Thumb Code    14  handlers.o(i.__scatterload_copy)
    __scatterload_null                       0x0800218b   Thumb Code     2  handlers.o(i.__scatterload_null)
    __scatterload_zeroinit                   0x0800218d   Thumb Code    14  handlers.o(i.__scatterload_zeroinit)
    add                                      0x08002609   Thumb Code    38  calc.o(i.add)
    addDigit                                 0x08002635   Thumb Code    30  stack.o(i.addDigit)
    assert_failed                            0x0800265d   Thumb Code     4  assert.o(i.assert_failed)
    clear                                    0x08002661   Thumb Code    32  stack.o(i.clear)
    div                                      0x08002689   Thumb Code    76  calc.o(i.div)
    duplicate                                0x080026f9   Thumb Code    34  stack.o(i.duplicate)
    fputc                                    0x08002725   Thumb Code    42  retarget.o(i.fputc)
    getCurrentStack                          0x08002751   Thumb Code    12  stack.o(i.getCurrentStack)
    info                                     0x08002765   Thumb Code    92  run.o(i.info)
    main                                     0x080027d5   Thumb Code    10  main.o(i.main)
    mul                                      0x080027e1   Thumb Code    36  calc.o(i.mul)
    pop                                      0x08002809   Thumb Code    66  stack.o(i.pop)
    printFirst                               0x08002861   Thumb Code    52  stack.o(i.printFirst)
    printStack                               0x080028a9   Thumb Code    60  stack.o(i.printStack)
    push                                     0x080028f5   Thumb Code    54  stack.o(i.push)
    run                                      0x08002941   Thumb Code   484  run.o(i.run)
    setStack                                 0x08002b31   Thumb Code    38  stack.o(i.setStack)
    sub                                      0x08002b61   Thumb Code    38  calc.o(i.sub)
    swapPos                                  0x08002b8d   Thumb Code    80  stack.o(i.swapPos)
    Region$$Table$$Base                      0x08002bf0   Number         0  anon$$obj.o(Region$$Table)
    Region$$Table$$Limit                     0x08002c10   Number         0  anon$$obj.o(Region$$Table)
    SystemCoreClock                          0x20000018   Data           4  system_stm32f4xx.o(.data)
    AHBPrescTable                            0x2000001c   Data          16  system_stm32f4xx.o(.data)
    __stdout                                 0x2000002c   Data           4  retarget.o(.data)
    __stdin                                  0x20000030   Data           4  retarget.o(.data)
    pointer                                  0x20000038   Data           4  stack.o(.data)
    val                                      0x2000003c   Data           4  calc.o(.data)
    incounter                                0x20000040   Data           4  run.o(.data)
    stack                                    0x2000035c   Data          32  stack.o(.bss)
    input                                    0x2000037c   Data          30  run.o(.bss)
    __initial_sp                             0x200013a0   Data           0  startup_stm32f4xx.o(STACK)



==============================================================================

Memory Map of the image

  Image Entry point : 0x08000189

  Load Region LR_IROM1 (Base: 0x08000000, Size: 0x00002c54, Max: 0x00100000, ABSOLUTE)

    Execution Region ER_IROM1 (Exec base: 0x08000000, Load base: 0x08000000, Size: 0x00002c10, Max: 0x00100000, ABSOLUTE)

    Exec Addr    Load Addr    Size         Type   Attr      Idx    E Section Name        Object

    0x08000000   0x08000000   0x00000188   Data   RO         1494    RESET               startup_stm32f4xx.o
    0x08000188   0x08000188   0x00000000   Code   RO         1891  * .ARM.Collect$$$$00000000  mc_w.l(entry.o)
    0x08000188   0x08000188   0x00000004   Code   RO         2163    .ARM.Collect$$$$00000001  mc_w.l(entry2.o)
    0x0800018c   0x0800018c   0x00000004   Code   RO         2166    .ARM.Collect$$$$00000004  mc_w.l(entry5.o)
    0x08000190   0x08000190   0x00000000   Code   RO         2168    .ARM.Collect$$$$00000008  mc_w.l(entry7b.o)
    0x08000190   0x08000190   0x00000000   Code   RO         2170    .ARM.Collect$$$$0000000A  mc_w.l(entry8b.o)
    0x08000190   0x08000190   0x00000008   Code   RO         2171    .ARM.Collect$$$$0000000B  mc_w.l(entry9a.o)
    0x08000198   0x08000198   0x00000000   Code   RO         2173    .ARM.Collect$$$$0000000D  mc_w.l(entry10a.o)
    0x08000198   0x08000198   0x00000000   Code   RO         2175    .ARM.Collect$$$$0000000F  mc_w.l(entry11a.o)
    0x08000198   0x08000198   0x00000004   Code   RO         2164    .ARM.Collect$$$$00002712  mc_w.l(entry2.o)
    0x0800019c   0x0800019c   0x00000034   Code   RO         1495    .text               startup_stm32f4xx.o
    0x080001d0   0x080001d0   0x0000000e   Code   RO         1898    .text               mc_w.l(strlen.o)
    0x080001de   0x080001de   0x00000062   Code   RO         2179    .text               mc_w.l(uldiv.o)
    0x08000240   0x08000240   0x00000024   Code   RO         2192    .text               mc_w.l(init.o)
    0x08000264   0x08000264   0x0000001e   Code   RO         2194    .text               mc_w.l(llshl.o)
    0x08000282   0x08000282   0x00000020   Code   RO         2196    .text               mc_w.l(llushr.o)
    0x080002a2   0x080002a2   0x00000002   PAD
    0x080002a4   0x080002a4   0x00000018   Code   RO          443    i.Delay             ti_lib.o
    0x080002bc   0x080002bc   0x000001a4   Code   RO         1394    i.GPIO_Init         stm32f4xx_gpio.o
    0x08000460   0x08000460   0x000001a0   Code   RO         1395    i.GPIO_PinAFConfig  stm32f4xx_gpio.o
    0x08000600   0x08000600   0x00000124   Code   RO           23    i.Get_Touch_Pad_Input  keypad.o
    0x08000724   0x08000724   0x00000094   Code   RO         1683    i.Init_IO           ti_board_io.o
    0x080007b8   0x080007b8   0x00000190   Code   RO         1684    i.Init_SPI          ti_board_io.o
    0x08000948   0x08000948   0x0000006c   Code   RO         1685    i.Init_System_Clock  ti_board_io.o
    0x080009b4   0x080009b4   0x00000022   Code   RO          444    i.Init_TI_Board     ti_lib.o
    0x080009d6   0x080009d6   0x00000002   PAD
    0x080009d8   0x080009d8   0x000005ec   Code   RO           24    i.Make_Touch_Pad    keypad.o
    0x08000fc4   0x08000fc4   0x000000d0   Code   RO          489    i.NVIC_Init         misc.o
    0x08001094   0x08001094   0x00000060   Code   RO          490    i.NVIC_PriorityGroupConfig  misc.o
    0x080010f4   0x080010f4   0x00000078   Code   RO         1113    i.RCC_AHB1PeriphClockCmd  stm32f4xx_rcc.o
    0x0800116c   0x0800116c   0x00000078   Code   RO         1125    i.RCC_APB2PeriphClockCmd  stm32f4xx_rcc.o
    0x080011e4   0x080011e4   0x000000e8   Code   RO         1134    i.RCC_GetClocksFreq  stm32f4xx_rcc.o
    0x080012cc   0x080012cc   0x000000ec   Code   RO         1501    i.SetSysClock       system_stm32f4xx.o
    0x080013b8   0x080013b8   0x00000008   Code   RO          445    i.SysTick_Handler   ti_lib.o
    0x080013c0   0x080013c0   0x000000c0   Code   RO         1502    i.SystemCoreClockUpdate  system_stm32f4xx.o
    0x08001480   0x08001480   0x00000068   Code   RO         1503    i.SystemInit        system_stm32f4xx.o
    0x080014e8   0x080014e8   0x0000001c   Code   RO           63    i.TFT_Init          tft.o
    0x08001504   0x08001504   0x0000000a   Code   RO           74    i.TFT_cls           tft.o
    0x0800150e   0x0800150e   0x00000024   Code   RO           75    i.TFT_cursor_off    tft.o
    0x08001532   0x08001532   0x00000002   PAD
    0x08001534   0x08001534   0x00000164   Code   RO           80    i.TFT_get_dat       tft.o
    0x08001698   0x08001698   0x0000003a   Code   RO           81    i.TFT_get_data      tft.o
    0x080016d2   0x080016d2   0x0000002e   Code   RO           82    i.TFT_gotoxy        tft.o
    0x08001700   0x08001700   0x0000001e   Code   RO           83    i.TFT_graphic_cls   tft.o
    0x0800171e   0x0800171e   0x0000001e   Code   RO           89    i.TFT_putc          tft.o
    0x0800173c   0x0800173c   0x00000014   Code   RO           90    i.TFT_puts          tft.o
    0x08001750   0x08001750   0x0000011c   Code   RO           92    i.TFT_send_data     tft.o
    0x0800186c   0x0800186c   0x000000e4   Code   RO           93    i.TFT_setTimeout    tft.o
    0x08001950   0x08001950   0x0000002c   Code   RO           96    i.TFT_set_font_color  tft.o
    0x0800197c   0x0800197c   0x0000004e   Code   RO          101    i.TFT_set_window    tft.o
    0x080019ca   0x080019ca   0x0000001e   Code   RO          103    i.TFT_terminal_on   tft.o
    0x080019e8   0x080019e8   0x000000b0   Code   RO          104    i.TFT_touch_area    tft.o
    0x08001a98   0x08001a98   0x0000002a   Code   RO          105    i.TFT_touch_area_clear  tft.o
    0x08001ac2   0x08001ac2   0x00000056   Code   RO          106    i.TFT_touch_area_color  tft.o
    0x08001b18   0x08001b18   0x00000026   Code   RO          107    i.TFT_touch_area_font  tft.o
    0x08001b3e   0x08001b3e   0x0000002e   Code   RO          108    i.TFT_touch_area_font_color  tft.o
    0x08001b6c   0x08001b6c   0x0000002e   Code   RO          109    i.TFT_touch_area_frame  tft.o
    0x08001b9a   0x08001b9a   0x00000048   Code   RO          110    i.TFT_touch_key_feedback  tft.o
    0x08001be2   0x08001be2   0x00000002   PAD
    0x08001be4   0x08001be4   0x00000024   Code   RO          446    i.TimingDelay_Decrement  ti_lib.o
    0x08001c08   0x08001c08   0x00000024   Code   RO         1601    i.USART1_Buffer_Init  usart.o
    0x08001c2c   0x08001c2c   0x0000009c   Code   RO         1603    i.USART1_IRQHandler  usart.o
    0x08001cc8   0x08001cc8   0x000000cc   Code   RO         1604    i.USART1_Init       usart.o
    0x08001d94   0x08001d94   0x00000054   Code   RO         1605    i.USART1_SendChar   usart.o
    0x08001de8   0x08001de8   0x000000a0   Code   RO          926    i.USART_Cmd         stm32f4xx_usart.o
    0x08001e88   0x08001e88   0x0000020c   Code   RO          933    i.USART_Init        stm32f4xx_usart.o
    0x08002094   0x08002094   0x000000a0   Code   RO          939    i.USART_OverSampling8Cmd  stm32f4xx_usart.o
    0x08002134   0x08002134   0x00000020   Code   RO         2109    i.__0printf$8       mc_w.l(printf8.o)
    0x08002154   0x08002154   0x00000028   Code   RO         2111    i.__0sprintf$8      mc_w.l(printf8.o)
    0x0800217c   0x0800217c   0x0000000e   Code   RO         2204    i.__scatterload_copy  mc_w.l(handlers.o)
    0x0800218a   0x0800218a   0x00000002   Code   RO         2205    i.__scatterload_null  mc_w.l(handlers.o)
    0x0800218c   0x0800218c   0x0000000e   Code   RO         2206    i.__scatterload_zeroinit  mc_w.l(handlers.o)
    0x0800219a   0x0800219a   0x00000002   PAD
    0x0800219c   0x0800219c   0x00000410   Code   RO         2116    i._printf_core      mc_w.l(printf8.o)
    0x080025ac   0x080025ac   0x00000024   Code   RO         2117    i._printf_post_padding  mc_w.l(printf8.o)
    0x080025d0   0x080025d0   0x0000002e   Code   RO         2118    i._printf_pre_padding  mc_w.l(printf8.o)
    0x080025fe   0x080025fe   0x0000000a   Code   RO         2120    i._sputc            mc_w.l(printf8.o)
    0x08002608   0x08002608   0x0000002c   Code   RO         1822    i.add               calc.o
    0x08002634   0x08002634   0x00000028   Code   RO         1741    i.addDigit          stack.o
    0x0800265c   0x0800265c   0x00000004   Code   RO            1    i.assert_failed     assert.o
    0x08002660   0x08002660   0x00000028   Code   RO         1742    i.clear             stack.o
    0x08002688   0x08002688   0x00000070   Code   RO         1823    i.div               calc.o
    0x080026f8   0x080026f8   0x0000002c   Code   RO         1743    i.duplicate         stack.o
    0x08002724   0x08002724   0x0000002a   Code   RO         1543    i.fputc             retarget.o
    0x0800274e   0x0800274e   0x00000002   PAD
    0x08002750   0x08002750   0x00000014   Code   RO         1744    i.getCurrentStack   stack.o
    0x08002764   0x08002764   0x00000070   Code   RO         1863    i.info              run.o
    0x080027d4   0x080027d4   0x0000000a   Code   RO         1719    i.main              main.o
    0x080027de   0x080027de   0x00000002   PAD
    0x080027e0   0x080027e0   0x00000028   Code   RO         1824    i.mul               calc.o
    0x08002808   0x08002808   0x00000058   Code   RO         1746    i.pop               stack.o
    0x08002860   0x08002860   0x00000048   Code   RO         1747    i.printFirst        stack.o
    0x080028a8   0x080028a8   0x0000004c   Code   RO         1748    i.printStack        stack.o
    0x080028f4   0x080028f4   0x0000004c   Code   RO         1749    i.push              stack.o
    0x08002940   0x08002940   0x000001f0   Code   RO         1864    i.run               run.o
    0x08002b30   0x08002b30   0x00000030   Code   RO         1750    i.setStack          stack.o
    0x08002b60   0x08002b60   0x0000002c   Code   RO         1825    i.sub               calc.o
    0x08002b8c   0x08002b8c   0x00000064   Code   RO         1751    i.swapPos           stack.o
    0x08002bf0   0x08002bf0   0x00000020   Data   RO         2202    Region$$Table       anon$$obj.o


    Execution Region RW_IRAM1 (Exec base: 0x20000000, Load base: 0x08002c10, Size: 0x000013a0, Max: 0x00020000, ABSOLUTE)

    Exec Addr    Load Addr    Size         Type   Attr      Idx    E Section Name        Object

    0x20000000   0x08002c10   0x00000008   Data   RW          448    .data               ti_lib.o
    0x20000008   0x08002c18   0x00000010   Data   RW         1157    .data               stm32f4xx_rcc.o
    0x20000018   0x08002c28   0x00000014   Data   RW         1504    .data               system_stm32f4xx.o
    0x2000002c   0x08002c3c   0x00000008   Data   RW         1544    .data               retarget.o
    0x20000034   0x08002c44   0x00000004   Data   RW         1607    .data               usart.o
    0x20000038   0x08002c48   0x00000004   Data   RW         1753    .data               stack.o
    0x2000003c   0x08002c4c   0x00000004   Data   RW         1826    .data               calc.o
    0x20000040   0x08002c50   0x00000004   Data   RW         1866    .data               run.o
    0x20000044        -       0x00000106   Zero   RW          111    .bss                tft.o
    0x2000014a   0x08002c54   0x00000002   PAD
    0x2000014c        -       0x00000210   Zero   RW         1606    .bss                usart.o
    0x2000035c        -       0x00000020   Zero   RW         1752    .bss                stack.o
    0x2000037c        -       0x0000001e   Zero   RW         1865    .bss                run.o
    0x2000039a   0x08002c54   0x00000006   PAD
    0x200003a0        -       0x00001000   Zero   RW         1492    STACK               startup_stm32f4xx.o


==============================================================================

Image component sizes


      Code (inc. data)   RO Data    RW Data    ZI Data      Debug   Object Name

         4          0          0          0          0       5228   assert.o
       240         52          0          4          0       1826   calc.o
      1808        140          0          0          0       1791   keypad.o
        10          0          0          0          0        427   main.o
       304         86          0          0          0     210655   misc.o
        42          0          0          8          0       2422   retarget.o
       608         32          0          4         30       1975   run.o
       604        146          0          4         32       5333   stack.o
        52         14        392          0       4096        828   startup_stm32f4xx.o
         0          0          0          0          0      12824   stm32f4xx_dma.o
       836        156          0          0          0       8371   stm32f4xx_gpio.o
       472        118          0         16          0       3846   stm32f4xx_rcc.o
       844        198          0          0          0       8798   stm32f4xx_usart.o
       532         54          0         20          0       2441   system_stm32f4xx.o
      1784         34          0          0        262     227258   tft.o
       656         42          0          0          0      28284   ti_board_io.o
       102         12          0          8          0       2342   ti_lib.o
       480         52          0          4        528       5465   usart.o

    ----------------------------------------------------------------------
      9388       1136        424         68       4956     530114   Object Totals
         0          0         32          0          0          0   (incl. Generated)
        10          0          0          0          8          0   (incl. Padding)

    ----------------------------------------------------------------------

      Code (inc. data)   RO Data    RW Data    ZI Data      Debug   Library Member Name

         0          0          0          0          0          0   entry.o
         0          0          0          0          0          0   entry10a.o
         0          0          0          0          0          0   entry11a.o
         8          4          0          0          0          0   entry2.o
         4          0          0          0          0          0   entry5.o
         0          0          0          0          0          0   entry7b.o
         0          0          0          0          0          0   entry8b.o
         8          4          0          0          0          0   entry9a.o
        30          0          0          0          0          0   handlers.o
        36          8          0          0          0         68   init.o
        30          0          0          0          0         68   llshl.o
        32          0          0          0          0         68   llushr.o
      1204         60          0          0          0        504   printf8.o
        14          0          0          0          0         68   strlen.o
        98          0          0          0          0         92   uldiv.o

    ----------------------------------------------------------------------
      1468         76          0          0          0        868   Library Totals
         4          0          0          0          0          0   (incl. Padding)

    ----------------------------------------------------------------------

      Code (inc. data)   RO Data    RW Data    ZI Data      Debug   Library Name

      1464         76          0          0          0        868   mc_w.l

    ----------------------------------------------------------------------
      1468         76          0          0          0        868   Library Totals

    ----------------------------------------------------------------------

==============================================================================


      Code (inc. data)   RO Data    RW Data    ZI Data      Debug   

     10856       1212        424         68       4956     524722   Grand Totals
     10856       1212        424         68       4956     524722   ELF Image Totals
     10856       1212        424         68          0          0   ROM Totals

==============================================================================

    Total RO  Size (Code + RO Data)                11280 (  11.02kB)
    Total RW  Size (RW Data + ZI Data)              5024 (   4.91kB)
    Total ROM Size (Code + RO Data + RW Data)      11348 (  11.08kB)

==============================================================================

