Component: ARM Compiler 5.06 update 4 (build 422) Tool: armlink [4d35d2]

==============================================================================

Section Cross References

    keypad.o(i.Clear_Line) refers to tft.o(i.TFT_set_window) for TFT_set_window
    keypad.o(i.Clear_Line) refers to tft.o(i.TFT_cls) for TFT_cls
    keypad.o(i.Display_value) refers to tft.o(i.TFT_set_window) for TFT_set_window
    keypad.o(i.Display_value) refers to printf8.o(i.__0snprintf$8) for __2snprintf
    keypad.o(i.Display_value) refers to tft.o(i.TFT_cls) for TFT_cls
    keypad.o(i.Display_value) refers to tft.o(i.TFT_putc) for TFT_putc
    keypad.o(i.Get_Touch_Pad_Input) refers to tft.o(i.TFT_get_data) for TFT_get_data
    keypad.o(i.Get_Touch_Pad_Input) refers to printf8.o(i.__0printf$8) for __2printf
    keypad.o(i.Make_Touch_Pad) refers to tft.o(i.TFT_Init) for TFT_Init
    keypad.o(i.Make_Touch_Pad) refers to tft.o(i.TFT_cursor_off) for TFT_cursor_off
    keypad.o(i.Make_Touch_Pad) refers to tft.o(i.TFT_graphic_cls) for TFT_graphic_cls
    keypad.o(i.Make_Touch_Pad) refers to tft.o(i.TFT_touch_area_clear) for TFT_touch_area_clear
    keypad.o(i.Make_Touch_Pad) refers to tft.o(i.TFT_set_font_color) for TFT_set_font_color
    keypad.o(i.Make_Touch_Pad) refers to tft.o(i.TFT_set_window) for TFT_set_window
    keypad.o(i.Make_Touch_Pad) refers to tft.o(i.TFT_terminal_on) for TFT_terminal_on
    keypad.o(i.Make_Touch_Pad) refers to tft.o(i.TFT_touch_area_font_color) for TFT_touch_area_font_color
    keypad.o(i.Make_Touch_Pad) refers to tft.o(i.TFT_touch_area_font) for TFT_touch_area_font
    keypad.o(i.Make_Touch_Pad) refers to tft.o(i.TFT_touch_area_frame) for TFT_touch_area_frame
    keypad.o(i.Make_Touch_Pad) refers to tft.o(i.TFT_touch_area_color) for TFT_touch_area_color
    keypad.o(i.Make_Touch_Pad) refers to tft.o(i.TFT_touch_area) for TFT_touch_area
    tft.o(i.TFT_Init) refers to tft.o(i.TFT_terminal_on) for TFT_terminal_on
    tft.o(i.TFT_Init) refers to tft.o(i.TFT_cls) for TFT_cls
    tft.o(i.TFT_Init) refers to tft.o(i.TFT_touch_key_feedback) for TFT_touch_key_feedback
    tft.o(i.TFT_bargraph_color) refers to tft.o(i.TFT_send_data) for TFT_send_data
    tft.o(i.TFT_bargraph_define) refers to tft.o(i.TFT_send_data) for TFT_send_data
    tft.o(i.TFT_bargraph_fill_pattern) refers to tft.o(i.TFT_send_data) for TFT_send_data
    tft.o(i.TFT_bargraph_frame) refers to tft.o(i.TFT_send_data) for TFT_send_data
    tft.o(i.TFT_bargraph_value) refers to tft.o(i.TFT_send_data) for TFT_send_data
    tft.o(i.TFT_bigString) refers to tft.o(i.TFT_set_font) for TFT_set_font
    tft.o(i.TFT_bigString) refers to tft.o(i.TFT_send_data) for TFT_send_data
    tft.o(i.TFT_bigText) refers to tft.o(i.TFT_set_font) for TFT_set_font
    tft.o(i.TFT_bigText) refers to tft.o(i.TFT_send_data) for TFT_send_data
    tft.o(i.TFT_buzzer_off) refers to tft.o(i.TFT_send_data) for TFT_send_data
    tft.o(i.TFT_buzzer_on) refers to tft.o(i.TFT_send_data) for TFT_send_data
    tft.o(i.TFT_carriage_return) refers to tft.o(i.TFT_putc) for TFT_putc
    tft.o(i.TFT_cls) refers to tft.o(i.TFT_putc) for TFT_putc
    tft.o(i.TFT_cursor_off) refers to tft.o(i.TFT_send_data) for TFT_send_data
    tft.o(i.TFT_cursor_on) refers to tft.o(i.TFT_send_data) for TFT_send_data
    tft.o(i.TFT_draw_line) refers to tft.o(i.TFT_send_data) for TFT_send_data
    tft.o(i.TFT_draw_rectangle) refers to tft.o(i.TFT_send_data) for TFT_send_data
    tft.o(i.TFT_getProtocolSettings) refers to memseta.o(.text) for __aeabi_memclr4
    tft.o(i.TFT_getProtocolSettings) refers to memcpya.o(.text) for __aeabi_memcpy4
    tft.o(i.TFT_get_dat) refers to ti_lib.o(i.Delay) for Delay
    tft.o(i.TFT_get_data) refers to tft.o(i.TFT_get_dat) for TFT_get_dat
    tft.o(i.TFT_gotoxy) refers to tft.o(i.TFT_send_data) for TFT_send_data
    tft.o(i.TFT_graphic_cls) refers to tft.o(i.TFT_send_data) for TFT_send_data
    tft.o(i.TFT_graphic_puts) refers to tft.o(i.TFT_send_data) for TFT_send_data
    tft.o(i.TFT_graphic_puts_area) refers to tft.o(i.TFT_send_data) for TFT_send_data
    tft.o(i.TFT_graphic_set_point) refers to tft.o(i.TFT_send_data) for TFT_send_data
    tft.o(i.TFT_line_color) refers to tft.o(i.TFT_send_data) for TFT_send_data
    tft.o(i.TFT_newline) refers to tft.o(i.TFT_putc) for TFT_putc
    tft.o(i.TFT_putc) refers to tft.o(i.TFT_send_data) for TFT_send_data
    tft.o(i.TFT_puts) refers to strlen.o(.text) for strlen
    tft.o(i.TFT_puts) refers to tft.o(i.TFT_send_data) for TFT_send_data
    tft.o(i.TFT_set_brightness) refers to tft.o(i.TFT_send_data) for TFT_send_data
    tft.o(i.TFT_set_font) refers to tft.o(i.TFT_send_data) for TFT_send_data
    tft.o(i.TFT_set_font_color) refers to tft.o(i.TFT_send_data) for TFT_send_data
    tft.o(i.TFT_set_graphic_color) refers to tft.o(i.TFT_send_data) for TFT_send_data
    tft.o(i.TFT_set_graphic_text_color) refers to tft.o(i.TFT_send_data) for TFT_send_data
    tft.o(i.TFT_set_graphic_text_font) refers to tft.o(i.TFT_send_data) for TFT_send_data
    tft.o(i.TFT_set_pixel_color) refers to tft.o(i.TFT_send_data) for TFT_send_data
    tft.o(i.TFT_set_window) refers to tft.o(i.TFT_send_data) for TFT_send_data
    tft.o(i.TFT_terminal_off) refers to tft.o(i.TFT_send_data) for TFT_send_data
    tft.o(i.TFT_terminal_on) refers to tft.o(i.TFT_send_data) for TFT_send_data
    tft.o(i.TFT_touch_area) refers to tft.o(i.TFT_send_data) for TFT_send_data
    tft.o(i.TFT_touch_area) refers to tft.o(.bss) for cmd
    tft.o(i.TFT_touch_area_clear) refers to tft.o(i.TFT_send_data) for TFT_send_data
    tft.o(i.TFT_touch_area_color) refers to tft.o(i.TFT_send_data) for TFT_send_data
    tft.o(i.TFT_touch_area_font) refers to tft.o(i.TFT_send_data) for TFT_send_data
    tft.o(i.TFT_touch_area_font_color) refers to tft.o(i.TFT_send_data) for TFT_send_data
    tft.o(i.TFT_touch_area_frame) refers to tft.o(i.TFT_send_data) for TFT_send_data
    tft.o(i.TFT_touch_key_feedback) refers to tft.o(i.TFT_send_data) for TFT_send_data
    ti_lib.o(i.Delay) refers to ti_lib.o(.data) for TimingDelay
    ti_lib.o(i.Init_TI_Board) refers to sim_board_io.o(i.Init_System_Clock) for Init_System_Clock
    ti_lib.o(i.Init_TI_Board) refers to sim_board_io.o(i.Init_IO) for Init_IO
    ti_lib.o(i.Init_TI_Board) refers to sim_board_io.o(i.Init_SPI) for Init_SPI
    ti_lib.o(i.Init_TI_Board) refers to serial.o(i.SER_Init) for SER_Init
    ti_lib.o(i.Init_TI_Board) refers to tft.o(i.TFT_Init) for TFT_Init
    ti_lib.o(i.Init_TI_Board) refers to ti_lib.o(i.Delay) for Delay
    ti_lib.o(i.SysTick_Handler) refers to ti_lib.o(i.TimingDelay_Decrement) for TimingDelay_Decrement
    ti_lib.o(i.TimingDelay_Decrement) refers to ti_lib.o(.data) for TimingDelay
    ti_lib.o(i.get_uptime) refers to ti_lib.o(.data) for uptime
    system_stm32f10x.o(i.SetSysClock) refers to system_stm32f10x.o(i.SetSysClockTo72) for SetSysClockTo72
    system_stm32f10x.o(i.SystemCoreClockUpdate) refers to system_stm32f10x.o(.data) for SystemCoreClock
    system_stm32f10x.o(i.SystemInit) refers to system_stm32f10x.o(i.SetSysClock) for SetSysClock
    startup_stm32f10x_md.o(RESET) refers to startup_stm32f10x_md.o(STACK) for __initial_sp
    startup_stm32f10x_md.o(RESET) refers to startup_stm32f10x_md.o(.text) for Reset_Handler
    startup_stm32f10x_md.o(RESET) refers to ti_lib.o(i.SysTick_Handler) for SysTick_Handler
    startup_stm32f10x_md.o(.text) refers to system_stm32f10x.o(i.SystemInit) for SystemInit
    startup_stm32f10x_md.o(.text) refers to entry.o(.ARM.Collect$$$$00000000) for __main
    retarget.o(i._ttywrch) refers to serial.o(i.SER_PutChar) for SER_PutChar
    retarget.o(i.fgetc) refers to serial.o(i.SER_GetChar) for SER_GetChar
    retarget.o(i.fgetc) refers to serial.o(i.SER_PutChar) for SER_PutChar
    retarget.o(i.fputc) refers to serial.o(i.SER_PutChar) for SER_PutChar
    getline.o(i.getline) refers to serial.o(i.SER_GetChar) for SER_GetChar
    getline.o(i.getline) refers to putc.o(i.putc) for putc
    getline.o(i.getline) refers to retarget.o(.data) for __stdout
    sim_board_io.o(i.Init_System_Clock) refers to system_stm32f10x.o(i.SystemCoreClockUpdate) for SystemCoreClockUpdate
    sim_board_io.o(i.Init_System_Clock) refers to system_stm32f10x.o(.data) for SystemCoreClock
    main.o(i.calculate) refers to calc.o(i.add) for add
    main.o(i.calculate) refers to calc.o(i.sub) for sub
    main.o(i.calculate) refers to calc.o(i.mul) for mul
    main.o(i.calculate) refers to calc.o(i.div) for div
    main.o(i.main) refers to run.o(i.run) for run
    stack.o(i.addDigit) refers to stack.o(.bss) for stack
    stack.o(i.addDigit) refers to stack.o(.data) for pointer
    stack.o(i.clear) refers to stack.o(.bss) for stack
    stack.o(i.clear) refers to stack.o(.data) for pointer
    stack.o(i.duplicate) refers to stack.o(i.push) for push
    stack.o(i.duplicate) refers to stack.o(.data) for pointer
    stack.o(i.duplicate) refers to stack.o(.bss) for stack
    stack.o(i.getCurrentStack) refers to stack.o(.bss) for stack
    stack.o(i.getCurrentStack) refers to stack.o(.data) for pointer
    stack.o(i.getPointer) refers to stack.o(.data) for pointer
    stack.o(i.pop) refers to tft.o(i.TFT_gotoxy) for TFT_gotoxy
    stack.o(i.pop) refers to tft.o(i.TFT_puts) for TFT_puts
    stack.o(i.pop) refers to stack.o(.bss) for stack
    stack.o(i.pop) refers to stack.o(.data) for pointer
    stack.o(i.printFirst) refers to tft.o(i.TFT_gotoxy) for TFT_gotoxy
    stack.o(i.printFirst) refers to stack.o(i.getCurrentStack) for getCurrentStack
    stack.o(i.printFirst) refers to printf8.o(i.__0sprintf$8) for __2sprintf
    stack.o(i.printFirst) refers to tft.o(i.TFT_puts) for TFT_puts
    stack.o(i.printStack) refers to tft.o(i.TFT_gotoxy) for TFT_gotoxy
    stack.o(i.printStack) refers to tft.o(i.TFT_puts) for TFT_puts
    stack.o(i.printStack) refers to printf8.o(i.__0sprintf$8) for __2sprintf
    stack.o(i.printStack) refers to stack.o(.bss) for stack
    stack.o(i.push) refers to tft.o(i.TFT_gotoxy) for TFT_gotoxy
    stack.o(i.push) refers to tft.o(i.TFT_puts) for TFT_puts
    stack.o(i.push) refers to stack.o(.data) for pointer
    stack.o(i.push) refers to stack.o(.bss) for stack
    stack.o(i.setStack) refers to ffixi.o(.text) for __aeabi_f2iz
    stack.o(i.setStack) refers to stack.o(.bss) for stack
    stack.o(i.setStack) refers to stack.o(.data) for pointer
    stack.o(i.swapPos) refers to tft.o(i.TFT_gotoxy) for TFT_gotoxy
    stack.o(i.swapPos) refers to tft.o(i.TFT_puts) for TFT_puts
    stack.o(i.swapPos) refers to stack.o(.data) for pointer
    stack.o(i.swapPos) refers to stack.o(.bss) for stack
    calc.o(i.add) refers to stack.o(i.pop) for pop
    calc.o(i.add) refers to stack.o(i.getCurrentStack) for getCurrentStack
    calc.o(i.add) refers to fflti.o(.text) for __aeabi_i2f
    calc.o(i.add) refers to stack.o(i.setStack) for setStack
    calc.o(i.add) refers to stack.o(i.push) for push
    calc.o(i.add) refers to calc.o(.data) for val
    calc.o(i.div) refers to stack.o(i.pop) for pop
    calc.o(i.div) refers to stack.o(i.getCurrentStack) for getCurrentStack
    calc.o(i.div) refers to fflti.o(.text) for __aeabi_i2f
    calc.o(i.div) refers to stack.o(i.setStack) for setStack
    calc.o(i.div) refers to stack.o(i.push) for push
    calc.o(i.div) refers to calc.o(.data) for val
    calc.o(i.mul) refers to stack.o(i.pop) for pop
    calc.o(i.mul) refers to stack.o(i.getCurrentStack) for getCurrentStack
    calc.o(i.mul) refers to fflti.o(.text) for __aeabi_i2f
    calc.o(i.mul) refers to stack.o(i.setStack) for setStack
    calc.o(i.mul) refers to stack.o(i.push) for push
    calc.o(i.mul) refers to calc.o(.data) for val
    calc.o(i.sub) refers to stack.o(i.pop) for pop
    calc.o(i.sub) refers to stack.o(i.getCurrentStack) for getCurrentStack
    calc.o(i.sub) refers to fflti.o(.text) for __aeabi_i2f
    calc.o(i.sub) refers to stack.o(i.setStack) for setStack
    calc.o(i.sub) refers to stack.o(i.push) for push
    calc.o(i.sub) refers to calc.o(.data) for val
    run.o(i.info) refers to tft.o(i.TFT_gotoxy) for TFT_gotoxy
    run.o(i.info) refers to tft.o(i.TFT_puts) for TFT_puts
    run.o(i.info) refers to run.o(.data) for incounter
    run.o(i.info) refers to run.o(.bss) for input
    run.o(i.run) refers to ti_lib.o(i.Init_TI_Board) for Init_TI_Board
    run.o(i.run) refers to tft.o(i.TFT_Init) for TFT_Init
    run.o(i.run) refers to keypad.o(i.Make_Touch_Pad) for Make_Touch_Pad
    run.o(i.run) refers to tft.o(i.TFT_set_window) for TFT_set_window
    run.o(i.run) refers to tft.o(i.TFT_puts) for TFT_puts
    run.o(i.run) refers to keypad.o(i.Get_Touch_Pad_Input) for Get_Touch_Pad_Input
    run.o(i.run) refers to stack.o(i.addDigit) for addDigit
    run.o(i.run) refers to tft.o(i.TFT_gotoxy) for TFT_gotoxy
    run.o(i.run) refers to run.o(i.info) for info
    run.o(i.run) refers to calc.o(i.add) for add
    run.o(i.run) refers to calc.o(i.sub) for sub
    run.o(i.run) refers to calc.o(i.mul) for mul
    run.o(i.run) refers to calc.o(i.div) for div
    run.o(i.run) refers to stack.o(i.push) for push
    run.o(i.run) refers to stack.o(i.clear) for clear
    run.o(i.run) refers to stack.o(i.printStack) for printStack
    run.o(i.run) refers to stack.o(i.swapPos) for swapPos
    run.o(i.run) refers to stack.o(i.duplicate) for duplicate
    run.o(i.run) refers to stack.o(i.printFirst) for printFirst
    entry.o(.ARM.Collect$$$$00000000) refers (Special) to entry10a.o(.ARM.Collect$$$$0000000D) for __rt_final_cpp
    entry.o(.ARM.Collect$$$$00000000) refers (Special) to entry11a.o(.ARM.Collect$$$$0000000F) for __rt_final_exit
    entry.o(.ARM.Collect$$$$00000000) refers (Special) to entry7b.o(.ARM.Collect$$$$00000008) for _main_clock
    entry.o(.ARM.Collect$$$$00000000) refers (Special) to entry8b.o(.ARM.Collect$$$$0000000A) for _main_cpp_init
    entry.o(.ARM.Collect$$$$00000000) refers (Special) to entry9a.o(.ARM.Collect$$$$0000000B) for _main_init
    entry.o(.ARM.Collect$$$$00000000) refers (Special) to entry5.o(.ARM.Collect$$$$00000004) for _main_scatterload
    entry.o(.ARM.Collect$$$$00000000) refers (Special) to entry2.o(.ARM.Collect$$$$00000001) for _main_stk
    putc.o(i.putc) refers to retarget.o(i.fputc) for fputc
    printfb.o(i.__0fprintf$bare) refers to printfb.o(i._printf_core) for _printf_core
    printfb.o(i.__0fprintf$bare) refers to retarget.o(i.fputc) for fputc
    printfb.o(i.__0printf$bare) refers to printfb.o(i._printf_core) for _printf_core
    printfb.o(i.__0printf$bare) refers to retarget.o(i.fputc) for fputc
    printfb.o(i.__0printf$bare) refers to retarget.o(.data) for __stdout
    printfb.o(i.__0snprintf$bare) refers to printfb.o(i._printf_core) for _printf_core
    printfb.o(i.__0snprintf$bare) refers to printfb.o(i._snputc) for _snputc
    printfb.o(i.__0sprintf$bare) refers to printfb.o(i._printf_core) for _printf_core
    printfb.o(i.__0sprintf$bare) refers to printfb.o(i._sputc) for _sputc
    printfb.o(i.__0vfprintf$bare) refers to printfb.o(i._printf_core) for _printf_core
    printfb.o(i.__0vfprintf$bare) refers to retarget.o(i.fputc) for fputc
    printfb.o(i.__0vprintf$bare) refers to printfb.o(i._printf_core) for _printf_core
    printfb.o(i.__0vprintf$bare) refers to retarget.o(i.fputc) for fputc
    printfb.o(i.__0vprintf$bare) refers to retarget.o(.data) for __stdout
    printfb.o(i.__0vsnprintf$bare) refers to printfb.o(i._printf_core) for _printf_core
    printfb.o(i.__0vsnprintf$bare) refers to printfb.o(i._snputc) for _snputc
    printfb.o(i.__0vsprintf$bare) refers to printfb.o(i._printf_core) for _printf_core
    printfb.o(i.__0vsprintf$bare) refers to printfb.o(i._sputc) for _sputc
    printf0.o(i.__0fprintf$0) refers to printf0.o(i._printf_core) for _printf_core
    printf0.o(i.__0fprintf$0) refers to retarget.o(i.fputc) for fputc
    printf0.o(i.__0printf$0) refers to printf0.o(i._printf_core) for _printf_core
    printf0.o(i.__0printf$0) refers to retarget.o(i.fputc) for fputc
    printf0.o(i.__0printf$0) refers to retarget.o(.data) for __stdout
    printf0.o(i.__0snprintf$0) refers to printf0.o(i._printf_core) for _printf_core
    printf0.o(i.__0snprintf$0) refers to printf0.o(i._snputc) for _snputc
    printf0.o(i.__0sprintf$0) refers to printf0.o(i._printf_core) for _printf_core
    printf0.o(i.__0sprintf$0) refers to printf0.o(i._sputc) for _sputc
    printf0.o(i.__0vfprintf$0) refers to printf0.o(i._printf_core) for _printf_core
    printf0.o(i.__0vfprintf$0) refers to retarget.o(i.fputc) for fputc
    printf0.o(i.__0vprintf$0) refers to printf0.o(i._printf_core) for _printf_core
    printf0.o(i.__0vprintf$0) refers to retarget.o(i.fputc) for fputc
    printf0.o(i.__0vprintf$0) refers to retarget.o(.data) for __stdout
    printf0.o(i.__0vsnprintf$0) refers to printf0.o(i._printf_core) for _printf_core
    printf0.o(i.__0vsnprintf$0) refers to printf0.o(i._snputc) for _snputc
    printf0.o(i.__0vsprintf$0) refers to printf0.o(i._printf_core) for _printf_core
    printf0.o(i.__0vsprintf$0) refers to printf0.o(i._sputc) for _sputc
    printf1.o(i.__0fprintf$1) refers to printf1.o(i._printf_core) for _printf_core
    printf1.o(i.__0fprintf$1) refers to retarget.o(i.fputc) for fputc
    printf1.o(i.__0printf$1) refers to printf1.o(i._printf_core) for _printf_core
    printf1.o(i.__0printf$1) refers to retarget.o(i.fputc) for fputc
    printf1.o(i.__0printf$1) refers to retarget.o(.data) for __stdout
    printf1.o(i.__0snprintf$1) refers to printf1.o(i._printf_core) for _printf_core
    printf1.o(i.__0snprintf$1) refers to printf1.o(i._snputc) for _snputc
    printf1.o(i.__0sprintf$1) refers to printf1.o(i._printf_core) for _printf_core
    printf1.o(i.__0sprintf$1) refers to printf1.o(i._sputc) for _sputc
    printf1.o(i.__0vfprintf$1) refers to printf1.o(i._printf_core) for _printf_core
    printf1.o(i.__0vfprintf$1) refers to retarget.o(i.fputc) for fputc
    printf1.o(i.__0vprintf$1) refers to printf1.o(i._printf_core) for _printf_core
    printf1.o(i.__0vprintf$1) refers to retarget.o(i.fputc) for fputc
    printf1.o(i.__0vprintf$1) refers to retarget.o(.data) for __stdout
    printf1.o(i.__0vsnprintf$1) refers to printf1.o(i._printf_core) for _printf_core
    printf1.o(i.__0vsnprintf$1) refers to printf1.o(i._snputc) for _snputc
    printf1.o(i.__0vsprintf$1) refers to printf1.o(i._printf_core) for _printf_core
    printf1.o(i.__0vsprintf$1) refers to printf1.o(i._sputc) for _sputc
    printf1.o(i._printf_core) refers to uidiv.o(.text) for __aeabi_uidivmod
    printf2.o(i.__0fprintf$2) refers to printf2.o(i._printf_core) for _printf_core
    printf2.o(i.__0fprintf$2) refers to retarget.o(i.fputc) for fputc
    printf2.o(i.__0printf$2) refers to printf2.o(i._printf_core) for _printf_core
    printf2.o(i.__0printf$2) refers to retarget.o(i.fputc) for fputc
    printf2.o(i.__0printf$2) refers to retarget.o(.data) for __stdout
    printf2.o(i.__0snprintf$2) refers to printf2.o(i._printf_core) for _printf_core
    printf2.o(i.__0snprintf$2) refers to printf2.o(i._snputc) for _snputc
    printf2.o(i.__0sprintf$2) refers to printf2.o(i._printf_core) for _printf_core
    printf2.o(i.__0sprintf$2) refers to printf2.o(i._sputc) for _sputc
    printf2.o(i.__0vfprintf$2) refers to printf2.o(i._printf_core) for _printf_core
    printf2.o(i.__0vfprintf$2) refers to retarget.o(i.fputc) for fputc
    printf2.o(i.__0vprintf$2) refers to printf2.o(i._printf_core) for _printf_core
    printf2.o(i.__0vprintf$2) refers to retarget.o(i.fputc) for fputc
    printf2.o(i.__0vprintf$2) refers to retarget.o(.data) for __stdout
    printf2.o(i.__0vsnprintf$2) refers to printf2.o(i._printf_core) for _printf_core
    printf2.o(i.__0vsnprintf$2) refers to printf2.o(i._snputc) for _snputc
    printf2.o(i.__0vsprintf$2) refers to printf2.o(i._printf_core) for _printf_core
    printf2.o(i.__0vsprintf$2) refers to printf2.o(i._sputc) for _sputc
    printf3.o(i.__0fprintf$3) refers to printf3.o(i._printf_core) for _printf_core
    printf3.o(i.__0fprintf$3) refers to retarget.o(i.fputc) for fputc
    printf3.o(i.__0printf$3) refers to printf3.o(i._printf_core) for _printf_core
    printf3.o(i.__0printf$3) refers to retarget.o(i.fputc) for fputc
    printf3.o(i.__0printf$3) refers to retarget.o(.data) for __stdout
    printf3.o(i.__0snprintf$3) refers to printf3.o(i._printf_core) for _printf_core
    printf3.o(i.__0snprintf$3) refers to printf3.o(i._snputc) for _snputc
    printf3.o(i.__0sprintf$3) refers to printf3.o(i._printf_core) for _printf_core
    printf3.o(i.__0sprintf$3) refers to printf3.o(i._sputc) for _sputc
    printf3.o(i.__0vfprintf$3) refers to printf3.o(i._printf_core) for _printf_core
    printf3.o(i.__0vfprintf$3) refers to retarget.o(i.fputc) for fputc
    printf3.o(i.__0vprintf$3) refers to printf3.o(i._printf_core) for _printf_core
    printf3.o(i.__0vprintf$3) refers to retarget.o(i.fputc) for fputc
    printf3.o(i.__0vprintf$3) refers to retarget.o(.data) for __stdout
    printf3.o(i.__0vsnprintf$3) refers to printf3.o(i._printf_core) for _printf_core
    printf3.o(i.__0vsnprintf$3) refers to printf3.o(i._snputc) for _snputc
    printf3.o(i.__0vsprintf$3) refers to printf3.o(i._printf_core) for _printf_core
    printf3.o(i.__0vsprintf$3) refers to printf3.o(i._sputc) for _sputc
    printf3.o(i._printf_core) refers to uidiv.o(.text) for __aeabi_uidivmod
    printf4.o(i.__0fprintf$4) refers to printf4.o(i._printf_core) for _printf_core
    printf4.o(i.__0fprintf$4) refers to retarget.o(i.fputc) for fputc
    printf4.o(i.__0printf$4) refers to printf4.o(i._printf_core) for _printf_core
    printf4.o(i.__0printf$4) refers to retarget.o(i.fputc) for fputc
    printf4.o(i.__0printf$4) refers to retarget.o(.data) for __stdout
    printf4.o(i.__0snprintf$4) refers to printf4.o(i._printf_core) for _printf_core
    printf4.o(i.__0snprintf$4) refers to printf4.o(i._snputc) for _snputc
    printf4.o(i.__0sprintf$4) refers to printf4.o(i._printf_core) for _printf_core
    printf4.o(i.__0sprintf$4) refers to printf4.o(i._sputc) for _sputc
    printf4.o(i.__0vfprintf$4) refers to printf4.o(i._printf_core) for _printf_core
    printf4.o(i.__0vfprintf$4) refers to retarget.o(i.fputc) for fputc
    printf4.o(i.__0vprintf$4) refers to printf4.o(i._printf_core) for _printf_core
    printf4.o(i.__0vprintf$4) refers to retarget.o(i.fputc) for fputc
    printf4.o(i.__0vprintf$4) refers to retarget.o(.data) for __stdout
    printf4.o(i.__0vsnprintf$4) refers to printf4.o(i._printf_core) for _printf_core
    printf4.o(i.__0vsnprintf$4) refers to printf4.o(i._snputc) for _snputc
    printf4.o(i.__0vsprintf$4) refers to printf4.o(i._printf_core) for _printf_core
    printf4.o(i.__0vsprintf$4) refers to printf4.o(i._sputc) for _sputc
    printf4.o(i._printf_core) refers to uldiv.o(.text) for __aeabi_uldivmod
    printf5.o(i.__0fprintf$5) refers to printf5.o(i._printf_core) for _printf_core
    printf5.o(i.__0fprintf$5) refers to retarget.o(i.fputc) for fputc
    printf5.o(i.__0printf$5) refers to printf5.o(i._printf_core) for _printf_core
    printf5.o(i.__0printf$5) refers to retarget.o(i.fputc) for fputc
    printf5.o(i.__0printf$5) refers to retarget.o(.data) for __stdout
    printf5.o(i.__0snprintf$5) refers to printf5.o(i._printf_core) for _printf_core
    printf5.o(i.__0snprintf$5) refers to printf5.o(i._snputc) for _snputc
    printf5.o(i.__0sprintf$5) refers to printf5.o(i._printf_core) for _printf_core
    printf5.o(i.__0sprintf$5) refers to printf5.o(i._sputc) for _sputc
    printf5.o(i.__0vfprintf$5) refers to printf5.o(i._printf_core) for _printf_core
    printf5.o(i.__0vfprintf$5) refers to retarget.o(i.fputc) for fputc
    printf5.o(i.__0vprintf$5) refers to printf5.o(i._printf_core) for _printf_core
    printf5.o(i.__0vprintf$5) refers to retarget.o(i.fputc) for fputc
    printf5.o(i.__0vprintf$5) refers to retarget.o(.data) for __stdout
    printf5.o(i.__0vsnprintf$5) refers to printf5.o(i._printf_core) for _printf_core
    printf5.o(i.__0vsnprintf$5) refers to printf5.o(i._snputc) for _snputc
    printf5.o(i.__0vsprintf$5) refers to printf5.o(i._printf_core) for _printf_core
    printf5.o(i.__0vsprintf$5) refers to printf5.o(i._sputc) for _sputc
    printf5.o(i._printf_core) refers to uldiv.o(.text) for __aeabi_uldivmod
    printf6.o(i.__0fprintf$6) refers to printf6.o(i._printf_core) for _printf_core
    printf6.o(i.__0fprintf$6) refers to retarget.o(i.fputc) for fputc
    printf6.o(i.__0printf$6) refers to printf6.o(i._printf_core) for _printf_core
    printf6.o(i.__0printf$6) refers to retarget.o(i.fputc) for fputc
    printf6.o(i.__0printf$6) refers to retarget.o(.data) for __stdout
    printf6.o(i.__0snprintf$6) refers to printf6.o(i._printf_core) for _printf_core
    printf6.o(i.__0snprintf$6) refers to printf6.o(i._snputc) for _snputc
    printf6.o(i.__0sprintf$6) refers to printf6.o(i._printf_core) for _printf_core
    printf6.o(i.__0sprintf$6) refers to printf6.o(i._sputc) for _sputc
    printf6.o(i.__0vfprintf$6) refers to printf6.o(i._printf_core) for _printf_core
    printf6.o(i.__0vfprintf$6) refers to retarget.o(i.fputc) for fputc
    printf6.o(i.__0vprintf$6) refers to printf6.o(i._printf_core) for _printf_core
    printf6.o(i.__0vprintf$6) refers to retarget.o(i.fputc) for fputc
    printf6.o(i.__0vprintf$6) refers to retarget.o(.data) for __stdout
    printf6.o(i.__0vsnprintf$6) refers to printf6.o(i._printf_core) for _printf_core
    printf6.o(i.__0vsnprintf$6) refers to printf6.o(i._snputc) for _snputc
    printf6.o(i.__0vsprintf$6) refers to printf6.o(i._printf_core) for _printf_core
    printf6.o(i.__0vsprintf$6) refers to printf6.o(i._sputc) for _sputc
    printf6.o(i._printf_core) refers to printf6.o(i._printf_pre_padding) for _printf_pre_padding
    printf6.o(i._printf_core) refers to uidiv.o(.text) for __aeabi_uidivmod
    printf6.o(i._printf_core) refers to printf6.o(i._printf_post_padding) for _printf_post_padding
    printf7.o(i.__0fprintf$7) refers to printf7.o(i._printf_core) for _printf_core
    printf7.o(i.__0fprintf$7) refers to retarget.o(i.fputc) for fputc
    printf7.o(i.__0printf$7) refers to printf7.o(i._printf_core) for _printf_core
    printf7.o(i.__0printf$7) refers to retarget.o(i.fputc) for fputc
    printf7.o(i.__0printf$7) refers to retarget.o(.data) for __stdout
    printf7.o(i.__0snprintf$7) refers to printf7.o(i._printf_core) for _printf_core
    printf7.o(i.__0snprintf$7) refers to printf7.o(i._snputc) for _snputc
    printf7.o(i.__0sprintf$7) refers to printf7.o(i._printf_core) for _printf_core
    printf7.o(i.__0sprintf$7) refers to printf7.o(i._sputc) for _sputc
    printf7.o(i.__0vfprintf$7) refers to printf7.o(i._printf_core) for _printf_core
    printf7.o(i.__0vfprintf$7) refers to retarget.o(i.fputc) for fputc
    printf7.o(i.__0vprintf$7) refers to printf7.o(i._printf_core) for _printf_core
    printf7.o(i.__0vprintf$7) refers to retarget.o(i.fputc) for fputc
    printf7.o(i.__0vprintf$7) refers to retarget.o(.data) for __stdout
    printf7.o(i.__0vsnprintf$7) refers to printf7.o(i._printf_core) for _printf_core
    printf7.o(i.__0vsnprintf$7) refers to printf7.o(i._snputc) for _snputc
    printf7.o(i.__0vsprintf$7) refers to printf7.o(i._printf_core) for _printf_core
    printf7.o(i.__0vsprintf$7) refers to printf7.o(i._sputc) for _sputc
    printf7.o(i._printf_core) refers to printf7.o(i._printf_pre_padding) for _printf_pre_padding
    printf7.o(i._printf_core) refers to uldiv.o(.text) for __aeabi_uldivmod
    printf7.o(i._printf_core) refers to printf7.o(i._printf_post_padding) for _printf_post_padding
    printf8.o(i.__0fprintf$8) refers to printf8.o(i._printf_core) for _printf_core
    printf8.o(i.__0fprintf$8) refers to retarget.o(i.fputc) for fputc
    printf8.o(i.__0printf$8) refers to printf8.o(i._printf_core) for _printf_core
    printf8.o(i.__0printf$8) refers to retarget.o(i.fputc) for fputc
    printf8.o(i.__0printf$8) refers to retarget.o(.data) for __stdout
    printf8.o(i.__0snprintf$8) refers to printf8.o(i._printf_core) for _printf_core
    printf8.o(i.__0snprintf$8) refers to printf8.o(i._snputc) for _snputc
    printf8.o(i.__0sprintf$8) refers to printf8.o(i._printf_core) for _printf_core
    printf8.o(i.__0sprintf$8) refers to printf8.o(i._sputc) for _sputc
    printf8.o(i.__0vfprintf$8) refers to printf8.o(i._printf_core) for _printf_core
    printf8.o(i.__0vfprintf$8) refers to retarget.o(i.fputc) for fputc
    printf8.o(i.__0vprintf$8) refers to printf8.o(i._printf_core) for _printf_core
    printf8.o(i.__0vprintf$8) refers to retarget.o(i.fputc) for fputc
    printf8.o(i.__0vprintf$8) refers to retarget.o(.data) for __stdout
    printf8.o(i.__0vsnprintf$8) refers to printf8.o(i._printf_core) for _printf_core
    printf8.o(i.__0vsnprintf$8) refers to printf8.o(i._snputc) for _snputc
    printf8.o(i.__0vsprintf$8) refers to printf8.o(i._printf_core) for _printf_core
    printf8.o(i.__0vsprintf$8) refers to printf8.o(i._sputc) for _sputc
    printf8.o(i._printf_core) refers to printf8.o(i._printf_pre_padding) for _printf_pre_padding
    printf8.o(i._printf_core) refers to uldiv.o(.text) for __aeabi_uldivmod
    printf8.o(i._printf_core) refers to printf8.o(i._printf_post_padding) for _printf_post_padding
    printfa.o(i.__0fprintf) refers (Special) to iusefp.o(.text) for __I$use$fp
    printfa.o(i.__0fprintf) refers to printfa.o(i._printf_core) for _printf_core
    printfa.o(i.__0fprintf) refers to retarget.o(i.fputc) for fputc
    printfa.o(i.__0printf) refers (Special) to iusefp.o(.text) for __I$use$fp
    printfa.o(i.__0printf) refers to printfa.o(i._printf_core) for _printf_core
    printfa.o(i.__0printf) refers to retarget.o(i.fputc) for fputc
    printfa.o(i.__0printf) refers to retarget.o(.data) for __stdout
    printfa.o(i.__0snprintf) refers (Special) to iusefp.o(.text) for __I$use$fp
    printfa.o(i.__0snprintf) refers to printfa.o(i._printf_core) for _printf_core
    printfa.o(i.__0snprintf) refers to printfa.o(i._snputc) for _snputc
    printfa.o(i.__0sprintf) refers (Special) to iusefp.o(.text) for __I$use$fp
    printfa.o(i.__0sprintf) refers to printfa.o(i._printf_core) for _printf_core
    printfa.o(i.__0sprintf) refers to printfa.o(i._sputc) for _sputc
    printfa.o(i.__0vfprintf) refers (Special) to iusefp.o(.text) for __I$use$fp
    printfa.o(i.__0vfprintf) refers to printfa.o(i._printf_core) for _printf_core
    printfa.o(i.__0vfprintf) refers to retarget.o(i.fputc) for fputc
    printfa.o(i.__0vprintf) refers (Special) to iusefp.o(.text) for __I$use$fp
    printfa.o(i.__0vprintf) refers to printfa.o(i._printf_core) for _printf_core
    printfa.o(i.__0vprintf) refers to retarget.o(i.fputc) for fputc
    printfa.o(i.__0vprintf) refers to retarget.o(.data) for __stdout
    printfa.o(i.__0vsnprintf) refers (Special) to iusefp.o(.text) for __I$use$fp
    printfa.o(i.__0vsnprintf) refers to printfa.o(i._printf_core) for _printf_core
    printfa.o(i.__0vsnprintf) refers to printfa.o(i._snputc) for _snputc
    printfa.o(i.__0vsprintf) refers (Special) to iusefp.o(.text) for __I$use$fp
    printfa.o(i.__0vsprintf) refers to printfa.o(i._printf_core) for _printf_core
    printfa.o(i.__0vsprintf) refers to printfa.o(i._sputc) for _sputc
    printfa.o(i._fp_digits) refers (Special) to iusefp.o(.text) for __I$use$fp
    printfa.o(i._fp_digits) refers to dmul.o(.text) for __aeabi_dmul
    printfa.o(i._fp_digits) refers to ddiv.o(.text) for __aeabi_ddiv
    printfa.o(i._fp_digits) refers to cdrcmple.o(.text) for __aeabi_cdrcmple
    printfa.o(i._fp_digits) refers to dadd.o(.text) for __aeabi_dadd
    printfa.o(i._fp_digits) refers to dfixul.o(.text) for __aeabi_d2ulz
    printfa.o(i._fp_digits) refers to uldiv.o(.text) for __aeabi_uldivmod
    printfa.o(i._printf_core) refers (Special) to iusefp.o(.text) for __I$use$fp
    printfa.o(i._printf_core) refers to printfa.o(i._printf_pre_padding) for _printf_pre_padding
    printfa.o(i._printf_core) refers to uldiv.o(.text) for __aeabi_uldivmod
    printfa.o(i._printf_core) refers to printfa.o(i._printf_post_padding) for _printf_post_padding
    printfa.o(i._printf_core) refers to printfa.o(i._fp_digits) for _fp_digits
    printfa.o(i._printf_core) refers to uidiv.o(.text) for __aeabi_uidivmod
    printfa.o(i._printf_post_padding) refers (Special) to iusefp.o(.text) for __I$use$fp
    printfa.o(i._printf_pre_padding) refers (Special) to iusefp.o(.text) for __I$use$fp
    printfa.o(i._snputc) refers (Special) to iusefp.o(.text) for __I$use$fp
    printfa.o(i._sputc) refers (Special) to iusefp.o(.text) for __I$use$fp
    fflti.o(.text) refers (Special) to iusefp.o(.text) for __I$use$fp
    fflti.o(.text) refers to fepilogue.o(.text) for _float_epilogue
    ffixi.o(.text) refers (Special) to iusefp.o(.text) for __I$use$fp
    entry2.o(.ARM.Collect$$$$00000001) refers to entry2.o(.ARM.Collect$$$$00002712) for __lit__00000000
    entry2.o(.ARM.Collect$$$$00002712) refers to startup_stm32f10x_md.o(STACK) for __initial_sp
    entry2.o(__vectab_stack_and_reset_area) refers to startup_stm32f10x_md.o(STACK) for __initial_sp
    entry2.o(__vectab_stack_and_reset_area) refers to entry.o(.ARM.Collect$$$$00000000) for __main
    entry5.o(.ARM.Collect$$$$00000004) refers to init.o(.text) for __scatterload
    entry9a.o(.ARM.Collect$$$$0000000B) refers to main.o(i.main) for main
    entry9b.o(.ARM.Collect$$$$0000000C) refers to main.o(i.main) for main
    uldiv.o(.text) refers to llushr.o(.text) for __aeabi_llsr
    uldiv.o(.text) refers to llshl.o(.text) for __aeabi_llsl
    dadd.o(.text) refers to llshl.o(.text) for __aeabi_llsl
    dadd.o(.text) refers to llsshr.o(.text) for __aeabi_lasr
    dadd.o(.text) refers to depilogue.o(.text) for _double_epilogue
    dmul.o(.text) refers to depilogue.o(.text) for _double_epilogue
    ddiv.o(.text) refers to depilogue.o(.text) for _double_round
    dfixul.o(.text) refers to llushr.o(.text) for __aeabi_llsr
    dfixul.o(.text) refers to llshl.o(.text) for __aeabi_llsl
    init.o(.text) refers to entry5.o(.ARM.Collect$$$$00000004) for __main_after_scatterload
    depilogue.o(.text) refers to llshl.o(.text) for __aeabi_llsl
    depilogue.o(.text) refers to llushr.o(.text) for __aeabi_llsr


==============================================================================

Removing Unused input sections from the image.

    Removing assert.o(i.assert_failed), (4 bytes).
    Removing keypad.o(i.Clear_Line), (38 bytes).
    Removing keypad.o(i.Display_value), (88 bytes).
    Removing tft.o(.rev16_text), (4 bytes).
    Removing tft.o(.revsh_text), (4 bytes).
    Removing tft.o(i.TFT_bargraph_color), (54 bytes).
    Removing tft.o(i.TFT_bargraph_define), (254 bytes).
    Removing tft.o(i.TFT_bargraph_fill_pattern), (38 bytes).
    Removing tft.o(i.TFT_bargraph_frame), (38 bytes).
    Removing tft.o(i.TFT_bargraph_value), (46 bytes).
    Removing tft.o(i.TFT_bigString), (156 bytes).
    Removing tft.o(i.TFT_bigText), (142 bytes).
    Removing tft.o(i.TFT_buzzer_off), (36 bytes).
    Removing tft.o(i.TFT_buzzer_on), (38 bytes).
    Removing tft.o(i.TFT_carriage_return), (10 bytes).
    Removing tft.o(i.TFT_cursor_on), (36 bytes).
    Removing tft.o(i.TFT_draw_line), (146 bytes).
    Removing tft.o(i.TFT_draw_rectangle), (146 bytes).
    Removing tft.o(i.TFT_getProtocolSettings), (488 bytes).
    Removing tft.o(i.TFT_graphic_puts), (166 bytes).
    Removing tft.o(i.TFT_graphic_puts_area), (202 bytes).
    Removing tft.o(i.TFT_graphic_set_point), (98 bytes).
    Removing tft.o(i.TFT_line_color), (46 bytes).
    Removing tft.o(i.TFT_newline), (10 bytes).
    Removing tft.o(i.TFT_release), (2 bytes).
    Removing tft.o(i.TFT_setTimeout), (228 bytes).
    Removing tft.o(i.TFT_set_brightness), (38 bytes).
    Removing tft.o(i.TFT_set_font), (38 bytes).
    Removing tft.o(i.TFT_set_graphic_color), (44 bytes).
    Removing tft.o(i.TFT_set_graphic_text_color), (44 bytes).
    Removing tft.o(i.TFT_set_graphic_text_font), (38 bytes).
    Removing tft.o(i.TFT_set_pixel_color), (44 bytes).
    Removing tft.o(i.TFT_terminal_off), (30 bytes).
    Removing timer.o(.rev16_text), (4 bytes).
    Removing timer.o(.revsh_text), (4 bytes).
    Removing timer.o(i.getTimeStamp), (8 bytes).
    Removing timer.o(i.timerinit), (44 bytes).
    Removing ti_lib.o(.rev16_text), (4 bytes).
    Removing ti_lib.o(.revsh_text), (4 bytes).
    Removing ti_lib.o(i.get_uptime), (12 bytes).
    Removing system_stm32f10x.o(.rev16_text), (4 bytes).
    Removing system_stm32f10x.o(.revsh_text), (4 bytes).
    Removing startup_stm32f10x_md.o(HEAP), (32768 bytes).
    Removing serial.o(.rev16_text), (4 bytes).
    Removing serial.o(.revsh_text), (4 bytes).
    Removing serial.o(i.SER_CheckChar), (24 bytes).
    Removing serial.o(i.SER_GetChar), (28 bytes).
    Removing retarget.o(i._sys_command_string), (6 bytes).
    Removing retarget.o(i._sys_exit), (4 bytes).
    Removing retarget.o(i._ttywrch), (12 bytes).
    Removing retarget.o(i.ferror), (8 bytes).
    Removing retarget.o(i.fgetc), (16 bytes).
    Removing getline.o(i.getline), (112 bytes).
    Removing sim_board_io.o(.rev16_text), (4 bytes).
    Removing sim_board_io.o(.revsh_text), (4 bytes).
    Removing main.o(.rev16_text), (4 bytes).
    Removing main.o(.revsh_text), (4 bytes).
    Removing main.o(i.calculate), (50 bytes).
    Removing main.o(.data), (4 bytes).
    Removing stack.o(i.getPointer), (12 bytes).
    Removing run.o(.rev16_text), (4 bytes).
    Removing run.o(.revsh_text), (4 bytes).
    Removing dadd.o(.text), (334 bytes).
    Removing dmul.o(.text), (228 bytes).
    Removing ddiv.o(.text), (222 bytes).
    Removing dfixul.o(.text), (48 bytes).
    Removing cdrcmple.o(.text), (48 bytes).
    Removing depilogue.o(.text), (186 bytes).

68 unused section(s) (total 37024 bytes) removed from the image.

==============================================================================

Image Symbol Table

    Local Symbols

    Symbol Name                              Value     Ov Type        Size  Object(Section)

    ../clib/microlib/division.c              0x00000000   Number         0  uidiv.o ABSOLUTE
    ../clib/microlib/division.c              0x00000000   Number         0  uldiv.o ABSOLUTE
    ../clib/microlib/init/entry.s            0x00000000   Number         0  entry11b.o ABSOLUTE
    ../clib/microlib/init/entry.s            0x00000000   Number         0  entry7b.o ABSOLUTE
    ../clib/microlib/init/entry.s            0x00000000   Number         0  entry9a.o ABSOLUTE
    ../clib/microlib/init/entry.s            0x00000000   Number         0  entry11a.o ABSOLUTE
    ../clib/microlib/init/entry.s            0x00000000   Number         0  entry8b.o ABSOLUTE
    ../clib/microlib/init/entry.s            0x00000000   Number         0  entry10b.o ABSOLUTE
    ../clib/microlib/init/entry.s            0x00000000   Number         0  entry8a.o ABSOLUTE
    ../clib/microlib/init/entry.s            0x00000000   Number         0  entry10a.o ABSOLUTE
    ../clib/microlib/init/entry.s            0x00000000   Number         0  entry9b.o ABSOLUTE
    ../clib/microlib/init/entry.s            0x00000000   Number         0  entry.o ABSOLUTE
    ../clib/microlib/init/entry.s            0x00000000   Number         0  entry5.o ABSOLUTE
    ../clib/microlib/init/entry.s            0x00000000   Number         0  entry2.o ABSOLUTE
    ../clib/microlib/init/entry.s            0x00000000   Number         0  entry7a.o ABSOLUTE
    ../clib/microlib/longlong.c              0x00000000   Number         0  llshl.o ABSOLUTE
    ../clib/microlib/longlong.c              0x00000000   Number         0  llsshr.o ABSOLUTE
    ../clib/microlib/longlong.c              0x00000000   Number         0  llushr.o ABSOLUTE
    ../clib/microlib/printf/printf.c         0x00000000   Number         0  printf3.o ABSOLUTE
    ../clib/microlib/printf/printf.c         0x00000000   Number         0  printf2.o ABSOLUTE
    ../clib/microlib/printf/printf.c         0x00000000   Number         0  printf1.o ABSOLUTE
    ../clib/microlib/printf/printf.c         0x00000000   Number         0  printf0.o ABSOLUTE
    ../clib/microlib/printf/printf.c         0x00000000   Number         0  printfb.o ABSOLUTE
    ../clib/microlib/printf/printf.c         0x00000000   Number         0  printf6.o ABSOLUTE
    ../clib/microlib/printf/printf.c         0x00000000   Number         0  printfa.o ABSOLUTE
    ../clib/microlib/printf/printf.c         0x00000000   Number         0  printf8.o ABSOLUTE
    ../clib/microlib/printf/printf.c         0x00000000   Number         0  printf7.o ABSOLUTE
    ../clib/microlib/printf/printf.c         0x00000000   Number         0  printf4.o ABSOLUTE
    ../clib/microlib/printf/printf.c         0x00000000   Number         0  printf5.o ABSOLUTE
    ../clib/microlib/printf/stubs.s          0x00000000   Number         0  stubs.o ABSOLUTE
    ../clib/microlib/stdio/putc.c            0x00000000   Number         0  putc.o ABSOLUTE
    ../clib/microlib/string/memcpy.c         0x00000000   Number         0  memcpya.o ABSOLUTE
    ../clib/microlib/string/memcpy.c         0x00000000   Number         0  memcpyb.o ABSOLUTE
    ../clib/microlib/string/memset.c         0x00000000   Number         0  memseta.o ABSOLUTE
    ../clib/microlib/string/strlen.c         0x00000000   Number         0  strlen.o ABSOLUTE
    ../clib/microlib/stubs.s                 0x00000000   Number         0  iusefp.o ABSOLUTE
    ../fplib/microlib/fpadd.c                0x00000000   Number         0  dadd.o ABSOLUTE
    ../fplib/microlib/fpdiv.c                0x00000000   Number         0  ddiv.o ABSOLUTE
    ../fplib/microlib/fpepilogue.c           0x00000000   Number         0  depilogue.o ABSOLUTE
    ../fplib/microlib/fpepilogue.c           0x00000000   Number         0  fepilogue.o ABSOLUTE
    ../fplib/microlib/fpfix.c                0x00000000   Number         0  ffixi.o ABSOLUTE
    ../fplib/microlib/fpfix.c                0x00000000   Number         0  dfixul.o ABSOLUTE
    ../fplib/microlib/fpflt.c                0x00000000   Number         0  fflti.o ABSOLUTE
    ../fplib/microlib/fpmul.c                0x00000000   Number         0  dmul.o ABSOLUTE
    TI_BRD_LIB\Library\TI_Lib.c              0x00000000   Number         0  ti_lib.o ABSOLUTE
    TI_BRD_LIB\Library\assert.c              0x00000000   Number         0  assert.o ABSOLUTE
    TI_BRD_LIB\Library\keypad.c              0x00000000   Number         0  keypad.o ABSOLUTE
    TI_BRD_LIB\Library\tft.c                 0x00000000   Number         0  tft.o ABSOLUTE
    TI_BRD_LIB\Library\timer.c               0x00000000   Number         0  timer.o ABSOLUTE
    TI_BRD_LIB\Simulated_Board\Getline.c     0x00000000   Number         0  getline.o ABSOLUTE
    TI_BRD_LIB\Simulated_Board\Retarget.c    0x00000000   Number         0  retarget.o ABSOLUTE
    TI_BRD_LIB\Simulated_Board\SIM_Board_IO.c 0x00000000   Number         0  sim_board_io.o ABSOLUTE
    TI_BRD_LIB\Simulated_Board\Serial.c      0x00000000   Number         0  serial.o ABSOLUTE
    TI_BRD_LIB\Simulated_Board\startup_stm32f10x_md.s 0x00000000   Number         0  startup_stm32f10x_md.o ABSOLUTE
    TI_BRD_LIB\Simulated_Board\system_stm32f10x.c 0x00000000   Number         0  system_stm32f10x.o ABSOLUTE
    TI_BRD_LIB\\Library\\TI_Lib.c            0x00000000   Number         0  ti_lib.o ABSOLUTE
    TI_BRD_LIB\\Library\\tft.c               0x00000000   Number         0  tft.o ABSOLUTE
    TI_BRD_LIB\\Library\\timer.c             0x00000000   Number         0  timer.o ABSOLUTE
    TI_BRD_LIB\\Simulated_Board\\SIM_Board_IO.c 0x00000000   Number         0  sim_board_io.o ABSOLUTE
    TI_BRD_LIB\\Simulated_Board\\Serial.c    0x00000000   Number         0  serial.o ABSOLUTE
    TI_BRD_LIB\\Simulated_Board\\system_stm32f10x.c 0x00000000   Number         0  system_stm32f10x.o ABSOLUTE
    calc.c                                   0x00000000   Number         0  calc.o ABSOLUTE
    cdrcmple.s                               0x00000000   Number         0  cdrcmple.o ABSOLUTE
    dc.s                                     0x00000000   Number         0  dc.o ABSOLUTE
    handlers.s                               0x00000000   Number         0  handlers.o ABSOLUTE
    init.s                                   0x00000000   Number         0  init.o ABSOLUTE
    main.c                                   0x00000000   Number         0  main.o ABSOLUTE
    main.c                                   0x00000000   Number         0  main.o ABSOLUTE
    run.c                                    0x00000000   Number         0  run.o ABSOLUTE
    run.c                                    0x00000000   Number         0  run.o ABSOLUTE
    stack.c                                  0x00000000   Number         0  stack.o ABSOLUTE
    RESET                                    0x08000000   Section      236  startup_stm32f10x_md.o(RESET)
    .ARM.Collect$$$$00000000                 0x080000ec   Section        0  entry.o(.ARM.Collect$$$$00000000)
    .ARM.Collect$$$$00000001                 0x080000ec   Section        4  entry2.o(.ARM.Collect$$$$00000001)
    .ARM.Collect$$$$00000004                 0x080000f0   Section        4  entry5.o(.ARM.Collect$$$$00000004)
    .ARM.Collect$$$$00000008                 0x080000f4   Section        0  entry7b.o(.ARM.Collect$$$$00000008)
    .ARM.Collect$$$$0000000A                 0x080000f4   Section        0  entry8b.o(.ARM.Collect$$$$0000000A)
    .ARM.Collect$$$$0000000B                 0x080000f4   Section        8  entry9a.o(.ARM.Collect$$$$0000000B)
    .ARM.Collect$$$$0000000D                 0x080000fc   Section        0  entry10a.o(.ARM.Collect$$$$0000000D)
    .ARM.Collect$$$$0000000F                 0x080000fc   Section        0  entry11a.o(.ARM.Collect$$$$0000000F)
    .ARM.Collect$$$$00002712                 0x080000fc   Section        4  entry2.o(.ARM.Collect$$$$00002712)
    __lit__00000000                          0x080000fc   Data           4  entry2.o(.ARM.Collect$$$$00002712)
    .text                                    0x08000100   Section       36  startup_stm32f10x_md.o(.text)
    .text                                    0x08000124   Section        0  strlen.o(.text)
    .text                                    0x08000132   Section        0  fflti.o(.text)
    .text                                    0x08000144   Section        0  ffixi.o(.text)
    .text                                    0x08000176   Section        0  uldiv.o(.text)
    .text                                    0x080001d8   Section        0  iusefp.o(.text)
    .text                                    0x080001d8   Section        0  fepilogue.o(.text)
    .text                                    0x08000248   Section       36  init.o(.text)
    .text                                    0x0800026c   Section        0  llshl.o(.text)
    .text                                    0x0800028a   Section        0  llushr.o(.text)
    i.Delay                                  0x080002ac   Section        0  ti_lib.o(i.Delay)
    i.Get_Touch_Pad_Input                    0x080002c4   Section        0  keypad.o(i.Get_Touch_Pad_Input)
    i.Init_IO                                0x080003e8   Section        0  sim_board_io.o(i.Init_IO)
    i.Init_SPI                               0x08000410   Section        0  sim_board_io.o(i.Init_SPI)
    i.Init_System_Clock                      0x08000460   Section        0  sim_board_io.o(i.Init_System_Clock)
    i.Init_TI_Board                          0x080004cc   Section        0  ti_lib.o(i.Init_TI_Board)
    i.Make_Touch_Pad                         0x080004ec   Section        0  keypad.o(i.Make_Touch_Pad)
    i.SER_Init                               0x08000ad8   Section        0  serial.o(i.SER_Init)
    i.SER_PutChar                            0x08000b70   Section        0  serial.o(i.SER_PutChar)
    i.SetSysClock                            0x08000b90   Section        0  system_stm32f10x.o(i.SetSysClock)
    SetSysClock                              0x08000b91   Thumb Code     8  system_stm32f10x.o(i.SetSysClock)
    i.SetSysClockTo72                        0x08000b98   Section        0  system_stm32f10x.o(i.SetSysClockTo72)
    SetSysClockTo72                          0x08000b99   Thumb Code   214  system_stm32f10x.o(i.SetSysClockTo72)
    i.SysTick_Handler                        0x08000c78   Section        0  ti_lib.o(i.SysTick_Handler)
    i.SystemCoreClockUpdate                  0x08000c80   Section        0  system_stm32f10x.o(i.SystemCoreClockUpdate)
    i.SystemInit                             0x08000d24   Section        0  system_stm32f10x.o(i.SystemInit)
    i.TFT_Init                               0x08000d84   Section        0  tft.o(i.TFT_Init)
    i.TFT_cls                                0x08000d98   Section        0  tft.o(i.TFT_cls)
    i.TFT_cursor_off                         0x08000da2   Section        0  tft.o(i.TFT_cursor_off)
    i.TFT_get_dat                            0x08000dc8   Section        0  tft.o(i.TFT_get_dat)
    i.TFT_get_data                           0x08000f2c   Section        0  tft.o(i.TFT_get_data)
    i.TFT_gotoxy                             0x08000f66   Section        0  tft.o(i.TFT_gotoxy)
    i.TFT_graphic_cls                        0x08000f94   Section        0  tft.o(i.TFT_graphic_cls)
    i.TFT_putc                               0x08000fb2   Section        0  tft.o(i.TFT_putc)
    i.TFT_puts                               0x08000fd0   Section        0  tft.o(i.TFT_puts)
    i.TFT_send_data                          0x08000fe4   Section        0  tft.o(i.TFT_send_data)
    i.TFT_set_font_color                     0x08001100   Section        0  tft.o(i.TFT_set_font_color)
    i.TFT_set_window                         0x0800112c   Section        0  tft.o(i.TFT_set_window)
    i.TFT_terminal_on                        0x0800117a   Section        0  tft.o(i.TFT_terminal_on)
    i.TFT_touch_area                         0x08001198   Section        0  tft.o(i.TFT_touch_area)
    i.TFT_touch_area_clear                   0x08001248   Section        0  tft.o(i.TFT_touch_area_clear)
    i.TFT_touch_area_color                   0x08001272   Section        0  tft.o(i.TFT_touch_area_color)
    i.TFT_touch_area_font                    0x080012c8   Section        0  tft.o(i.TFT_touch_area_font)
    i.TFT_touch_area_font_color              0x080012ee   Section        0  tft.o(i.TFT_touch_area_font_color)
    i.TFT_touch_area_frame                   0x0800131c   Section        0  tft.o(i.TFT_touch_area_frame)
    i.TFT_touch_key_feedback                 0x0800134a   Section        0  tft.o(i.TFT_touch_key_feedback)
    i.TimingDelay_Decrement                  0x08001394   Section        0  ti_lib.o(i.TimingDelay_Decrement)
    i.__0printf$8                            0x080013b8   Section        0  printf8.o(i.__0printf$8)
    i.__0sprintf$8                           0x080013d8   Section        0  printf8.o(i.__0sprintf$8)
    i.__scatterload_copy                     0x08001400   Section       14  handlers.o(i.__scatterload_copy)
    i.__scatterload_null                     0x0800140e   Section        2  handlers.o(i.__scatterload_null)
    i.__scatterload_zeroinit                 0x08001410   Section       14  handlers.o(i.__scatterload_zeroinit)
    i._printf_core                           0x08001420   Section        0  printf8.o(i._printf_core)
    _printf_core                             0x08001421   Thumb Code   996  printf8.o(i._printf_core)
    i._printf_post_padding                   0x08001830   Section        0  printf8.o(i._printf_post_padding)
    _printf_post_padding                     0x08001831   Thumb Code    36  printf8.o(i._printf_post_padding)
    i._printf_pre_padding                    0x08001854   Section        0  printf8.o(i._printf_pre_padding)
    _printf_pre_padding                      0x08001855   Thumb Code    46  printf8.o(i._printf_pre_padding)
    i._sputc                                 0x08001882   Section        0  printf8.o(i._sputc)
    _sputc                                   0x08001883   Thumb Code    10  printf8.o(i._sputc)
    i.add                                    0x0800188c   Section        0  calc.o(i.add)
    i.addDigit                               0x080018b8   Section        0  stack.o(i.addDigit)
    i.clear                                  0x080018e0   Section        0  stack.o(i.clear)
    i.div                                    0x08001904   Section        0  calc.o(i.div)
    i.duplicate                              0x08001930   Section        0  stack.o(i.duplicate)
    i.fputc                                  0x08001958   Section        0  retarget.o(i.fputc)
    i.getCurrentStack                        0x08001970   Section        0  stack.o(i.getCurrentStack)
    i.info                                   0x08001984   Section        0  run.o(i.info)
    i.main                                   0x08001a1c   Section        0  main.o(i.main)
    i.mul                                    0x08001a28   Section        0  calc.o(i.mul)
    i.pop                                    0x08001a50   Section        0  stack.o(i.pop)
    i.printFirst                             0x08001aa4   Section        0  stack.o(i.printFirst)
    i.printStack                             0x08001ae4   Section        0  stack.o(i.printStack)
    i.push                                   0x08001b34   Section        0  stack.o(i.push)
    i.run                                    0x08001b7c   Section        0  run.o(i.run)
    i.setStack                               0x08001d70   Section        0  stack.o(i.setStack)
    i.sub                                    0x08001d90   Section        0  calc.o(i.sub)
    i.swapPos                                0x08001dbc   Section        0  stack.o(i.swapPos)
    .data                                    0x20000000   Section        8  ti_lib.o(.data)
    TimingDelay                              0x20000000   Data           4  ti_lib.o(.data)
    uptime                                   0x20000004   Data           4  ti_lib.o(.data)
    .data                                    0x20000008   Section       20  system_stm32f10x.o(.data)
    .data                                    0x2000001c   Section       12  retarget.o(.data)
    .data                                    0x20000028   Section        4  stack.o(.data)
    .data                                    0x2000002c   Section        4  calc.o(.data)
    .data                                    0x20000030   Section        4  run.o(.data)
    .bss                                     0x20000034   Section      262  tft.o(.bss)
    cmd                                      0x20000034   Data         262  tft.o(.bss)
    .bss                                     0x2000013c   Section       32  stack.o(.bss)
    .bss                                     0x2000015c   Section       30  run.o(.bss)
    STACK                                    0x20000180   Section     4096  startup_stm32f10x_md.o(STACK)

    Global Symbols

    Symbol Name                              Value     Ov Type        Size  Object(Section)

    BuildAttributes$$THM_ISAv4$P$D$K$B$S$PE$A:L22UL41UL21$X:L11$S22US41US21$IEEE1$IW$USESV6$~STKCKD$USESV7$~SHL$OTIME$ROPI$EBA8$MICROLIB$REQ8$PRES8$EABIv2 0x00000000   Number         0  anon$$obj.o ABSOLUTE
    __ARM_use_no_argv                        0x00000000   Number         0  main.o ABSOLUTE
    _printf_a                                0x00000000   Number         0  stubs.o ABSOLUTE
    _printf_c                                0x00000000   Number         0  stubs.o ABSOLUTE
    _printf_charcount                        0x00000000   Number         0  stubs.o ABSOLUTE
    _printf_d                                0x00000000   Number         0  stubs.o ABSOLUTE
    _printf_e                                0x00000000   Number         0  stubs.o ABSOLUTE
    _printf_f                                0x00000000   Number         0  stubs.o ABSOLUTE
    _printf_flags                            0x00000000   Number         0  stubs.o ABSOLUTE
    _printf_fp_dec                           0x00000000   Number         0  stubs.o ABSOLUTE
    _printf_fp_hex                           0x00000000   Number         0  stubs.o ABSOLUTE
    _printf_g                                0x00000000   Number         0  stubs.o ABSOLUTE
    _printf_i                                0x00000000   Number         0  stubs.o ABSOLUTE
    _printf_int_dec                          0x00000000   Number         0  stubs.o ABSOLUTE
    _printf_l                                0x00000000   Number         0  stubs.o ABSOLUTE
    _printf_lc                               0x00000000   Number         0  stubs.o ABSOLUTE
    _printf_ll                               0x00000000   Number         0  stubs.o ABSOLUTE
    _printf_lld                              0x00000000   Number         0  stubs.o ABSOLUTE
    _printf_lli                              0x00000000   Number         0  stubs.o ABSOLUTE
    _printf_llo                              0x00000000   Number         0  stubs.o ABSOLUTE
    _printf_llu                              0x00000000   Number         0  stubs.o ABSOLUTE
    _printf_llx                              0x00000000   Number         0  stubs.o ABSOLUTE
    _printf_longlong_dec                     0x00000000   Number         0  stubs.o ABSOLUTE
    _printf_longlong_hex                     0x00000000   Number         0  stubs.o ABSOLUTE
    _printf_longlong_oct                     0x00000000   Number         0  stubs.o ABSOLUTE
    _printf_ls                               0x00000000   Number         0  stubs.o ABSOLUTE
    _printf_mbtowc                           0x00000000   Number         0  stubs.o ABSOLUTE
    _printf_n                                0x00000000   Number         0  stubs.o ABSOLUTE
    _printf_o                                0x00000000   Number         0  stubs.o ABSOLUTE
    _printf_p                                0x00000000   Number         0  stubs.o ABSOLUTE
    _printf_percent                          0x00000000   Number         0  stubs.o ABSOLUTE
    _printf_pre_padding                      0x00000000   Number         0  stubs.o ABSOLUTE
    _printf_return_value                     0x00000000   Number         0  stubs.o ABSOLUTE
    _printf_s                                0x00000000   Number         0  stubs.o ABSOLUTE
    _printf_sizespec                         0x00000000   Number         0  stubs.o ABSOLUTE
    _printf_str                              0x00000000   Number         0  stubs.o ABSOLUTE
    _printf_truncate_signed                  0x00000000   Number         0  stubs.o ABSOLUTE
    _printf_truncate_unsigned                0x00000000   Number         0  stubs.o ABSOLUTE
    _printf_u                                0x00000000   Number         0  stubs.o ABSOLUTE
    _printf_wc                               0x00000000   Number         0  stubs.o ABSOLUTE
    _printf_wctomb                           0x00000000   Number         0  stubs.o ABSOLUTE
    _printf_widthprec                        0x00000000   Number         0  stubs.o ABSOLUTE
    _printf_x                                0x00000000   Number         0  stubs.o ABSOLUTE
    __cpp_initialize__aeabi_                  - Undefined Weak Reference
    __cxa_finalize                            - Undefined Weak Reference
    __decompress                              - Undefined Weak Reference
    _clock_init                               - Undefined Weak Reference
    _microlib_exit                            - Undefined Weak Reference
    __Vectors_Size                           0x000000ec   Number         0  startup_stm32f10x_md.o ABSOLUTE
    __Vectors                                0x08000000   Data           4  startup_stm32f10x_md.o(RESET)
    __Vectors_End                            0x080000ec   Data           0  startup_stm32f10x_md.o(RESET)
    __main                                   0x080000ed   Thumb Code     0  entry.o(.ARM.Collect$$$$00000000)
    _main_stk                                0x080000ed   Thumb Code     0  entry2.o(.ARM.Collect$$$$00000001)
    _main_scatterload                        0x080000f1   Thumb Code     0  entry5.o(.ARM.Collect$$$$00000004)
    __main_after_scatterload                 0x080000f5   Thumb Code     0  entry5.o(.ARM.Collect$$$$00000004)
    _main_clock                              0x080000f5   Thumb Code     0  entry7b.o(.ARM.Collect$$$$00000008)
    _main_cpp_init                           0x080000f5   Thumb Code     0  entry8b.o(.ARM.Collect$$$$0000000A)
    _main_init                               0x080000f5   Thumb Code     0  entry9a.o(.ARM.Collect$$$$0000000B)
    __rt_final_cpp                           0x080000fd   Thumb Code     0  entry10a.o(.ARM.Collect$$$$0000000D)
    __rt_final_exit                          0x080000fd   Thumb Code     0  entry11a.o(.ARM.Collect$$$$0000000F)
    Reset_Handler                            0x08000101   Thumb Code     8  startup_stm32f10x_md.o(.text)
    NMI_Handler                              0x08000109   Thumb Code     2  startup_stm32f10x_md.o(.text)
    HardFault_Handler                        0x0800010b   Thumb Code     2  startup_stm32f10x_md.o(.text)
    MemManage_Handler                        0x0800010d   Thumb Code     2  startup_stm32f10x_md.o(.text)
    BusFault_Handler                         0x0800010f   Thumb Code     2  startup_stm32f10x_md.o(.text)
    UsageFault_Handler                       0x08000111   Thumb Code     2  startup_stm32f10x_md.o(.text)
    SVC_Handler                              0x08000113   Thumb Code     2  startup_stm32f10x_md.o(.text)
    DebugMon_Handler                         0x08000115   Thumb Code     2  startup_stm32f10x_md.o(.text)
    PendSV_Handler                           0x08000117   Thumb Code     2  startup_stm32f10x_md.o(.text)
    ADC1_2_IRQHandler                        0x0800011b   Thumb Code     0  startup_stm32f10x_md.o(.text)
    CAN1_RX1_IRQHandler                      0x0800011b   Thumb Code     0  startup_stm32f10x_md.o(.text)
    CAN1_SCE_IRQHandler                      0x0800011b   Thumb Code     0  startup_stm32f10x_md.o(.text)
    DMA1_Channel1_IRQHandler                 0x0800011b   Thumb Code     0  startup_stm32f10x_md.o(.text)
    DMA1_Channel2_IRQHandler                 0x0800011b   Thumb Code     0  startup_stm32f10x_md.o(.text)
    DMA1_Channel3_IRQHandler                 0x0800011b   Thumb Code     0  startup_stm32f10x_md.o(.text)
    DMA1_Channel4_IRQHandler                 0x0800011b   Thumb Code     0  startup_stm32f10x_md.o(.text)
    DMA1_Channel5_IRQHandler                 0x0800011b   Thumb Code     0  startup_stm32f10x_md.o(.text)
    DMA1_Channel6_IRQHandler                 0x0800011b   Thumb Code     0  startup_stm32f10x_md.o(.text)
    DMA1_Channel7_IRQHandler                 0x0800011b   Thumb Code     0  startup_stm32f10x_md.o(.text)
    EXTI0_IRQHandler                         0x0800011b   Thumb Code     0  startup_stm32f10x_md.o(.text)
    EXTI15_10_IRQHandler                     0x0800011b   Thumb Code     0  startup_stm32f10x_md.o(.text)
    EXTI1_IRQHandler                         0x0800011b   Thumb Code     0  startup_stm32f10x_md.o(.text)
    EXTI2_IRQHandler                         0x0800011b   Thumb Code     0  startup_stm32f10x_md.o(.text)
    EXTI3_IRQHandler                         0x0800011b   Thumb Code     0  startup_stm32f10x_md.o(.text)
    EXTI4_IRQHandler                         0x0800011b   Thumb Code     0  startup_stm32f10x_md.o(.text)
    EXTI9_5_IRQHandler                       0x0800011b   Thumb Code     0  startup_stm32f10x_md.o(.text)
    FLASH_IRQHandler                         0x0800011b   Thumb Code     0  startup_stm32f10x_md.o(.text)
    I2C1_ER_IRQHandler                       0x0800011b   Thumb Code     0  startup_stm32f10x_md.o(.text)
    I2C1_EV_IRQHandler                       0x0800011b   Thumb Code     0  startup_stm32f10x_md.o(.text)
    I2C2_ER_IRQHandler                       0x0800011b   Thumb Code     0  startup_stm32f10x_md.o(.text)
    I2C2_EV_IRQHandler                       0x0800011b   Thumb Code     0  startup_stm32f10x_md.o(.text)
    PVD_IRQHandler                           0x0800011b   Thumb Code     0  startup_stm32f10x_md.o(.text)
    RCC_IRQHandler                           0x0800011b   Thumb Code     0  startup_stm32f10x_md.o(.text)
    RTCAlarm_IRQHandler                      0x0800011b   Thumb Code     0  startup_stm32f10x_md.o(.text)
    RTC_IRQHandler                           0x0800011b   Thumb Code     0  startup_stm32f10x_md.o(.text)
    SPI1_IRQHandler                          0x0800011b   Thumb Code     0  startup_stm32f10x_md.o(.text)
    SPI2_IRQHandler                          0x0800011b   Thumb Code     0  startup_stm32f10x_md.o(.text)
    TAMPER_IRQHandler                        0x0800011b   Thumb Code     0  startup_stm32f10x_md.o(.text)
    TIM1_BRK_IRQHandler                      0x0800011b   Thumb Code     0  startup_stm32f10x_md.o(.text)
    TIM1_CC_IRQHandler                       0x0800011b   Thumb Code     0  startup_stm32f10x_md.o(.text)
    TIM1_TRG_COM_IRQHandler                  0x0800011b   Thumb Code     0  startup_stm32f10x_md.o(.text)
    TIM1_UP_IRQHandler                       0x0800011b   Thumb Code     0  startup_stm32f10x_md.o(.text)
    TIM2_IRQHandler                          0x0800011b   Thumb Code     0  startup_stm32f10x_md.o(.text)
    TIM3_IRQHandler                          0x0800011b   Thumb Code     0  startup_stm32f10x_md.o(.text)
    TIM4_IRQHandler                          0x0800011b   Thumb Code     0  startup_stm32f10x_md.o(.text)
    USART1_IRQHandler                        0x0800011b   Thumb Code     0  startup_stm32f10x_md.o(.text)
    USART2_IRQHandler                        0x0800011b   Thumb Code     0  startup_stm32f10x_md.o(.text)
    USART3_IRQHandler                        0x0800011b   Thumb Code     0  startup_stm32f10x_md.o(.text)
    USBWakeUp_IRQHandler                     0x0800011b   Thumb Code     0  startup_stm32f10x_md.o(.text)
    USB_HP_CAN1_TX_IRQHandler                0x0800011b   Thumb Code     0  startup_stm32f10x_md.o(.text)
    USB_LP_CAN1_RX0_IRQHandler               0x0800011b   Thumb Code     0  startup_stm32f10x_md.o(.text)
    WWDG_IRQHandler                          0x0800011b   Thumb Code     0  startup_stm32f10x_md.o(.text)
    strlen                                   0x08000125   Thumb Code    14  strlen.o(.text)
    __aeabi_i2f                              0x08000133   Thumb Code    18  fflti.o(.text)
    __aeabi_f2iz                             0x08000145   Thumb Code    50  ffixi.o(.text)
    __aeabi_uldivmod                         0x08000177   Thumb Code    98  uldiv.o(.text)
    __I$use$fp                               0x080001d9   Thumb Code     0  iusefp.o(.text)
    _float_round                             0x080001d9   Thumb Code    18  fepilogue.o(.text)
    _float_epilogue                          0x080001eb   Thumb Code    92  fepilogue.o(.text)
    __scatterload                            0x08000249   Thumb Code    28  init.o(.text)
    __scatterload_rt2                        0x08000249   Thumb Code     0  init.o(.text)
    __aeabi_llsl                             0x0800026d   Thumb Code    30  llshl.o(.text)
    _ll_shift_l                              0x0800026d   Thumb Code     0  llshl.o(.text)
    __aeabi_llsr                             0x0800028b   Thumb Code    32  llushr.o(.text)
    _ll_ushift_r                             0x0800028b   Thumb Code     0  llushr.o(.text)
    Delay                                    0x080002ad   Thumb Code    20  ti_lib.o(i.Delay)
    Get_Touch_Pad_Input                      0x080002c5   Thumb Code   240  keypad.o(i.Get_Touch_Pad_Input)
    Init_IO                                  0x080003e9   Thumb Code    32  sim_board_io.o(i.Init_IO)
    Init_SPI                                 0x08000411   Thumb Code    60  sim_board_io.o(i.Init_SPI)
    Init_System_Clock                        0x08000461   Thumb Code    94  sim_board_io.o(i.Init_System_Clock)
    Init_TI_Board                            0x080004cd   Thumb Code    30  ti_lib.o(i.Init_TI_Board)
    Make_Touch_Pad                           0x080004ed   Thumb Code  1502  keypad.o(i.Make_Touch_Pad)
    SER_Init                                 0x08000ad9   Thumb Code   134  serial.o(i.SER_Init)
    SER_PutChar                              0x08000b71   Thumb Code    26  serial.o(i.SER_PutChar)
    SysTick_Handler                          0x08000c79   Thumb Code     8  ti_lib.o(i.SysTick_Handler)
    SystemCoreClockUpdate                    0x08000c81   Thumb Code   142  system_stm32f10x.o(i.SystemCoreClockUpdate)
    SystemInit                               0x08000d25   Thumb Code    78  system_stm32f10x.o(i.SystemInit)
    TFT_Init                                 0x08000d85   Thumb Code    20  tft.o(i.TFT_Init)
    TFT_cls                                  0x08000d99   Thumb Code    10  tft.o(i.TFT_cls)
    TFT_cursor_off                           0x08000da3   Thumb Code    36  tft.o(i.TFT_cursor_off)
    TFT_get_dat                              0x08000dc9   Thumb Code   348  tft.o(i.TFT_get_dat)
    TFT_get_data                             0x08000f2d   Thumb Code    58  tft.o(i.TFT_get_data)
    TFT_gotoxy                               0x08000f67   Thumb Code    46  tft.o(i.TFT_gotoxy)
    TFT_graphic_cls                          0x08000f95   Thumb Code    30  tft.o(i.TFT_graphic_cls)
    TFT_putc                                 0x08000fb3   Thumb Code    30  tft.o(i.TFT_putc)
    TFT_puts                                 0x08000fd1   Thumb Code    20  tft.o(i.TFT_puts)
    TFT_send_data                            0x08000fe5   Thumb Code   272  tft.o(i.TFT_send_data)
    TFT_set_font_color                       0x08001101   Thumb Code    44  tft.o(i.TFT_set_font_color)
    TFT_set_window                           0x0800112d   Thumb Code    78  tft.o(i.TFT_set_window)
    TFT_terminal_on                          0x0800117b   Thumb Code    30  tft.o(i.TFT_terminal_on)
    TFT_touch_area                           0x08001199   Thumb Code   172  tft.o(i.TFT_touch_area)
    TFT_touch_area_clear                     0x08001249   Thumb Code    42  tft.o(i.TFT_touch_area_clear)
    TFT_touch_area_color                     0x08001273   Thumb Code    86  tft.o(i.TFT_touch_area_color)
    TFT_touch_area_font                      0x080012c9   Thumb Code    38  tft.o(i.TFT_touch_area_font)
    TFT_touch_area_font_color                0x080012ef   Thumb Code    46  tft.o(i.TFT_touch_area_font_color)
    TFT_touch_area_frame                     0x0800131d   Thumb Code    46  tft.o(i.TFT_touch_area_frame)
    TFT_touch_key_feedback                   0x0800134b   Thumb Code    72  tft.o(i.TFT_touch_key_feedback)
    TimingDelay_Decrement                    0x08001395   Thumb Code    28  ti_lib.o(i.TimingDelay_Decrement)
    __0printf$8                              0x080013b9   Thumb Code    22  printf8.o(i.__0printf$8)
    __1printf$8                              0x080013b9   Thumb Code     0  printf8.o(i.__0printf$8)
    __2printf                                0x080013b9   Thumb Code     0  printf8.o(i.__0printf$8)
    __0sprintf$8                             0x080013d9   Thumb Code    34  printf8.o(i.__0sprintf$8)
    __1sprintf$8                             0x080013d9   Thumb Code     0  printf8.o(i.__0sprintf$8)
    __2sprintf                               0x080013d9   Thumb Code     0  printf8.o(i.__0sprintf$8)
    __scatterload_copy                       0x08001401   Thumb Code    14  handlers.o(i.__scatterload_copy)
    __scatterload_null                       0x0800140f   Thumb Code     2  handlers.o(i.__scatterload_null)
    __scatterload_zeroinit                   0x08001411   Thumb Code    14  handlers.o(i.__scatterload_zeroinit)
    add                                      0x0800188d   Thumb Code    38  calc.o(i.add)
    addDigit                                 0x080018b9   Thumb Code    30  stack.o(i.addDigit)
    clear                                    0x080018e1   Thumb Code    26  stack.o(i.clear)
    div                                      0x08001905   Thumb Code    40  calc.o(i.div)
    duplicate                                0x08001931   Thumb Code    30  stack.o(i.duplicate)
    fputc                                    0x08001959   Thumb Code    24  retarget.o(i.fputc)
    getCurrentStack                          0x08001971   Thumb Code    12  stack.o(i.getCurrentStack)
    info                                     0x08001985   Thumb Code   132  run.o(i.info)
    main                                     0x08001a1d   Thumb Code    10  main.o(i.main)
    mul                                      0x08001a29   Thumb Code    36  calc.o(i.mul)
    pop                                      0x08001a51   Thumb Code    62  stack.o(i.pop)
    printFirst                               0x08001aa5   Thumb Code    38  stack.o(i.printFirst)
    printStack                               0x08001ae5   Thumb Code    52  stack.o(i.printStack)
    push                                     0x08001b35   Thumb Code    50  stack.o(i.push)
    run                                      0x08001b7d   Thumb Code   478  run.o(i.run)
    setStack                                 0x08001d71   Thumb Code    22  stack.o(i.setStack)
    sub                                      0x08001d91   Thumb Code    38  calc.o(i.sub)
    swapPos                                  0x08001dbd   Thumb Code    72  stack.o(i.swapPos)
    Region$$Table$$Base                      0x08001e18   Number         0  anon$$obj.o(Region$$Table)
    Region$$Table$$Limit                     0x08001e38   Number         0  anon$$obj.o(Region$$Table)
    SystemCoreClock                          0x20000008   Data           4  system_stm32f10x.o(.data)
    AHBPrescTable                            0x2000000c   Data          16  system_stm32f10x.o(.data)
    __stdout                                 0x2000001c   Data           4  retarget.o(.data)
    __stdin                                  0x20000020   Data           4  retarget.o(.data)
    __stderr                                 0x20000024   Data           4  retarget.o(.data)
    pointer                                  0x20000028   Data           4  stack.o(.data)
    val                                      0x2000002c   Data           4  calc.o(.data)
    incounter                                0x20000030   Data           4  run.o(.data)
    stack                                    0x2000013c   Data          32  stack.o(.bss)
    input                                    0x2000015c   Data          30  run.o(.bss)
    __initial_sp                             0x20001180   Data           0  startup_stm32f10x_md.o(STACK)



==============================================================================

Memory Map of the image

  Image Entry point : 0x080000ed

  Load Region LR_IROM1 (Base: 0x08000000, Size: 0x00001e6c, Max: 0x00040000, ABSOLUTE)

    Execution Region ER_IROM1 (Base: 0x08000000, Size: 0x00001e38, Max: 0x00040000, ABSOLUTE)

    Base Addr    Size         Type   Attr      Idx    E Section Name        Object

    0x08000000   0x000000ec   Data   RO          523    RESET               startup_stm32f10x_md.o
    0x080000ec   0x00000000   Code   RO          868  * .ARM.Collect$$$$00000000  mc_w.l(entry.o)
    0x080000ec   0x00000004   Code   RO         1146    .ARM.Collect$$$$00000001  mc_w.l(entry2.o)
    0x080000f0   0x00000004   Code   RO         1149    .ARM.Collect$$$$00000004  mc_w.l(entry5.o)
    0x080000f4   0x00000000   Code   RO         1151    .ARM.Collect$$$$00000008  mc_w.l(entry7b.o)
    0x080000f4   0x00000000   Code   RO         1153    .ARM.Collect$$$$0000000A  mc_w.l(entry8b.o)
    0x080000f4   0x00000008   Code   RO         1154    .ARM.Collect$$$$0000000B  mc_w.l(entry9a.o)
    0x080000fc   0x00000000   Code   RO         1156    .ARM.Collect$$$$0000000D  mc_w.l(entry10a.o)
    0x080000fc   0x00000000   Code   RO         1158    .ARM.Collect$$$$0000000F  mc_w.l(entry11a.o)
    0x080000fc   0x00000004   Code   RO         1147    .ARM.Collect$$$$00002712  mc_w.l(entry2.o)
    0x08000100   0x00000024   Code   RO          524    .text               startup_stm32f10x_md.o
    0x08000124   0x0000000e   Code   RO          877    .text               mc_w.l(strlen.o)
    0x08000132   0x00000012   Code   RO         1142    .text               mf_w.l(fflti.o)
    0x08000144   0x00000032   Code   RO         1144    .text               mf_w.l(ffixi.o)
    0x08000176   0x00000062   Code   RO         1162    .text               mc_w.l(uldiv.o)
    0x080001d8   0x00000000   Code   RO         1164    .text               mc_w.l(iusefp.o)
    0x080001d8   0x0000006e   Code   RO         1165    .text               mf_w.l(fepilogue.o)
    0x08000246   0x00000002   PAD
    0x08000248   0x00000024   Code   RO         1177    .text               mc_w.l(init.o)
    0x0800026c   0x0000001e   Code   RO         1179    .text               mc_w.l(llshl.o)
    0x0800028a   0x00000020   Code   RO         1181    .text               mc_w.l(llushr.o)
    0x080002aa   0x00000002   PAD
    0x080002ac   0x00000018   Code   RO          428    i.Delay             ti_lib.o
    0x080002c4   0x00000124   Code   RO           23    i.Get_Touch_Pad_Input  keypad.o
    0x080003e8   0x00000028   Code   RO          641    i.Init_IO           sim_board_io.o
    0x08000410   0x00000050   Code   RO          642    i.Init_SPI          sim_board_io.o
    0x08000460   0x0000006c   Code   RO          643    i.Init_System_Clock  sim_board_io.o
    0x080004cc   0x0000001e   Code   RO          429    i.Init_TI_Board     ti_lib.o
    0x080004ea   0x00000002   PAD
    0x080004ec   0x000005ec   Code   RO           24    i.Make_Touch_Pad    keypad.o
    0x08000ad8   0x00000098   Code   RO          532    i.SER_Init          serial.o
    0x08000b70   0x00000020   Code   RO          533    i.SER_PutChar       serial.o
    0x08000b90   0x00000008   Code   RO          474    i.SetSysClock       system_stm32f10x.o
    0x08000b98   0x000000e0   Code   RO          475    i.SetSysClockTo72   system_stm32f10x.o
    0x08000c78   0x00000008   Code   RO          430    i.SysTick_Handler   ti_lib.o
    0x08000c80   0x000000a4   Code   RO          476    i.SystemCoreClockUpdate  system_stm32f10x.o
    0x08000d24   0x00000060   Code   RO          477    i.SystemInit        system_stm32f10x.o
    0x08000d84   0x00000014   Code   RO           63    i.TFT_Init          tft.o
    0x08000d98   0x0000000a   Code   RO           74    i.TFT_cls           tft.o
    0x08000da2   0x00000024   Code   RO           75    i.TFT_cursor_off    tft.o
    0x08000dc6   0x00000002   PAD
    0x08000dc8   0x00000164   Code   RO           80    i.TFT_get_dat       tft.o
    0x08000f2c   0x0000003a   Code   RO           81    i.TFT_get_data      tft.o
    0x08000f66   0x0000002e   Code   RO           82    i.TFT_gotoxy        tft.o
    0x08000f94   0x0000001e   Code   RO           83    i.TFT_graphic_cls   tft.o
    0x08000fb2   0x0000001e   Code   RO           89    i.TFT_putc          tft.o
    0x08000fd0   0x00000014   Code   RO           90    i.TFT_puts          tft.o
    0x08000fe4   0x0000011c   Code   RO           92    i.TFT_send_data     tft.o
    0x08001100   0x0000002c   Code   RO           96    i.TFT_set_font_color  tft.o
    0x0800112c   0x0000004e   Code   RO          101    i.TFT_set_window    tft.o
    0x0800117a   0x0000001e   Code   RO          103    i.TFT_terminal_on   tft.o
    0x08001198   0x000000b0   Code   RO          104    i.TFT_touch_area    tft.o
    0x08001248   0x0000002a   Code   RO          105    i.TFT_touch_area_clear  tft.o
    0x08001272   0x00000056   Code   RO          106    i.TFT_touch_area_color  tft.o
    0x080012c8   0x00000026   Code   RO          107    i.TFT_touch_area_font  tft.o
    0x080012ee   0x0000002e   Code   RO          108    i.TFT_touch_area_font_color  tft.o
    0x0800131c   0x0000002e   Code   RO          109    i.TFT_touch_area_frame  tft.o
    0x0800134a   0x00000048   Code   RO          110    i.TFT_touch_key_feedback  tft.o
    0x08001392   0x00000002   PAD
    0x08001394   0x00000024   Code   RO          431    i.TimingDelay_Decrement  ti_lib.o
    0x080013b8   0x00000020   Code   RO         1088    i.__0printf$8       mc_w.l(printf8.o)
    0x080013d8   0x00000028   Code   RO         1090    i.__0sprintf$8      mc_w.l(printf8.o)
    0x08001400   0x0000000e   Code   RO         1189    i.__scatterload_copy  mc_w.l(handlers.o)
    0x0800140e   0x00000002   Code   RO         1190    i.__scatterload_null  mc_w.l(handlers.o)
    0x08001410   0x0000000e   Code   RO         1191    i.__scatterload_zeroinit  mc_w.l(handlers.o)
    0x0800141e   0x00000002   PAD
    0x08001420   0x00000410   Code   RO         1095    i._printf_core      mc_w.l(printf8.o)
    0x08001830   0x00000024   Code   RO         1096    i._printf_post_padding  mc_w.l(printf8.o)
    0x08001854   0x0000002e   Code   RO         1097    i._printf_pre_padding  mc_w.l(printf8.o)
    0x08001882   0x0000000a   Code   RO         1099    i._sputc            mc_w.l(printf8.o)
    0x0800188c   0x0000002c   Code   RO          805    i.add               calc.o
    0x080018b8   0x00000028   Code   RO          726    i.addDigit          stack.o
    0x080018e0   0x00000024   Code   RO          727    i.clear             stack.o
    0x08001904   0x0000002c   Code   RO          806    i.div               calc.o
    0x08001930   0x00000028   Code   RO          728    i.duplicate         stack.o
    0x08001958   0x00000018   Code   RO          574    i.fputc             retarget.o
    0x08001970   0x00000014   Code   RO          729    i.getCurrentStack   stack.o
    0x08001984   0x00000098   Code   RO          840    i.info              run.o
    0x08001a1c   0x0000000a   Code   RO          681    i.main              main.o
    0x08001a26   0x00000002   PAD
    0x08001a28   0x00000028   Code   RO          807    i.mul               calc.o
    0x08001a50   0x00000054   Code   RO          731    i.pop               stack.o
    0x08001aa4   0x00000040   Code   RO          732    i.printFirst        stack.o
    0x08001ae4   0x00000050   Code   RO          733    i.printStack        stack.o
    0x08001b34   0x00000048   Code   RO          734    i.push              stack.o
    0x08001b7c   0x000001f4   Code   RO          841    i.run               run.o
    0x08001d70   0x00000020   Code   RO          735    i.setStack          stack.o
    0x08001d90   0x0000002c   Code   RO          808    i.sub               calc.o
    0x08001dbc   0x0000005c   Code   RO          736    i.swapPos           stack.o
    0x08001e18   0x00000020   Data   RO         1187    Region$$Table       anon$$obj.o


    Execution Region RW_IRAM1 (Base: 0x20000000, Size: 0x00001180, Max: 0x0000c000, ABSOLUTE)

    Base Addr    Size         Type   Attr      Idx    E Section Name        Object

    0x20000000   0x00000008   Data   RW          433    .data               ti_lib.o
    0x20000008   0x00000014   Data   RW          478    .data               system_stm32f10x.o
    0x2000001c   0x0000000c   Data   RW          575    .data               retarget.o
    0x20000028   0x00000004   Data   RW          738    .data               stack.o
    0x2000002c   0x00000004   Data   RW          809    .data               calc.o
    0x20000030   0x00000004   Data   RW          843    .data               run.o
    0x20000034   0x00000106   Zero   RW          111    .bss                tft.o
    0x2000013a   0x00000002   PAD
    0x2000013c   0x00000020   Zero   RW          737    .bss                stack.o
    0x2000015c   0x0000001e   Zero   RW          842    .bss                run.o
    0x2000017a   0x00000006   PAD
    0x20000180   0x00001000   Zero   RW          521    STACK               startup_stm32f10x_md.o


==============================================================================

Image component sizes


      Code (inc. data)   RO Data    RW Data    ZI Data      Debug   Object Name

         0          0          0          0          0       4508   assert.o
       172         20          0          4          0       1610   calc.o
      1808        142          0          0          0       1695   keypad.o
        10          0          0          0          0        379   main.o
        24          0          0         12          0       2306   retarget.o
       652         64          0          4         30       1951   run.o
       184         24          0          0          0        949   serial.o
       228         42          0          0          0      23544   sim_board_io.o
       560        166          0          4         32       4745   stack.o
        36          8        236          0       4096        792   startup_stm32f10x_md.o
       492         50          0         20          0     206521   system_stm32f10x.o
      1548         24          0          0        262      11881   tft.o
        98         12          0          8          0       2146   ti_lib.o

    ----------------------------------------------------------------------
      5820        552        268         52       4428     263027   Object Totals
         0          0         32          0          0          0   (incl. Generated)
         8          0          0          0          8          0   (incl. Padding)

    ----------------------------------------------------------------------

      Code (inc. data)   RO Data    RW Data    ZI Data      Debug   Library Member Name

         0          0          0          0          0          0   entry.o
         0          0          0          0          0          0   entry10a.o
         0          0          0          0          0          0   entry11a.o
         8          4          0          0          0          0   entry2.o
         4          0          0          0          0          0   entry5.o
         0          0          0          0          0          0   entry7b.o
         0          0          0          0          0          0   entry8b.o
         8          4          0          0          0          0   entry9a.o
        30          0          0          0          0          0   handlers.o
        36          8          0          0          0         68   init.o
         0          0          0          0          0          0   iusefp.o
        30          0          0          0          0         68   llshl.o
        32          0          0          0          0         68   llushr.o
      1204         60          0          0          0        504   printf8.o
        14          0          0          0          0         68   strlen.o
        98          0          0          0          0         92   uldiv.o
       110          0          0          0          0        168   fepilogue.o
        50          0          0          0          0         68   ffixi.o
        18          0          0          0          0         68   fflti.o

    ----------------------------------------------------------------------
      1648         76          0          0          0       1172   Library Totals
         6          0          0          0          0          0   (incl. Padding)

    ----------------------------------------------------------------------

      Code (inc. data)   RO Data    RW Data    ZI Data      Debug   Library Name

      1464         76          0          0          0        868   mc_w.l
       178          0          0          0          0        304   mf_w.l

    ----------------------------------------------------------------------
      1648         76          0          0          0       1172   Library Totals

    ----------------------------------------------------------------------

==============================================================================


      Code (inc. data)   RO Data    RW Data    ZI Data      Debug   

      7468        628        268         52       4428     261231   Grand Totals
      7468        628        268         52       4428     261231   ELF Image Totals
      7468        628        268         52          0          0   ROM Totals

==============================================================================

    Total RO  Size (Code + RO Data)                 7736 (   7.55kB)
    Total RW  Size (RW Data + ZI Data)              4480 (   4.38kB)
    Total ROM Size (Code + RO Data + RW Data)       7788 (   7.61kB)

==============================================================================

