<html>
<body>
<pre>
<h1>µVision Build Log</h1>
<h2>Tool Versions:</h2>
IDE-Version: µVision V5.23.0.0
Copyright (C) 2017 ARM Ltd and ARM Germany GmbH. All rights reserved.
License Information: Janaina Kaufmann, HAW, LIC=----
 
Tool Versions:
Toolchain:       MDK-Lite  Version: 5.23
Toolchain Path:  C:\Keil_v5\ARM\ARMCC\Bin
C Compiler:      Armcc.exe V5.06 update 4 (build 422)
Assembler:       Armasm.exe V5.06 update 4 (build 422)
Linker/Locator:  ArmLink.exe V5.06 update 4 (build 422)
Library Manager: ArmAr.exe V5.06 update 4 (build 422)
Hex Converter:   FromElf.exe V5.06 update 4 (build 422)
CPU DLL:         SARMCM3.DLL V5.23
Dialog DLL:      DARMSTM.DLL V1.68.0.0
Target DLL:      UL2CM3.DLL V1.159.7.0
Dialog DLL:      TARMSTM.DLL V1.66.0.0
 
<h2>Project:</h2>
C:\TI_Labor\Keil\Keil\aufgabe2\aufgabe01GS.uvproj
Project File Date:  04/17/2018

<h2>Output:</h2>
*** Using Compiler 'V5.06 update 4 (build 422)', folder: 'C:\Keil_v5\ARM\ARMCC\Bin'
Rebuild target 'Simulation'
compiling assert.c...
compiling keypad.c...
compiling timer.c...
compiling TI_Lib.c...
compiling tft.c...
assembling startup_stm32f10x_md.s...
compiling Retarget.c...
compiling Getline.c...
compiling Serial.c...
compiling system_stm32f10x.c...
compiling SIM_Board_IO.c...
compiling main.c...
compiling steps.c...
compiling winkel.c...
winkel.c(7): warning:  #68-D: integer conversion resulted in a change of sign
  uint8_t steps = -1;
winkel.c: 1 warning, 0 errors
linking...
Program Size: Code=8158 RO-data=462 RW-data=68 ZI-data=36964  
".\Objects\aufgabe01GS.axf" - 0 Error(s), 1 Warning(s).
Build Time Elapsed:  00:00:02
</pre>
</body>
</html>
