<html>
<body>
<pre>
<h1>µVision Build Log</h1>
<h2>Tool Versions:</h2>
IDE-Version: µVision V5.24.2.0
Copyright (C) 2017 ARM Ltd and ARM Germany GmbH. All rights reserved.
License Information: Christian Ahlf HAW Hamburg Flex license: MDK-ARM Professional: 40 user(s) (mdk_pro) Support: Nov 2017
 
Tool Versions:
Toolchain:       MDK-ARM Professional: 40 user(s)  Version: 5.24.1
Toolchain Path:  C:\Keil_v5\ARM\ARMCC\Bin
C Compiler:      Armcc.exe V5.06 update 5 (build 528)
Assembler:       Armasm.exe V5.06 update 5 (build 528)
Linker/Locator:  ArmLink.exe V5.06 update 5 (build 528)
Library Manager: ArmAr.exe V5.06 update 5 (build 528)
Hex Converter:   FromElf.exe V5.06 update 5 (build 528)
CPU DLL:         SARMCM3.DLL V5.24.1
Dialog DLL:      DCM.DLL V1.16.0.0
Target DLL:      ULP2CM3.DLL V2.209.4.0
Dialog DLL:      TCM.DLL V1.32.0.0
 
<h2>Project:</h2>
Z:\TI_Labor\Keil\A1\A1.uvproj
Project File Date:  03/29/2018

<h2>Output:</h2>
*** Using Compiler 'V5.06 update 5 (build 528)', folder: 'C:\Keil_v5\ARM\ARMCC\Bin'
Rebuild target 'TI-Board'
compiling assert.c...
compiling keypad.c...
compiling timer.c...
compiling misc.c...
compiling TI_Lib.c...
compiling stm32f4xx_dma.c...
compiling tft.c...
TI_BRD_LIB\Library\tft.c(372): warning:  #550-D: variable "lenPrell"  was set but never used
  	char lenPrell;
TI_BRD_LIB\Library\tft.c: 1 warning, 0 errors
assembling startup_stm32f4xx.s...
compiling stm32f4xx_adc.c...
compiling stm32f4xx_usart.c...
compiling stm32f4xx_gpio.c...
compiling stm32f4xx_rcc.c...
compiling system_stm32f4xx.c...
compiling stack.c...
compiling Retarget.c...
compiling TI_Board_ADC.c...
compiling Usart.c...
compiling TI_Board_IO.c...
compiling main.c...
compiling calc.c...
compiling run.c...
linking...
Program Size: Code=10856 RO-data=424 RW-data=68 ZI-data=4956  
".\Objects\basis3.axf" - 0 Error(s), 1 Warning(s).
Build Time Elapsed:  00:00:04
</pre>
</body>
</html>
