<html>
<body>
<pre>
<h1>µVision Build Log</h1>
<h2>Tool Versions:</h2>
IDE-Version: µVision V5.23.0.0
Copyright (C) 2017 ARM Ltd and ARM Germany GmbH. All rights reserved.
License Information: Sahin Tekes, HAW, LIC=----
 
Tool Versions:
Toolchain:       MDK-Lite  Version: 5.23
Toolchain Path:  C:\Keil_v5\ARM\ARMCC\Bin
C Compiler:      Armcc.exe V5.06 update 4 (build 422)
Assembler:       Armasm.exe V5.06 update 4 (build 422)
Linker/Locator:  ArmLink.exe V5.06 update 4 (build 422)
Library Manager: ArmAr.exe V5.06 update 4 (build 422)
Hex Converter:   FromElf.exe V5.06 update 4 (build 422)
CPU DLL:         SARMCM3.DLL V5.23
Dialog DLL:      DARMSTM.DLL V1.68.0.0
Target DLL:      UL2CM3.DLL V1.159.7.0
Dialog DLL:      TARMSTM.DLL V1.66.0.0
 
<h2>Project:</h2>
C:\TI_Labor\Keil\A1\A1.uvproj
Project File Date:  03/28/2018

<h2>Output:</h2>
*** Using Compiler 'V5.06 update 4 (build 422)', folder: 'C:\Keil_v5\ARM\ARMCC\Bin'
Rebuild target 'Simulation'
compiling assert.c...
compiling keypad.c...
compiling timer.c...
compiling TI_Lib.c...
assembling startup_stm32f10x_md.s...
compiling tft.c...
TI_BRD_LIB\Library\tft.c(372): warning:  #550-D: variable "lenPrell"  was set but never used
  	char lenPrell;
TI_BRD_LIB\Library\tft.c: 1 warning, 0 errors
compiling system_stm32f10x.c...
compiling Retarget.c...
compiling Getline.c...
compiling stack.c...
compiling Serial.c...
compiling SIM_Board_IO.c...
compiling calc.c...
compiling main.c...
compiling run.c...
linking...
Program Size: Code=7412 RO-data=268 RW-data=52 ZI-data=4412  
".\Objects\basis3.axf" - 0 Error(s), 1 Warning(s).
Build Time Elapsed:  00:00:03
</pre>
</body>
</html>
